<?xml version="1.0"?>
<link_info>
   <banner>TI ARM Linker PC v16.6.0.STS</banner>
   <copyright>Copyright (c) 1996-2015 Texas Instruments Incorporated</copyright>
   <link_time>0x57b0f415</link_time>
   <link_errors>0x0</link_errors>
   <output_file>RTOStest1.out</output_file>
   <entry_point>
      <name>_c_int00</name>
      <address>0x6b89</address>
   </entry_point>
   <input_file_list>
      <input_file id="fl-2">
         <path>.\</path>
         <kind>object</kind>
         <file>ADC_interface.obj</file>
         <name>ADC_interface.obj</name>
      </input_file>
      <input_file id="fl-3">
         <path>.\</path>
         <kind>object</kind>
         <file>PWM_module.obj</file>
         <name>PWM_module.obj</name>
      </input_file>
      <input_file id="fl-4">
         <path>.\</path>
         <kind>object</kind>
         <file>button_data.obj</file>
         <name>button_data.obj</name>
      </input_file>
      <input_file id="fl-5">
         <path>.\</path>
         <kind>object</kind>
         <file>data_process.obj</file>
         <name>data_process.obj</name>
      </input_file>
      <input_file id="fl-6">
         <path>.\</path>
         <kind>object</kind>
         <file>display.obj</file>
         <name>display.obj</name>
      </input_file>
      <input_file id="fl-7">
         <path>.\</path>
         <kind>object</kind>
         <file>init.obj</file>
         <name>init.obj</name>
      </input_file>
      <input_file id="fl-8">
         <path>.\</path>
         <kind>object</kind>
         <file>int_module.obj</file>
         <name>int_module.obj</name>
      </input_file>
      <input_file id="fl-9">
         <path>.\</path>
         <kind>object</kind>
         <file>list.obj</file>
         <name>list.obj</name>
      </input_file>
      <input_file id="fl-a">
         <path>.\</path>
         <kind>object</kind>
         <file>main.obj</file>
         <name>main.obj</name>
      </input_file>
      <input_file id="fl-b">
         <path>.\</path>
         <kind>object</kind>
         <file>queue.obj</file>
         <name>queue.obj</name>
      </input_file>
      <input_file id="fl-c">
         <path>.\</path>
         <kind>object</kind>
         <file>rit128x96x4.obj</file>
         <name>rit128x96x4.obj</name>
      </input_file>
      <input_file id="fl-d">
         <path>.\</path>
         <kind>object</kind>
         <file>speed.obj</file>
         <name>speed.obj</name>
      </input_file>
      <input_file id="fl-e">
         <path>.\</path>
         <kind>object</kind>
         <file>startup_ccs.obj</file>
         <name>startup_ccs.obj</name>
      </input_file>
      <input_file id="fl-f">
         <path>.\</path>
         <kind>object</kind>
         <file>tasks.obj</file>
         <name>tasks.obj</name>
      </input_file>
      <input_file id="fl-10">
         <path>.\demo_code\</path>
         <kind>object</kind>
         <file>basic_io.obj</file>
         <name>basic_io.obj</name>
      </input_file>
      <input_file id="fl-11">
         <path>.\portable\</path>
         <kind>object</kind>
         <file>heap_2.obj</file>
         <name>heap_2.obj</name>
      </input_file>
      <input_file id="fl-12">
         <path>.\portable\</path>
         <kind>object</kind>
         <file>port.obj</file>
         <name>port.obj</name>
      </input_file>
      <input_file id="fl-13">
         <path>.\portable\</path>
         <kind>object</kind>
         <file>portasm.obj</file>
         <name>portasm.obj</name>
      </input_file>
      <input_file id="fl-ce">
         <path>C:\ti\ccsv6\tools\compiler\ti-cgt-arm_16.6.0.STS\lib\</path>
         <kind>archive</kind>
         <file>rtsv7M3_T_le_eabi.lib</file>
         <name>atof.obj</name>
      </input_file>
      <input_file id="fl-cf">
         <path>C:\ti\ccsv6\tools\compiler\ti-cgt-arm_16.6.0.STS\lib\</path>
         <kind>archive</kind>
         <file>rtsv7M3_T_le_eabi.lib</file>
         <name>atoi.obj</name>
      </input_file>
      <input_file id="fl-d0">
         <path>C:\ti\ccsv6\tools\compiler\ti-cgt-arm_16.6.0.STS\lib\</path>
         <kind>archive</kind>
         <file>rtsv7M3_T_le_eabi.lib</file>
         <name>atol.obj</name>
      </input_file>
      <input_file id="fl-d1">
         <path>C:\ti\ccsv6\tools\compiler\ti-cgt-arm_16.6.0.STS\lib\</path>
         <kind>archive</kind>
         <file>rtsv7M3_T_le_eabi.lib</file>
         <name>boot.obj</name>
      </input_file>
      <input_file id="fl-d2">
         <path>C:\ti\ccsv6\tools\compiler\ti-cgt-arm_16.6.0.STS\lib\</path>
         <kind>archive</kind>
         <file>rtsv7M3_T_le_eabi.lib</file>
         <name>copy_decompress_lzss.obj</name>
      </input_file>
      <input_file id="fl-d3">
         <path>C:\ti\ccsv6\tools\compiler\ti-cgt-arm_16.6.0.STS\lib\</path>
         <kind>archive</kind>
         <file>rtsv7M3_T_le_eabi.lib</file>
         <name>copy_decompress_none.obj</name>
      </input_file>
      <input_file id="fl-d4">
         <path>C:\ti\ccsv6\tools\compiler\ti-cgt-arm_16.6.0.STS\lib\</path>
         <kind>archive</kind>
         <file>rtsv7M3_T_le_eabi.lib</file>
         <name>copy_zero_init.obj</name>
      </input_file>
      <input_file id="fl-d5">
         <path>C:\ti\ccsv6\tools\compiler\ti-cgt-arm_16.6.0.STS\lib\</path>
         <kind>archive</kind>
         <file>rtsv7M3_T_le_eabi.lib</file>
         <name>ctype.obj</name>
      </input_file>
      <input_file id="fl-d6">
         <path>C:\ti\ccsv6\tools\compiler\ti-cgt-arm_16.6.0.STS\lib\</path>
         <kind>archive</kind>
         <file>rtsv7M3_T_le_eabi.lib</file>
         <name>defs.obj</name>
      </input_file>
      <input_file id="fl-d7">
         <path>C:\ti\ccsv6\tools\compiler\ti-cgt-arm_16.6.0.STS\lib\</path>
         <kind>archive</kind>
         <file>rtsv7M3_T_le_eabi.lib</file>
         <name>e_fmod.obj</name>
      </input_file>
      <input_file id="fl-d8">
         <path>C:\ti\ccsv6\tools\compiler\ti-cgt-arm_16.6.0.STS\lib\</path>
         <kind>archive</kind>
         <file>rtsv7M3_T_le_eabi.lib</file>
         <name>exit.obj</name>
      </input_file>
      <input_file id="fl-d9">
         <path>C:\ti\ccsv6\tools\compiler\ti-cgt-arm_16.6.0.STS\lib\</path>
         <kind>archive</kind>
         <file>rtsv7M3_T_le_eabi.lib</file>
         <name>fd_div_t2.obj</name>
      </input_file>
      <input_file id="fl-da">
         <path>C:\ti\ccsv6\tools\compiler\ti-cgt-arm_16.6.0.STS\lib\</path>
         <kind>archive</kind>
         <file>rtsv7M3_T_le_eabi.lib</file>
         <name>fd_mul_t2.obj</name>
      </input_file>
      <input_file id="fl-db">
         <path>C:\ti\ccsv6\tools\compiler\ti-cgt-arm_16.6.0.STS\lib\</path>
         <kind>archive</kind>
         <file>rtsv7M3_T_le_eabi.lib</file>
         <name>fd_tos_t2.obj</name>
      </input_file>
      <input_file id="fl-dc">
         <path>C:\ti\ccsv6\tools\compiler\ti-cgt-arm_16.6.0.STS\lib\</path>
         <kind>archive</kind>
         <file>rtsv7M3_T_le_eabi.lib</file>
         <name>fd_tou_t2.obj</name>
      </input_file>
      <input_file id="fl-dd">
         <path>C:\ti\ccsv6\tools\compiler\ti-cgt-arm_16.6.0.STS\lib\</path>
         <kind>archive</kind>
         <file>rtsv7M3_T_le_eabi.lib</file>
         <name>fflush.obj</name>
      </input_file>
      <input_file id="fl-de">
         <path>C:\ti\ccsv6\tools\compiler\ti-cgt-arm_16.6.0.STS\lib\</path>
         <kind>archive</kind>
         <file>rtsv7M3_T_le_eabi.lib</file>
         <name>fs_add_t2.obj</name>
      </input_file>
      <input_file id="fl-df">
         <path>C:\ti\ccsv6\tools\compiler\ti-cgt-arm_16.6.0.STS\lib\</path>
         <kind>archive</kind>
         <file>rtsv7M3_T_le_eabi.lib</file>
         <name>fs_cmp_t2.obj</name>
      </input_file>
      <input_file id="fl-e0">
         <path>C:\ti\ccsv6\tools\compiler\ti-cgt-arm_16.6.0.STS\lib\</path>
         <kind>archive</kind>
         <file>rtsv7M3_T_le_eabi.lib</file>
         <name>fs_div_t2.obj</name>
      </input_file>
      <input_file id="fl-e1">
         <path>C:\ti\ccsv6\tools\compiler\ti-cgt-arm_16.6.0.STS\lib\</path>
         <kind>archive</kind>
         <file>rtsv7M3_T_le_eabi.lib</file>
         <name>fs_mul_t2.obj</name>
      </input_file>
      <input_file id="fl-e2">
         <path>C:\ti\ccsv6\tools\compiler\ti-cgt-arm_16.6.0.STS\lib\</path>
         <kind>archive</kind>
         <file>rtsv7M3_T_le_eabi.lib</file>
         <name>fs_tod_t2.obj</name>
      </input_file>
      <input_file id="fl-e3">
         <path>C:\ti\ccsv6\tools\compiler\ti-cgt-arm_16.6.0.STS\lib\</path>
         <kind>archive</kind>
         <file>rtsv7M3_T_le_eabi.lib</file>
         <name>fs_toi_t2.obj</name>
      </input_file>
      <input_file id="fl-e4">
         <path>C:\ti\ccsv6\tools\compiler\ti-cgt-arm_16.6.0.STS\lib\</path>
         <kind>archive</kind>
         <file>rtsv7M3_T_le_eabi.lib</file>
         <name>fs_tou_t2.obj</name>
      </input_file>
      <input_file id="fl-e5">
         <path>C:\ti\ccsv6\tools\compiler\ti-cgt-arm_16.6.0.STS\lib\</path>
         <kind>archive</kind>
         <file>rtsv7M3_T_le_eabi.lib</file>
         <name>i_tofs_t2.obj</name>
      </input_file>
      <input_file id="fl-e6">
         <path>C:\ti\ccsv6\tools\compiler\ti-cgt-arm_16.6.0.STS\lib\</path>
         <kind>archive</kind>
         <file>rtsv7M3_T_le_eabi.lib</file>
         <name>lowlev.obj</name>
      </input_file>
      <input_file id="fl-e7">
         <path>C:\ti\ccsv6\tools\compiler\ti-cgt-arm_16.6.0.STS\lib\</path>
         <kind>archive</kind>
         <file>rtsv7M3_T_le_eabi.lib</file>
         <name>memcmp.obj</name>
      </input_file>
      <input_file id="fl-e8">
         <path>C:\ti\ccsv6\tools\compiler\ti-cgt-arm_16.6.0.STS\lib\</path>
         <kind>archive</kind>
         <file>rtsv7M3_T_le_eabi.lib</file>
         <name>memcpy_t2.obj</name>
      </input_file>
      <input_file id="fl-e9">
         <path>C:\ti\ccsv6\tools\compiler\ti-cgt-arm_16.6.0.STS\lib\</path>
         <kind>archive</kind>
         <file>rtsv7M3_T_le_eabi.lib</file>
         <name>memory.obj</name>
      </input_file>
      <input_file id="fl-ea">
         <path>C:\ti\ccsv6\tools\compiler\ti-cgt-arm_16.6.0.STS\lib\</path>
         <kind>archive</kind>
         <file>rtsv7M3_T_le_eabi.lib</file>
         <name>memset_t2.obj</name>
      </input_file>
      <input_file id="fl-eb">
         <path>C:\ti\ccsv6\tools\compiler\ti-cgt-arm_16.6.0.STS\lib\</path>
         <kind>archive</kind>
         <file>rtsv7M3_T_le_eabi.lib</file>
         <name>mpu_init.obj</name>
      </input_file>
      <input_file id="fl-ec">
         <path>C:\ti\ccsv6\tools\compiler\ti-cgt-arm_16.6.0.STS\lib\</path>
         <kind>archive</kind>
         <file>rtsv7M3_T_le_eabi.lib</file>
         <name>pre_init.obj</name>
      </input_file>
      <input_file id="fl-ed">
         <path>C:\ti\ccsv6\tools\compiler\ti-cgt-arm_16.6.0.STS\lib\</path>
         <kind>archive</kind>
         <file>rtsv7M3_T_le_eabi.lib</file>
         <name>printf.obj</name>
      </input_file>
      <input_file id="fl-ee">
         <path>C:\ti\ccsv6\tools\compiler\ti-cgt-arm_16.6.0.STS\lib\</path>
         <kind>archive</kind>
         <file>rtsv7M3_T_le_eabi.lib</file>
         <name>sprintf.obj</name>
      </input_file>
      <input_file id="fl-ef">
         <path>C:\ti\ccsv6\tools\compiler\ti-cgt-arm_16.6.0.STS\lib\</path>
         <kind>archive</kind>
         <file>rtsv7M3_T_le_eabi.lib</file>
         <name>stkdepth_vars.obj</name>
      </input_file>
      <input_file id="fl-f0">
         <path>C:\ti\ccsv6\tools\compiler\ti-cgt-arm_16.6.0.STS\lib\</path>
         <kind>archive</kind>
         <file>rtsv7M3_T_le_eabi.lib</file>
         <name>strchr.obj</name>
      </input_file>
      <input_file id="fl-f1">
         <path>C:\ti\ccsv6\tools\compiler\ti-cgt-arm_16.6.0.STS\lib\</path>
         <kind>archive</kind>
         <file>rtsv7M3_T_le_eabi.lib</file>
         <name>strcmp.obj</name>
      </input_file>
      <input_file id="fl-f2">
         <path>C:\ti\ccsv6\tools\compiler\ti-cgt-arm_16.6.0.STS\lib\</path>
         <kind>archive</kind>
         <file>rtsv7M3_T_le_eabi.lib</file>
         <name>strcpy.obj</name>
      </input_file>
      <input_file id="fl-f3">
         <path>C:\ti\ccsv6\tools\compiler\ti-cgt-arm_16.6.0.STS\lib\</path>
         <kind>archive</kind>
         <file>rtsv7M3_T_le_eabi.lib</file>
         <name>strncpy.obj</name>
      </input_file>
      <input_file id="fl-f4">
         <path>C:\ti\ccsv6\tools\compiler\ti-cgt-arm_16.6.0.STS\lib\</path>
         <kind>archive</kind>
         <file>rtsv7M3_T_le_eabi.lib</file>
         <name>strstr.obj</name>
      </input_file>
      <input_file id="fl-f5">
         <path>C:\ti\ccsv6\tools\compiler\ti-cgt-arm_16.6.0.STS\lib\</path>
         <kind>archive</kind>
         <file>rtsv7M3_T_le_eabi.lib</file>
         <name>strtod.obj</name>
      </input_file>
      <input_file id="fl-f6">
         <path>C:\ti\ccsv6\tools\compiler\ti-cgt-arm_16.6.0.STS\lib\</path>
         <kind>archive</kind>
         <file>rtsv7M3_T_le_eabi.lib</file>
         <name>trgdrv.obj</name>
      </input_file>
      <input_file id="fl-f7">
         <path>C:\ti\ccsv6\tools\compiler\ti-cgt-arm_16.6.0.STS\lib\</path>
         <kind>archive</kind>
         <file>rtsv7M3_T_le_eabi.lib</file>
         <name>trgmsg.obj</name>
      </input_file>
      <input_file id="fl-f8">
         <path>C:\ti\ccsv6\tools\compiler\ti-cgt-arm_16.6.0.STS\lib\</path>
         <kind>archive</kind>
         <file>rtsv7M3_T_le_eabi.lib</file>
         <name>u_tofd_t2.obj</name>
      </input_file>
      <input_file id="fl-f9">
         <path>C:\ti\ccsv6\tools\compiler\ti-cgt-arm_16.6.0.STS\lib\</path>
         <kind>archive</kind>
         <file>rtsv7M3_T_le_eabi.lib</file>
         <name>_lock.obj</name>
      </input_file>
      <input_file id="fl-fa">
         <path>C:\ti\ccsv6\tools\compiler\ti-cgt-arm_16.6.0.STS\lib\</path>
         <kind>archive</kind>
         <file>rtsv7M3_T_le_eabi.lib</file>
         <name>_printfi.obj</name>
      </input_file>
      <input_file id="fl-fb">
         <path>C:\ti\ccsv6\tools\compiler\ti-cgt-arm_16.6.0.STS\lib\</path>
         <kind>archive</kind>
         <file>rtsv7M3_T_le_eabi.lib</file>
         <name>args_main.obj</name>
      </input_file>
      <input_file id="fl-fc">
         <path>C:\ti\ccsv6\tools\compiler\ti-cgt-arm_16.6.0.STS\lib\</path>
         <kind>archive</kind>
         <file>rtsv7M3_T_le_eabi.lib</file>
         <name>autoinit.obj</name>
      </input_file>
      <input_file id="fl-fd">
         <path>C:\ti\ccsv6\tools\compiler\ti-cgt-arm_16.6.0.STS\lib\</path>
         <kind>archive</kind>
         <file>rtsv7M3_T_le_eabi.lib</file>
         <name>cpy_tbl.obj</name>
      </input_file>
      <input_file id="fl-fe">
         <path>C:\ti\ccsv6\tools\compiler\ti-cgt-arm_16.6.0.STS\lib\</path>
         <kind>archive</kind>
         <file>rtsv7M3_T_le_eabi.lib</file>
         <name>errno.obj</name>
      </input_file>
      <input_file id="fl-ff">
         <path>C:\ti\ccsv6\tools\compiler\ti-cgt-arm_16.6.0.STS\lib\</path>
         <kind>archive</kind>
         <file>rtsv7M3_T_le_eabi.lib</file>
         <name>fd_add_t2.obj</name>
      </input_file>
      <input_file id="fl-100">
         <path>C:\ti\ccsv6\tools\compiler\ti-cgt-arm_16.6.0.STS\lib\</path>
         <kind>archive</kind>
         <file>rtsv7M3_T_le_eabi.lib</file>
         <name>fd_cmp_t2.obj</name>
      </input_file>
      <input_file id="fl-101">
         <path>C:\ti\ccsv6\tools\compiler\ti-cgt-arm_16.6.0.STS\lib\</path>
         <kind>archive</kind>
         <file>rtsv7M3_T_le_eabi.lib</file>
         <name>fd_toi_t2.obj</name>
      </input_file>
      <input_file id="fl-102">
         <path>C:\ti\ccsv6\tools\compiler\ti-cgt-arm_16.6.0.STS\lib\</path>
         <kind>archive</kind>
         <file>rtsv7M3_T_le_eabi.lib</file>
         <name>fputc.obj</name>
      </input_file>
      <input_file id="fl-103">
         <path>C:\ti\ccsv6\tools\compiler\ti-cgt-arm_16.6.0.STS\lib\</path>
         <kind>archive</kind>
         <file>rtsv7M3_T_le_eabi.lib</file>
         <name>fputs.obj</name>
      </input_file>
      <input_file id="fl-104">
         <path>C:\ti\ccsv6\tools\compiler\ti-cgt-arm_16.6.0.STS\lib\</path>
         <kind>archive</kind>
         <file>rtsv7M3_T_le_eabi.lib</file>
         <name>i_tofd_t2.obj</name>
      </input_file>
      <input_file id="fl-105">
         <path>C:\ti\ccsv6\tools\compiler\ti-cgt-arm_16.6.0.STS\lib\</path>
         <kind>archive</kind>
         <file>rtsv7M3_T_le_eabi.lib</file>
         <name>ltoa.obj</name>
      </input_file>
      <input_file id="fl-106">
         <path>C:\ti\ccsv6\tools\compiler\ti-cgt-arm_16.6.0.STS\lib\</path>
         <kind>archive</kind>
         <file>rtsv7M3_T_le_eabi.lib</file>
         <name>memccpy.obj</name>
      </input_file>
      <input_file id="fl-107">
         <path>C:\ti\ccsv6\tools\compiler\ti-cgt-arm_16.6.0.STS\lib\</path>
         <kind>archive</kind>
         <file>rtsv7M3_T_le_eabi.lib</file>
         <name>memchr.obj</name>
      </input_file>
      <input_file id="fl-108">
         <path>C:\ti\ccsv6\tools\compiler\ti-cgt-arm_16.6.0.STS\lib\</path>
         <kind>archive</kind>
         <file>rtsv7M3_T_le_eabi.lib</file>
         <name>s_frexp.obj</name>
      </input_file>
      <input_file id="fl-109">
         <path>C:\ti\ccsv6\tools\compiler\ti-cgt-arm_16.6.0.STS\lib\</path>
         <kind>archive</kind>
         <file>rtsv7M3_T_le_eabi.lib</file>
         <name>s_scalbn.obj</name>
      </input_file>
      <input_file id="fl-10a">
         <path>C:\ti\ccsv6\tools\compiler\ti-cgt-arm_16.6.0.STS\lib\</path>
         <kind>archive</kind>
         <file>rtsv7M3_T_le_eabi.lib</file>
         <name>startup.obj</name>
      </input_file>
      <input_file id="fl-10b">
         <path>C:\ti\ccsv6\tools\compiler\ti-cgt-arm_16.6.0.STS\lib\</path>
         <kind>archive</kind>
         <file>rtsv7M3_T_le_eabi.lib</file>
         <name>strlen.obj</name>
      </input_file>
      <input_file id="fl-10c">
         <path>C:\ti\ccsv6\tools\compiler\ti-cgt-arm_16.6.0.STS\lib\</path>
         <kind>archive</kind>
         <file>rtsv7M3_T_le_eabi.lib</file>
         <name>ull_div_t2.obj</name>
      </input_file>
      <input_file id="fl-10d">
         <path>C:\ti\ccsv6\tools\compiler\ti-cgt-arm_16.6.0.STS\lib\</path>
         <kind>archive</kind>
         <file>rtsv7M3_T_le_eabi.lib</file>
         <name>_io_perm.obj</name>
      </input_file>
      <input_file id="fl-10e">
         <path>C:\ti\ccsv6\tools\compiler\ti-cgt-arm_16.6.0.STS\lib\</path>
         <kind>archive</kind>
         <file>rtsv7M3_T_le_eabi.lib</file>
         <name>fseek.obj</name>
      </input_file>
      <input_file id="fl-10f">
         <path>C:\ti\ccsv6\tools\compiler\ti-cgt-arm_16.6.0.STS\lib\</path>
         <kind>archive</kind>
         <file>rtsv7M3_T_le_eabi.lib</file>
         <name>s_copysign.obj</name>
      </input_file>
      <input_file id="fl-110">
         <path>C:\ti\ccsv6\tools\compiler\ti-cgt-arm_16.6.0.STS\lib\</path>
         <kind>archive</kind>
         <file>rtsv7M3_T_le_eabi.lib</file>
         <name>setvbuf.obj</name>
      </input_file>
      <input_file id="fl-111">
         <path>C:\ti\ccsv6\tools\compiler\ti-cgt-arm_16.6.0.STS\lib\</path>
         <kind>archive</kind>
         <file>rtsv7M3_T_le_eabi.lib</file>
         <name>fopen.obj</name>
      </input_file>
      <input_file id="fl-112">
         <path>C:\ti\ccsv6\tools\compiler\ti-cgt-arm_16.6.0.STS\lib\</path>
         <kind>archive</kind>
         <file>rtsv7M3_T_le_eabi.lib</file>
         <name>fclose.obj</name>
      </input_file>
      <input_file id="fl-113">
         <path>C:\ti\ccsv6\tools\compiler\ti-cgt-arm_16.6.0.STS\lib\</path>
         <kind>archive</kind>
         <file>rtsv7M3_T_le_eabi.lib</file>
         <name>remove.obj</name>
      </input_file>
      <input_file id="fl-114">
         <path>C:\ti\StellarisWare\driverlib\ccs-cm3\Debug\</path>
         <kind>archive</kind>
         <file>driverlib-cm3.lib</file>
         <name>uart.obj</name>
      </input_file>
      <input_file id="fl-115">
         <path>C:\ti\StellarisWare\driverlib\ccs-cm3\Debug\</path>
         <kind>archive</kind>
         <file>driverlib-cm3.lib</file>
         <name>timer.obj</name>
      </input_file>
      <input_file id="fl-116">
         <path>C:\ti\StellarisWare\driverlib\ccs-cm3\Debug\</path>
         <kind>archive</kind>
         <file>driverlib-cm3.lib</file>
         <name>sysctl.obj</name>
      </input_file>
      <input_file id="fl-117">
         <path>C:\ti\StellarisWare\driverlib\ccs-cm3\Debug\</path>
         <kind>archive</kind>
         <file>driverlib-cm3.lib</file>
         <name>ssi.obj</name>
      </input_file>
      <input_file id="fl-118">
         <path>C:\ti\StellarisWare\driverlib\ccs-cm3\Debug\</path>
         <kind>archive</kind>
         <file>driverlib-cm3.lib</file>
         <name>pwm.obj</name>
      </input_file>
      <input_file id="fl-119">
         <path>C:\ti\StellarisWare\driverlib\ccs-cm3\Debug\</path>
         <kind>archive</kind>
         <file>driverlib-cm3.lib</file>
         <name>interrupt.obj</name>
      </input_file>
      <input_file id="fl-11a">
         <path>C:\ti\StellarisWare\driverlib\ccs-cm3\Debug\</path>
         <kind>archive</kind>
         <file>driverlib-cm3.lib</file>
         <name>gpio.obj</name>
      </input_file>
      <input_file id="fl-11b">
         <path>C:\ti\StellarisWare\driverlib\ccs-cm3\Debug\</path>
         <kind>archive</kind>
         <file>driverlib-cm3.lib</file>
         <name>cpu.obj</name>
      </input_file>
      <input_file id="fl-11c">
         <path>C:\ti\StellarisWare\driverlib\ccs-cm3\Debug\</path>
         <kind>archive</kind>
         <file>driverlib-cm3.lib</file>
         <name>adc.obj</name>
      </input_file>
   </input_file_list>
   <object_component_list>
      <object_component id="oc-e">
         <name>.intvecs</name>
         <load_address>0x0</load_address>
         <run_address>0x0</run_address>
         <size>0xf0</size>
         <input_file_ref idref="fl-e"/>
      </object_component>
      <object_component id="oc-427">
         <name>.text</name>
         <load_address>0xf0</load_address>
         <run_address>0xf0</run_address>
         <size>0x1102</size>
         <input_file_ref idref="fl-fa"/>
      </object_component>
      <object_component id="oc-6a">
         <name>.text</name>
         <load_address>0x11f2</load_address>
         <run_address>0x11f2</run_address>
         <size>0x2</size>
         <input_file_ref idref="fl-eb"/>
      </object_component>
      <object_component id="oc-94">
         <name>.text</name>
         <load_address>0x11f4</load_address>
         <run_address>0x11f4</run_address>
         <size>0xc74</size>
         <input_file_ref idref="fl-f"/>
      </object_component>
      <object_component id="oc-1b3">
         <name>.text</name>
         <load_address>0x1e68</load_address>
         <run_address>0x1e68</run_address>
         <size>0x93c</size>
         <input_file_ref idref="fl-5"/>
      </object_component>
      <object_component id="oc-1e4">
         <name>.text</name>
         <load_address>0x27a4</load_address>
         <run_address>0x27a4</run_address>
         <size>0x6a2</size>
         <input_file_ref idref="fl-6"/>
      </object_component>
      <object_component id="oc-ad">
         <name>.text</name>
         <load_address>0x2e46</load_address>
         <run_address>0x2e46</run_address>
         <size>0x614</size>
         <input_file_ref idref="fl-b"/>
      </object_component>
      <object_component id="oc-f1">
         <name>.text</name>
         <load_address>0x345a</load_address>
         <run_address>0x345a</run_address>
         <size>0x2</size>
         <input_file_ref idref="fl-10a"/>
      </object_component>
      <object_component id="oc-f9">
         <name>.text</name>
         <load_address>0x345c</load_address>
         <run_address>0x345c</run_address>
         <size>0x604</size>
         <input_file_ref idref="fl-a"/>
      </object_component>
      <object_component id="oc-26f">
         <name>.text</name>
         <load_address>0x3a60</load_address>
         <run_address>0x3a60</run_address>
         <size>0x510</size>
         <input_file_ref idref="fl-c"/>
      </object_component>
      <object_component id="oc-2d3">
         <name>.text</name>
         <load_address>0x3f70</load_address>
         <run_address>0x3f70</run_address>
         <size>0x3cc</size>
         <input_file_ref idref="fl-e9"/>
      </object_component>
      <object_component id="oc-1a5">
         <name>.text</name>
         <load_address>0x433c</load_address>
         <run_address>0x433c</run_address>
         <size>0x3ac</size>
         <input_file_ref idref="fl-7"/>
      </object_component>
      <object_component id="oc-3fa">
         <name>.text</name>
         <load_address>0x46e8</load_address>
         <run_address>0x46e8</run_address>
         <size>0x23c</size>
         <input_file_ref idref="fl-f5"/>
      </object_component>
      <object_component id="oc-2fc">
         <name>.text</name>
         <load_address>0x4924</load_address>
         <run_address>0x4924</run_address>
         <size>0x224</size>
         <input_file_ref idref="fl-d7"/>
      </object_component>
      <object_component id="oc-489">
         <name>.text</name>
         <load_address>0x4b48</load_address>
         <run_address>0x4b48</run_address>
         <size>0x1f4</size>
         <input_file_ref idref="fl-10c"/>
      </object_component>
      <object_component id="oc-1d6">
         <name>.text:SysCtlClockGet</name>
         <load_address>0x4d3c</load_address>
         <run_address>0x4d3c</run_address>
         <size>0x1d8</size>
         <input_file_ref idref="fl-116"/>
      </object_component>
      <object_component id="oc-13d">
         <name>.text</name>
         <load_address>0x4f14</load_address>
         <run_address>0x4f14</run_address>
         <size>0x1bc</size>
         <input_file_ref idref="fl-11"/>
      </object_component>
      <object_component id="oc-467">
         <name>.text</name>
         <load_address>0x50d0</load_address>
         <run_address>0x50d0</run_address>
         <size>0x1b6</size>
         <input_file_ref idref="fl-ff"/>
      </object_component>
      <object_component id="oc-1cb">
         <name>.text</name>
         <load_address>0x5288</load_address>
         <run_address>0x5288</run_address>
         <size>0x1a8</size>
         <input_file_ref idref="fl-d"/>
      </object_component>
      <object_component id="oc-2cd">
         <name>.text</name>
         <load_address>0x5430</load_address>
         <run_address>0x5430</run_address>
         <size>0x15c</size>
         <input_file_ref idref="fl-2"/>
      </object_component>
      <object_component id="oc-1da">
         <name>.text</name>
         <load_address>0x558c</load_address>
         <run_address>0x558c</run_address>
         <size>0x14c</size>
         <input_file_ref idref="fl-3"/>
      </object_component>
      <object_component id="oc-24f">
         <name>.text:SysCtlClockSet</name>
         <load_address>0x56d8</load_address>
         <run_address>0x56d8</run_address>
         <size>0x144</size>
         <input_file_ref idref="fl-116"/>
      </object_component>
      <object_component id="oc-32b">
         <name>.text</name>
         <load_address>0x581c</load_address>
         <run_address>0x581c</run_address>
         <size>0x136</size>
         <input_file_ref idref="fl-d9"/>
      </object_component>
      <object_component id="oc-11b">
         <name>.text</name>
         <load_address>0x5952</load_address>
         <run_address>0x5952</run_address>
         <size>0x12e</size>
         <input_file_ref idref="fl-9"/>
      </object_component>
      <object_component id="oc-1c4">
         <name>.text</name>
         <load_address>0x5a80</load_address>
         <run_address>0x5a80</run_address>
         <size>0x11c</size>
         <input_file_ref idref="fl-4"/>
      </object_component>
      <object_component id="oc-302">
         <name>.text</name>
         <load_address>0x5b9c</load_address>
         <run_address>0x5b9c</run_address>
         <size>0xfc</size>
         <input_file_ref idref="fl-da"/>
      </object_component>
      <object_component id="oc-31c">
         <name>.text</name>
         <load_address>0x5c98</load_address>
         <run_address>0x5c98</run_address>
         <size>0xfa</size>
         <input_file_ref idref="fl-de"/>
      </object_component>
      <object_component id="oc-38">
         <name>.text</name>
         <load_address>0x5d94</load_address>
         <run_address>0x5d94</run_address>
         <size>0xe4</size>
         <input_file_ref idref="fl-12"/>
      </object_component>
      <object_component id="oc-4af">
         <name>.text</name>
         <load_address>0x5e78</load_address>
         <run_address>0x5e78</run_address>
         <size>0xd0</size>
         <input_file_ref idref="fl-109"/>
      </object_component>
      <object_component id="oc-257">
         <name>.text:GPIOPadConfigSet</name>
         <load_address>0x5f48</load_address>
         <run_address>0x5f48</run_address>
         <size>0xc8</size>
         <input_file_ref idref="fl-11a"/>
      </object_component>
      <object_component id="oc-3e">
         <name>.text</name>
         <load_address>0x6010</load_address>
         <run_address>0x6010</run_address>
         <size>0xb4</size>
         <input_file_ref idref="fl-8"/>
      </object_component>
      <object_component id="oc-33">
         <name>.text</name>
         <load_address>0x60c4</load_address>
         <run_address>0x60c4</run_address>
         <size>0x9c</size>
         <input_file_ref idref="fl-13"/>
      </object_component>
      <object_component id="oc-52">
         <name>.text</name>
         <load_address>0x6160</load_address>
         <run_address>0x6160</run_address>
         <size>0x9c</size>
         <input_file_ref idref="fl-e8"/>
      </object_component>
      <object_component id="oc-321">
         <name>.text</name>
         <load_address>0x61fc</load_address>
         <run_address>0x61fc</run_address>
         <size>0x92</size>
         <input_file_ref idref="fl-e0"/>
      </object_component>
      <object_component id="oc-24b">
         <name>.text:SysCtlPeripheralReset</name>
         <load_address>0x6290</load_address>
         <run_address>0x6290</run_address>
         <size>0x88</size>
         <input_file_ref idref="fl-116"/>
      </object_component>
      <object_component id="oc-46c">
         <name>.text:__aeabi_cdcmple</name>
         <load_address>0x6318</load_address>
         <run_address>0x6318</run_address>
         <size>0x86</size>
         <input_file_ref idref="fl-100"/>
      </object_component>
      <object_component id="oc-494">
         <name>.text:__aeabi_cdrcmple</name>
         <load_address>0x639e</load_address>
         <run_address>0x639e</run_address>
         <size>0x86</size>
         <input_file_ref idref="fl-100"/>
      </object_component>
      <object_component id="oc-317">
         <name>.text</name>
         <load_address>0x6424</load_address>
         <run_address>0x6424</run_address>
         <size>0x7a</size>
         <input_file_ref idref="fl-e1"/>
      </object_component>
      <object_component id="oc-5e">
         <name>.text</name>
         <load_address>0x649e</load_address>
         <run_address>0x649e</run_address>
         <size>0x7a</size>
         <input_file_ref idref="fl-ea"/>
      </object_component>
      <object_component id="oc-76">
         <name>.text</name>
         <load_address>0x6518</load_address>
         <run_address>0x6518</run_address>
         <size>0x70</size>
         <input_file_ref idref="fl-fc"/>
      </object_component>
      <object_component id="oc-2ed">
         <name>.text</name>
         <load_address>0x6588</load_address>
         <run_address>0x6588</run_address>
         <size>0x6e</size>
         <input_file_ref idref="fl-db"/>
      </object_component>
      <object_component id="oc-27d">
         <name>.text:ADCSequenceStepConfigure</name>
         <load_address>0x65f6</load_address>
         <run_address>0x65f6</run_address>
         <size>0x6c</size>
         <input_file_ref idref="fl-11c"/>
      </object_component>
      <object_component id="oc-11">
         <name>.text:decompress:lzss</name>
         <load_address>0x6662</load_address>
         <run_address>0x6662</run_address>
         <size>0x66</size>
         <input_file_ref idref="fl-d2"/>
      </object_component>
      <object_component id="oc-26b">
         <name>.text:IntEnable</name>
         <load_address>0x66c8</load_address>
         <run_address>0x66c8</run_address>
         <size>0x64</size>
         <input_file_ref idref="fl-119"/>
      </object_component>
      <object_component id="oc-346">
         <name>.text:__aeabi_cfrcmple</name>
         <load_address>0x672c</load_address>
         <run_address>0x672c</run_address>
         <size>0x60</size>
         <input_file_ref idref="fl-df"/>
      </object_component>
      <object_component id="oc-354">
         <name>.text</name>
         <load_address>0x678c</load_address>
         <run_address>0x678c</run_address>
         <size>0x60</size>
         <input_file_ref idref="fl-ee"/>
      </object_component>
      <object_component id="oc-4a9">
         <name>.text</name>
         <load_address>0x67ec</load_address>
         <run_address>0x67ec</run_address>
         <size>0x5c</size>
         <input_file_ref idref="fl-108"/>
      </object_component>
      <object_component id="oc-253">
         <name>.text:SysCtlPeripheralEnable</name>
         <load_address>0x6848</load_address>
         <run_address>0x6848</run_address>
         <size>0x58</size>
         <input_file_ref idref="fl-116"/>
      </object_component>
      <object_component id="oc-49e">
         <name>.text</name>
         <load_address>0x68a0</load_address>
         <run_address>0x68a0</run_address>
         <size>0x56</size>
         <input_file_ref idref="fl-105"/>
      </object_component>
      <object_component id="oc-82">
         <name>.text</name>
         <load_address>0x68f8</load_address>
         <run_address>0x68f8</run_address>
         <size>0x54</size>
         <input_file_ref idref="fl-d8"/>
      </object_component>
      <object_component id="oc-335">
         <name>.text</name>
         <load_address>0x694c</load_address>
         <run_address>0x694c</run_address>
         <size>0x4c</size>
         <input_file_ref idref="fl-cf"/>
      </object_component>
      <object_component id="oc-30c">
         <name>.text</name>
         <load_address>0x6998</load_address>
         <run_address>0x6998</run_address>
         <size>0x4c</size>
         <input_file_ref idref="fl-d0"/>
      </object_component>
      <object_component id="oc-eb">
         <name>.text</name>
         <load_address>0x69e4</load_address>
         <run_address>0x69e4</run_address>
         <size>0x4c</size>
         <input_file_ref idref="fl-fd"/>
      </object_component>
      <object_component id="oc-499">
         <name>.text</name>
         <load_address>0x6a30</load_address>
         <run_address>0x6a30</run_address>
         <size>0x48</size>
         <input_file_ref idref="fl-101"/>
      </object_component>
      <object_component id="oc-25f">
         <name>.text:GPIOIntTypeSet</name>
         <load_address>0x6a78</load_address>
         <run_address>0x6a78</run_address>
         <size>0x44</size>
         <input_file_ref idref="fl-11a"/>
      </object_component>
      <object_component id="oc-39e">
         <name>.text:SSIConfigSetExpClk</name>
         <load_address>0x6abc</load_address>
         <run_address>0x6abc</run_address>
         <size>0x44</size>
         <input_file_ref idref="fl-117"/>
      </object_component>
      <object_component id="oc-307">
         <name>.text</name>
         <load_address>0x6b00</load_address>
         <run_address>0x6b00</run_address>
         <size>0x44</size>
         <input_file_ref idref="fl-dc"/>
      </object_component>
      <object_component id="oc-2a9">
         <name>.text:UARTConfigSetExpClk</name>
         <load_address>0x6b44</load_address>
         <run_address>0x6b44</run_address>
         <size>0x42</size>
         <input_file_ref idref="fl-114"/>
      </object_component>
      <object_component id="oc-23">
         <name>.text</name>
         <load_address>0x6b88</load_address>
         <run_address>0x6b88</run_address>
         <size>0x40</size>
         <input_file_ref idref="fl-d1"/>
      </object_component>
      <object_component id="oc-2f7">
         <name>.text</name>
         <load_address>0x6bc8</load_address>
         <run_address>0x6bc8</run_address>
         <size>0x38</size>
         <input_file_ref idref="fl-e2"/>
      </object_component>
      <object_component id="oc-326">
         <name>.text</name>
         <load_address>0x6c00</load_address>
         <run_address>0x6c00</run_address>
         <size>0x38</size>
         <input_file_ref idref="fl-e3"/>
      </object_component>
      <object_component id="oc-312">
         <name>.text</name>
         <load_address>0x6c38</load_address>
         <run_address>0x6c38</run_address>
         <size>0x38</size>
         <input_file_ref idref="fl-e5"/>
      </object_component>
      <object_component id="oc-136">
         <name>.text</name>
         <load_address>0x6c70</load_address>
         <run_address>0x6c70</run_address>
         <size>0x36</size>
         <input_file_ref idref="fl-f3"/>
      </object_component>
      <object_component id="oc-33b">
         <name>.text</name>
         <load_address>0x6ca6</load_address>
         <run_address>0x6ca6</run_address>
         <size>0x36</size>
         <input_file_ref idref="fl-f4"/>
      </object_component>
      <object_component id="oc-2f2">
         <name>.text</name>
         <load_address>0x6cdc</load_address>
         <run_address>0x6cdc</run_address>
         <size>0x34</size>
         <input_file_ref idref="fl-e4"/>
      </object_component>
      <object_component id="oc-3ea">
         <name>.text:ADCIntStatus</name>
         <load_address>0x6d10</load_address>
         <run_address>0x6d10</run_address>
         <size>0x2e</size>
         <input_file_ref idref="fl-11c"/>
      </object_component>
      <object_component id="oc-381">
         <name>.text:GPIODirModeSet</name>
         <load_address>0x6d3e</load_address>
         <run_address>0x6d3e</run_address>
         <size>0x2e</size>
         <input_file_ref idref="fl-11a"/>
      </object_component>
      <object_component id="oc-4a4">
         <name>.text</name>
         <load_address>0x6d6c</load_address>
         <run_address>0x6d6c</run_address>
         <size>0x2e</size>
         <input_file_ref idref="fl-104"/>
      </object_component>
      <object_component id="oc-279">
         <name>.text:ADCSequenceConfigure</name>
         <load_address>0x6d9a</load_address>
         <run_address>0x6d9a</run_address>
         <size>0x2a</size>
         <input_file_ref idref="fl-11c"/>
      </object_component>
      <object_component id="oc-291">
         <name>.text:PWMGenConfigure</name>
         <load_address>0x6dc4</load_address>
         <run_address>0x6dc4</run_address>
         <size>0x28</size>
         <input_file_ref idref="fl-118"/>
      </object_component>
      <object_component id="oc-267">
         <name>.text:IntPrioritySet</name>
         <load_address>0x6dec</load_address>
         <run_address>0x6dec</run_address>
         <size>0x24</size>
         <input_file_ref idref="fl-119"/>
      </object_component>
      <object_component id="oc-2b9">
         <name>.text:TimerConfigure</name>
         <load_address>0x6e10</load_address>
         <run_address>0x6e10</run_address>
         <size>0x24</size>
         <input_file_ref idref="fl-115"/>
      </object_component>
      <object_component id="oc-130">
         <name>.text</name>
         <load_address>0x6e34</load_address>
         <run_address>0x6e34</run_address>
         <size>0x24</size>
         <input_file_ref idref="fl-e7"/>
      </object_component>
      <object_component id="oc-3ee">
         <name>.text:ADCSequenceDataGet</name>
         <load_address>0x6e58</load_address>
         <run_address>0x6e58</run_address>
         <size>0x20</size>
         <input_file_ref idref="fl-11c"/>
      </object_component>
      <object_component id="oc-330">
         <name>.text</name>
         <load_address>0x6e78</load_address>
         <run_address>0x6e78</run_address>
         <size>0x20</size>
         <input_file_ref idref="fl-f8"/>
      </object_component>
      <object_component id="oc-299">
         <name>.text:PWMPulseWidthSet</name>
         <load_address>0x6e98</load_address>
         <run_address>0x6e98</run_address>
         <size>0x1e</size>
         <input_file_ref idref="fl-118"/>
      </object_component>
      <object_component id="oc-3d1">
         <name>.text:UARTDisable</name>
         <load_address>0x6eb8</load_address>
         <run_address>0x6eb8</run_address>
         <size>0x1c</size>
         <input_file_ref idref="fl-114"/>
      </object_component>
      <object_component id="oc-4b5">
         <name>.text</name>
         <load_address>0x6ed4</load_address>
         <run_address>0x6ed4</run_address>
         <size>0x1a</size>
         <input_file_ref idref="fl-106"/>
      </object_component>
      <object_component id="oc-7c">
         <name>.text</name>
         <load_address>0x6ef0</load_address>
         <run_address>0x6ef0</run_address>
         <size>0x18</size>
         <input_file_ref idref="fl-fb"/>
      </object_component>
      <object_component id="oc-3e6">
         <name>.text:ADCProcessorTrigger</name>
         <load_address>0x6f08</load_address>
         <run_address>0x6f08</run_address>
         <size>0x16</size>
         <input_file_ref idref="fl-11c"/>
      </object_component>
      <object_component id="oc-2a1">
         <name>.text:PWMOutputState</name>
         <load_address>0x6f1e</load_address>
         <run_address>0x6f1e</run_address>
         <size>0x16</size>
         <input_file_ref idref="fl-118"/>
      </object_component>
      <object_component id="oc-2e1">
         <name>.text</name>
         <load_address>0x6f34</load_address>
         <run_address>0x6f34</run_address>
         <size>0x16</size>
         <input_file_ref idref="fl-f0"/>
      </object_component>
      <object_component id="oc-1b9">
         <name>.text</name>
         <load_address>0x6f4a</load_address>
         <run_address>0x6f4a</run_address>
         <size>0x16</size>
         <input_file_ref idref="fl-f2"/>
      </object_component>
      <object_component id="oc-295">
         <name>.text:PWMGenPeriodSet</name>
         <load_address>0x6f60</load_address>
         <run_address>0x6f60</run_address>
         <size>0x14</size>
         <input_file_ref idref="fl-118"/>
      </object_component>
      <object_component id="oc-28d">
         <name>.text:SysCtlPWMClockSet</name>
         <load_address>0x6f74</load_address>
         <run_address>0x6f74</run_address>
         <size>0x14</size>
         <input_file_ref idref="fl-116"/>
      </object_component>
      <object_component id="oc-2b5">
         <name>.text:UARTEnable</name>
         <load_address>0x6f88</load_address>
         <run_address>0x6f88</run_address>
         <size>0x14</size>
         <input_file_ref idref="fl-114"/>
      </object_component>
      <object_component id="oc-1f4">
         <name>.text</name>
         <load_address>0x6f9c</load_address>
         <run_address>0x6f9c</run_address>
         <size>0x14</size>
         <input_file_ref idref="fl-f9"/>
      </object_component>
      <object_component id="oc-48e">
         <name>.text</name>
         <load_address>0x6fb0</load_address>
         <run_address>0x6fb0</run_address>
         <size>0x14</size>
         <input_file_ref idref="fl-10b"/>
      </object_component>
      <object_component id="oc-275">
         <name>.text:GPIOPinTypeADC</name>
         <load_address>0x6fc4</load_address>
         <run_address>0x6fc4</run_address>
         <size>0x12</size>
         <input_file_ref idref="fl-11a"/>
      </object_component>
      <object_component id="oc-25b">
         <name>.text:GPIOPinTypeGPIOOutput</name>
         <load_address>0x6fd6</load_address>
         <run_address>0x6fd6</run_address>
         <size>0x12</size>
         <input_file_ref idref="fl-11a"/>
      </object_component>
      <object_component id="oc-289">
         <name>.text:GPIOPinTypePWM</name>
         <load_address>0x6fe8</load_address>
         <run_address>0x6fe8</run_address>
         <size>0x12</size>
         <input_file_ref idref="fl-11a"/>
      </object_component>
      <object_component id="oc-3a2">
         <name>.text:GPIOPinTypeSSI</name>
         <load_address>0x6ffa</load_address>
         <run_address>0x6ffa</run_address>
         <size>0x12</size>
         <input_file_ref idref="fl-11a"/>
      </object_component>
      <object_component id="oc-2a5">
         <name>.text:GPIOPinTypeUART</name>
         <load_address>0x700c</load_address>
         <run_address>0x700c</run_address>
         <size>0x12</size>
         <input_file_ref idref="fl-11a"/>
      </object_component>
      <object_component id="oc-3aa">
         <name>.text:SSIDataGetNonBlocking</name>
         <load_address>0x701e</load_address>
         <run_address>0x701e</run_address>
         <size>0x12</size>
         <input_file_ref idref="fl-117"/>
      </object_component>
      <object_component id="oc-2bd">
         <name>.text:TimerLoadSet</name>
         <load_address>0x7030</load_address>
         <run_address>0x7030</run_address>
         <size>0x12</size>
         <input_file_ref idref="fl-115"/>
      </object_component>
      <object_component id="oc-1af">
         <name>.text:UARTCharGetNonBlocking</name>
         <load_address>0x7042</load_address>
         <run_address>0x7042</run_address>
         <size>0x10</size>
         <input_file_ref idref="fl-114"/>
      </object_component>
      <object_component id="oc-281">
         <name>.text:ADCSequenceEnable</name>
         <load_address>0x7052</load_address>
         <run_address>0x7052</run_address>
         <size>0xe</size>
         <input_file_ref idref="fl-11c"/>
      </object_component>
      <object_component id="oc-2c5">
         <name>.text:TimerEnable</name>
         <load_address>0x7060</load_address>
         <run_address>0x7060</run_address>
         <size>0xe</size>
         <input_file_ref idref="fl-115"/>
      </object_component>
      <object_component id="oc-17">
         <name>.text:decompress:none</name>
         <load_address>0x706e</load_address>
         <run_address>0x706e</run_address>
         <size>0xe</size>
         <input_file_ref idref="fl-d3"/>
      </object_component>
      <object_component id="oc-3dd">
         <name>.text:CPUcpsid</name>
         <load_address>0x707c</load_address>
         <run_address>0x707c</run_address>
         <size>0xc</size>
         <input_file_ref idref="fl-11b"/>
      </object_component>
      <object_component id="oc-2db">
         <name>.text:CPUcpsie</name>
         <load_address>0x7088</load_address>
         <run_address>0x7088</run_address>
         <size>0xc</size>
         <input_file_ref idref="fl-11b"/>
      </object_component>
      <object_component id="oc-263">
         <name>.text:GPIOPinIntEnable</name>
         <load_address>0x7094</load_address>
         <run_address>0x7094</run_address>
         <size>0xc</size>
         <input_file_ref idref="fl-11a"/>
      </object_component>
      <object_component id="oc-1bf">
         <name>.text:UARTCharsAvail</name>
         <load_address>0x70a0</load_address>
         <run_address>0x70a0</run_address>
         <size>0xc</size>
         <input_file_ref idref="fl-114"/>
      </object_component>
      <object_component id="oc-1d">
         <name>.text:decompress:ZI</name>
         <load_address>0x70ac</load_address>
         <run_address>0x70ac</run_address>
         <size>0xc</size>
         <input_file_ref idref="fl-d4"/>
      </object_component>
      <object_component id="oc-2d">
         <name>.text</name>
         <load_address>0x70b8</load_address>
         <run_address>0x70b8</run_address>
         <size>0xc</size>
         <input_file_ref idref="fl-e"/>
      </object_component>
      <object_component id="oc-285">
         <name>.text:ADCIntClear</name>
         <load_address>0x70c4</load_address>
         <run_address>0x70c4</run_address>
         <size>0xa</size>
         <input_file_ref idref="fl-11c"/>
      </object_component>
      <object_component id="oc-2c9">
         <name>.text:IntMasterDisable</name>
         <load_address>0x70ce</load_address>
         <run_address>0x70ce</run_address>
         <size>0xa</size>
         <input_file_ref idref="fl-119"/>
      </object_component>
      <object_component id="oc-1ab">
         <name>.text:IntMasterEnable</name>
         <load_address>0x70d8</load_address>
         <run_address>0x70d8</run_address>
         <size>0xa</size>
         <input_file_ref idref="fl-119"/>
      </object_component>
      <object_component id="oc-29d">
         <name>.text:PWMGenEnable</name>
         <load_address>0x70e2</load_address>
         <run_address>0x70e2</run_address>
         <size>0xa</size>
         <input_file_ref idref="fl-118"/>
      </object_component>
      <object_component id="oc-393">
         <name>.text:SSIDataPut</name>
         <load_address>0x70ec</load_address>
         <run_address>0x70ec</run_address>
         <size>0xa</size>
         <input_file_ref idref="fl-117"/>
      </object_component>
      <object_component id="oc-39a">
         <name>.text:SSIDisable</name>
         <load_address>0x70f6</load_address>
         <run_address>0x70f6</run_address>
         <size>0xa</size>
         <input_file_ref idref="fl-117"/>
      </object_component>
      <object_component id="oc-3a6">
         <name>.text:SSIEnable</name>
         <load_address>0x7100</load_address>
         <run_address>0x7100</run_address>
         <size>0xa</size>
         <input_file_ref idref="fl-117"/>
      </object_component>
      <object_component id="oc-3e2">
         <name>.text:UARTCharPut</name>
         <load_address>0x710a</load_address>
         <run_address>0x710a</run_address>
         <size>0xa</size>
         <input_file_ref idref="fl-114"/>
      </object_component>
      <object_component id="oc-2b1">
         <name>.text:UARTFIFOEnable</name>
         <load_address>0x7114</load_address>
         <run_address>0x7114</run_address>
         <size>0xa</size>
         <input_file_ref idref="fl-114"/>
      </object_component>
      <object_component id="oc-a5">
         <name>.text:UARTIntStatus</name>
         <load_address>0x711e</load_address>
         <run_address>0x711e</run_address>
         <size>0xa</size>
         <input_file_ref idref="fl-114"/>
      </object_component>
      <object_component id="oc-38f">
         <name>.text:SSIBusy</name>
         <load_address>0x7128</load_address>
         <run_address>0x7128</run_address>
         <size>0x8</size>
         <input_file_ref idref="fl-117"/>
      </object_component>
      <object_component id="oc-2c1">
         <name>.text:TimerIntEnable</name>
         <load_address>0x7130</load_address>
         <run_address>0x7130</run_address>
         <size>0x8</size>
         <input_file_ref idref="fl-115"/>
      </object_component>
      <object_component id="oc-2ad">
         <name>.text:UARTIntEnable</name>
         <load_address>0x7138</load_address>
         <run_address>0x7138</run_address>
         <size>0x8</size>
         <input_file_ref idref="fl-114"/>
      </object_component>
      <object_component id="oc-4e9">
         <name>.text</name>
         <load_address>0x7140</load_address>
         <run_address>0x7140</run_address>
         <size>0x8</size>
         <input_file_ref idref="fl-10f"/>
      </object_component>
      <object_component id="oc-b3">
         <name>.text:GPIOPinIntClear</name>
         <load_address>0x7148</load_address>
         <run_address>0x7148</run_address>
         <size>0x6</size>
         <input_file_ref idref="fl-11a"/>
      </object_component>
      <object_component id="oc-b7">
         <name>.text:GPIOPinRead</name>
         <load_address>0x714e</load_address>
         <run_address>0x714e</run_address>
         <size>0x6</size>
         <input_file_ref idref="fl-11a"/>
      </object_component>
      <object_component id="oc-34f">
         <name>.text:GPIOPinWrite</name>
         <load_address>0x7154</load_address>
         <run_address>0x7154</run_address>
         <size>0x6</size>
         <input_file_ref idref="fl-11a"/>
      </object_component>
      <object_component id="oc-37d">
         <name>.text:SysCtlDelay</name>
         <load_address>0x715a</load_address>
         <run_address>0x715a</run_address>
         <size>0x6</size>
         <input_file_ref idref="fl-116"/>
      </object_component>
      <object_component id="oc-2e7">
         <name>.text</name>
         <load_address>0x7160</load_address>
         <run_address>0x7160</run_address>
         <size>0x6</size>
         <input_file_ref idref="fl-ce"/>
      </object_component>
      <object_component id="oc-bb">
         <name>.text:TimerIntClear</name>
         <load_address>0x7166</load_address>
         <run_address>0x7166</run_address>
         <size>0x4</size>
         <input_file_ref idref="fl-115"/>
      </object_component>
      <object_component id="oc-a9">
         <name>.text:UARTIntClear</name>
         <load_address>0x716a</load_address>
         <run_address>0x716a</run_address>
         <size>0x4</size>
         <input_file_ref idref="fl-114"/>
      </object_component>
      <object_component id="oc-70">
         <name>.text</name>
         <load_address>0x716e</load_address>
         <run_address>0x716e</run_address>
         <size>0x4</size>
         <input_file_ref idref="fl-ec"/>
      </object_component>
      <object_component id="oc-3b9">
         <name>.const:g_pucFont</name>
         <load_address>0x7178</load_address>
         <run_address>0x7178</run_address>
         <size>0x1e0</size>
         <input_file_ref idref="fl-c"/>
      </object_component>
      <object_component id="oc-411">
         <name>.const:.string:_ctypes_</name>
         <load_address>0x7358</load_address>
         <run_address>0x7358</run_address>
         <size>0x101</size>
         <input_file_ref idref="fl-d5"/>
      </object_component>
      <object_component id="oc-3b1">
         <name>.const:.string:pucCommand1$1</name>
         <load_address>0x7459</load_address>
         <run_address>0x7459</run_address>
         <size>0x3</size>
         <input_file_ref idref="fl-c"/>
      </object_component>
      <object_component id="oc-388">
         <name>.const:g_pulRegs</name>
         <load_address>0x745c</load_address>
         <run_address>0x745c</run_address>
         <size>0x9c</size>
         <input_file_ref idref="fl-119"/>
      </object_component>
      <object_component id="oc-471">
         <name>.const:$O1$$</name>
         <load_address>0x74f8</load_address>
         <run_address>0x74f8</run_address>
         <size>0x98</size>
         <input_file_ref idref="fl-f5"/>
      </object_component>
      <object_component id="oc-38c">
         <name>.const</name>
         <load_address>0x7590</load_address>
         <run_address>0x7590</run_address>
         <size>0x70</size>
         <input_file_ref idref="fl-119"/>
      </object_component>
      <object_component id="oc-34c">
         <name>.const:g_pulXtals</name>
         <load_address>0x7600</load_address>
         <run_address>0x7600</run_address>
         <size>0x6c</size>
         <input_file_ref idref="fl-116"/>
      </object_component>
      <object_component id="oc-3bc">
         <name>.const:.string:g_pucRIT128x96x4Init</name>
         <load_address>0x766c</load_address>
         <run_address>0x766c</run_address>
         <size>0x4f</size>
         <input_file_ref idref="fl-c"/>
      </object_component>
      <object_component id="oc-379">
         <name>.const</name>
         <load_address>0x76bc</load_address>
         <run_address>0x76bc</run_address>
         <size>0x40</size>
         <input_file_ref idref="fl-116"/>
      </object_component>
      <object_component id="oc-13c">
         <name>.const:.string:ucExpectedStackBytes$1</name>
         <load_address>0x76fc</load_address>
         <run_address>0x76fc</run_address>
         <size>0x14</size>
         <input_file_ref idref="fl-f"/>
      </object_component>
      <object_component id="oc-405">
         <name>.const:Zero</name>
         <load_address>0x7710</load_address>
         <run_address>0x7710</run_address>
         <size>0x10</size>
         <input_file_ref idref="fl-d7"/>
      </object_component>
      <object_component id="oc-3b2">
         <name>.const:.string:pucCommand2$2</name>
         <load_address>0x7720</load_address>
         <run_address>0x7720</run_address>
         <size>0x3</size>
         <input_file_ref idref="fl-c"/>
      </object_component>
      <object_component id="oc-3b3">
         <name>.const:.string:g_pucRIT128x96x4HorizontalInc</name>
         <load_address>0x7723</load_address>
         <run_address>0x7723</run_address>
         <size>0x2</size>
         <input_file_ref idref="fl-c"/>
      </object_component>
      <object_component id="oc-3b6">
         <name>.const:.string:g_pucRIT128x96x4VerticalInc</name>
         <load_address>0x7725</load_address>
         <run_address>0x7725</run_address>
         <size>0x2</size>
         <input_file_ref idref="fl-c"/>
      </object_component>
      <object_component id="oc-3bf">
         <name>.const:.string:pucCommand1$3</name>
         <load_address>0x7727</load_address>
         <run_address>0x7727</run_address>
         <size>0x2</size>
         <input_file_ref idref="fl-c"/>
      </object_component>
      <object_component id="oc-228">
         <name>.const</name>
         <load_address>0x772a</load_address>
         <run_address>0x772a</run_address>
         <size>0x2</size>
         <input_file_ref idref="fl-11"/>
      </object_component>
      <object_component id="oc-525">
         <name>.cinit..data.load</name>
         <load_address>0x7730</load_address>
         <run_address>0x7730</run_address>
         <size>0x24</size>
      </object_component>
      <object_component id="oc-523">
         <name>__TI_handler_table</name>
         <load_address>0x7754</load_address>
         <run_address>0x7754</run_address>
         <size>0xc</size>
      </object_component>
      <object_component id="oc-526">
         <name>.cinit..bss.load</name>
         <load_address>0x7760</load_address>
         <run_address>0x7760</run_address>
         <size>0x8</size>
      </object_component>
      <object_component id="oc-524">
         <name>__TI_cinit_table</name>
         <load_address>0x7768</load_address>
         <run_address>0x7768</run_address>
         <size>0x10</size>
      </object_component>
      <object_component id="oc-91">
         <name>.data</name>
         <load_address>0x200049a0</load_address>
         <run_address>0x200049a0</run_address>
         <size>0x30</size>
         <input_file_ref idref="fl-f"/>
      </object_component>
      <object_component id="oc-21c">
         <name>.data</name>
         <load_address>0x200049f0</load_address>
         <run_address>0x200049f0</run_address>
         <size>0x8</size>
         <input_file_ref idref="fl-11"/>
      </object_component>
      <object_component id="oc-9b">
         <name>.data</name>
         <load_address>0x200049f8</load_address>
         <run_address>0x200049f8</run_address>
         <size>0x4</size>
         <input_file_ref idref="fl-12"/>
      </object_component>
      <object_component id="oc-101">
         <name>.data:$O1$$</name>
         <load_address>0x200049d0</load_address>
         <run_address>0x200049d0</run_address>
         <size>0xc</size>
         <input_file_ref idref="fl-d8"/>
      </object_component>
      <object_component id="oc-3f3">
         <name>.data:$O1$$</name>
         <load_address>0x200049dc</load_address>
         <run_address>0x200049dc</run_address>
         <size>0xc</size>
         <input_file_ref idref="fl-e9"/>
      </object_component>
      <object_component id="oc-88">
         <name>.data</name>
         <load_address>0x20004a00</load_address>
         <run_address>0x20004a00</run_address>
         <size>0x4</size>
         <input_file_ref idref="fl-ef"/>
      </object_component>
      <object_component id="oc-104">
         <name>.data:$O1$$</name>
         <load_address>0x200049e8</load_address>
         <run_address>0x200049e8</run_address>
         <size>0x8</size>
         <input_file_ref idref="fl-f9"/>
      </object_component>
      <object_component id="oc-474">
         <name>.data</name>
         <load_address>0x200049fc</load_address>
         <run_address>0x200049fc</run_address>
         <size>0x4</size>
         <input_file_ref idref="fl-fe"/>
      </object_component>
      <object_component id="oc-397">
         <name>.bss</name>
         <uninitialized>true</uninitialized>
         <run_address>0x20002960</run_address>
         <size>0x4</size>
         <input_file_ref idref="fl-c"/>
      </object_component>
      <object_component id="oc-3ae">
         <name>.bss:g_pucBuffer</name>
         <uninitialized>true</uninitialized>
         <run_address>0x20002940</run_address>
         <size>0x8</size>
         <input_file_ref idref="fl-c"/>
      </object_component>
      <object_component id="oc-121">
         <name>.bss:pxReadyTasksLists</name>
         <uninitialized>true</uninitialized>
         <run_address>0x20002878</run_address>
         <size>0x64</size>
         <input_file_ref idref="fl-f"/>
      </object_component>
      <object_component id="oc-143">
         <name>.bss:xDelayedTaskList1</name>
         <uninitialized>true</uninitialized>
         <run_address>0x200028dc</run_address>
         <size>0x14</size>
         <input_file_ref idref="fl-f"/>
      </object_component>
      <object_component id="oc-146">
         <name>.bss:xDelayedTaskList2</name>
         <uninitialized>true</uninitialized>
         <run_address>0x200028f0</run_address>
         <size>0x14</size>
         <input_file_ref idref="fl-f"/>
      </object_component>
      <object_component id="oc-127">
         <name>.bss</name>
         <uninitialized>true</uninitialized>
         <run_address>0x20002948</run_address>
         <size>0x8</size>
         <input_file_ref idref="fl-f"/>
      </object_component>
      <object_component id="oc-12d">
         <name>.bss:xPendingReadyList</name>
         <uninitialized>true</uninitialized>
         <run_address>0x20002904</run_address>
         <size>0x14</size>
         <input_file_ref idref="fl-f"/>
      </object_component>
      <object_component id="oc-124">
         <name>.bss:xTasksWaitingTermination</name>
         <uninitialized>true</uninitialized>
         <run_address>0x2000292c</run_address>
         <size>0x14</size>
         <input_file_ref idref="fl-f"/>
      </object_component>
      <object_component id="oc-12a">
         <name>.bss:xSuspendedTaskList</name>
         <uninitialized>true</uninitialized>
         <run_address>0x20002918</run_address>
         <size>0x14</size>
         <input_file_ref idref="fl-f"/>
      </object_component>
      <object_component id="oc-222">
         <name>.bss:xHeap</name>
         <uninitialized>true</uninitialized>
         <run_address>0x20000000</run_address>
         <size>0x2800</size>
         <input_file_ref idref="fl-11"/>
      </object_component>
      <object_component id="oc-21f">
         <name>.bss:xStart</name>
         <uninitialized>true</uninitialized>
         <run_address>0x20002958</run_address>
         <size>0x8</size>
         <input_file_ref idref="fl-11"/>
      </object_component>
      <object_component id="oc-225">
         <name>.bss:xEnd</name>
         <uninitialized>true</uninitialized>
         <run_address>0x20002950</run_address>
         <size>0x8</size>
         <input_file_ref idref="fl-11"/>
      </object_component>
      <object_component id="oc-1d5">
         <name>.common:xUART_GPS_DATA</name>
         <uninitialized>true</uninitialized>
         <run_address>0x20002998</run_address>
         <size>0x4</size>
      </object_component>
      <object_component id="oc-1c3">
         <name>.common:xBinarySemaphoreGPS</name>
         <uninitialized>true</uninitialized>
         <run_address>0x20002970</run_address>
         <size>0x4</size>
      </object_component>
      <object_component id="oc-2d9">
         <name>.common:period</name>
         <uninitialized>true</uninitialized>
         <run_address>0x20002964</run_address>
         <size>0x4</size>
      </object_component>
      <object_component id="oc-bf">
         <name>.common:xBinarySemaphoreGPSchar</name>
         <uninitialized>true</uninitialized>
         <run_address>0x20002974</run_address>
         <size>0x4</size>
      </object_component>
      <object_component id="oc-c5">
         <name>.common:xBinarySemaphoreEncoder_1</name>
         <uninitialized>true</uninitialized>
         <run_address>0x20002968</run_address>
         <size>0x4</size>
      </object_component>
      <object_component id="oc-c4">
         <name>.common:xEncoder_raw_DATA</name>
         <uninitialized>true</uninitialized>
         <run_address>0x2000297c</run_address>
         <size>0x4</size>
      </object_component>
      <object_component id="oc-1e3">
         <name>.common:UART_char_data_old</name>
         <uninitialized>true</uninitialized>
         <run_address>0x20002800</run_address>
         <size>0x78</size>
      </object_component>
      <object_component id="oc-1ca">
         <name>.common:xBinarySemaphoreFilter</name>
         <uninitialized>true</uninitialized>
         <run_address>0x2000296c</run_address>
         <size>0x4</size>
      </object_component>
      <object_component id="oc-1d1">
         <name>.common:xQueueGPSDATA</name>
         <uninitialized>true</uninitialized>
         <run_address>0x20002990</run_address>
         <size>0x4</size>
      </object_component>
      <object_component id="oc-1d2">
         <name>.common:xQueueButtons</name>
         <uninitialized>true</uninitialized>
         <run_address>0x2000298c</run_address>
         <size>0x4</size>
      </object_component>
      <object_component id="oc-1d3">
         <name>.common:xQueueSpeed</name>
         <uninitialized>true</uninitialized>
         <run_address>0x20002994</run_address>
         <size>0x4</size>
      </object_component>
      <object_component id="oc-1d4">
         <name>.common:xQueueBuffedSpeed</name>
         <uninitialized>true</uninitialized>
         <run_address>0x20002988</run_address>
         <size>0x4</size>
      </object_component>
      <object_component id="oc-1e0">
         <name>.common:xEncoder_1</name>
         <uninitialized>true</uninitialized>
         <run_address>0x20002978</run_address>
         <size>0x4</size>
      </object_component>
      <object_component id="oc-1e1">
         <name>.common:xPWM_DATA</name>
         <uninitialized>true</uninitialized>
         <run_address>0x20002980</run_address>
         <size>0x4</size>
      </object_component>
      <object_component id="oc-1e2">
         <name>.common:xPWM_speed_DATA</name>
         <uninitialized>true</uninitialized>
         <run_address>0x20002984</run_address>
         <size>0x4</size>
      </object_component>
      <object_component id="oc-2a">
         <name>.sysmem</name>
         <uninitialized>true</uninitialized>
         <run_address>0x200039a0</run_address>
         <size>0x8</size>
         <input_file_ref idref="fl-e9"/>
      </object_component>
      <object_component id="oc-528">
         <name>.sysmem</name>
         <uninitialized>true</uninitialized>
         <run_address>0x200039a0</run_address>
         <size>0x0</size>
      </object_component>
      <object_component id="oc-29">
         <name>.stack</name>
         <uninitialized>true</uninitialized>
         <run_address>0x2000299c</run_address>
         <size>0x0</size>
         <input_file_ref idref="fl-d1"/>
      </object_component>
      <object_component id="oc-527">
         <name>.stack</name>
         <uninitialized>true</uninitialized>
         <run_address>0x2000299c</run_address>
         <size>0x0</size>
      </object_component>
      <object_component id="oc-35f">
         <name>.debug_info</name>
         <load_address>0x0</load_address>
         <run_address>0x0</run_address>
         <size>0x1fc</size>
         <input_file_ref idref="fl-2"/>
      </object_component>
      <object_component id="oc-2ce">
         <name>.debug_info</name>
         <load_address>0x1fc</load_address>
         <run_address>0x1fc</run_address>
         <size>0x322</size>
         <input_file_ref idref="fl-2"/>
      </object_component>
      <object_component id="oc-207">
         <name>.debug_info</name>
         <load_address>0x51e</load_address>
         <run_address>0x51e</run_address>
         <size>0xc8</size>
         <input_file_ref idref="fl-2"/>
      </object_component>
      <object_component id="oc-4d">
         <name>.debug_info</name>
         <load_address>0x5e6</load_address>
         <run_address>0x5e6</run_address>
         <size>0x84</size>
         <input_file_ref idref="fl-2"/>
      </object_component>
      <object_component id="oc-18e">
         <name>.debug_info</name>
         <load_address>0x66a</load_address>
         <run_address>0x66a</run_address>
         <size>0x18b</size>
         <input_file_ref idref="fl-2"/>
      </object_component>
      <object_component id="oc-187">
         <name>.debug_info</name>
         <load_address>0x7f5</load_address>
         <run_address>0x7f5</run_address>
         <size>0x2c</size>
         <input_file_ref idref="fl-2"/>
      </object_component>
      <object_component id="oc-42f">
         <name>.debug_info</name>
         <load_address>0x821</load_address>
         <run_address>0x821</run_address>
         <size>0x4e</size>
         <input_file_ref idref="fl-2"/>
      </object_component>
      <object_component id="oc-193">
         <name>.debug_info</name>
         <load_address>0x86f</load_address>
         <run_address>0x86f</run_address>
         <size>0x1bf</size>
         <input_file_ref idref="fl-3"/>
      </object_component>
      <object_component id="oc-1db">
         <name>.debug_info</name>
         <load_address>0xa2e</load_address>
         <run_address>0xa2e</run_address>
         <size>0x471</size>
         <input_file_ref idref="fl-3"/>
      </object_component>
      <object_component id="oc-cc">
         <name>.debug_info</name>
         <load_address>0xe9f</load_address>
         <run_address>0xe9f</run_address>
         <size>0x599</size>
         <input_file_ref idref="fl-3"/>
      </object_component>
      <object_component id="oc-c7">
         <name>.debug_info</name>
         <load_address>0x1438</load_address>
         <run_address>0x1438</run_address>
         <size>0x8b</size>
         <input_file_ref idref="fl-3"/>
      </object_component>
      <object_component id="oc-1c6">
         <name>.debug_info</name>
         <load_address>0x14c3</load_address>
         <run_address>0x14c3</run_address>
         <size>0x327</size>
         <input_file_ref idref="fl-4"/>
      </object_component>
      <object_component id="oc-15d">
         <name>.debug_info</name>
         <load_address>0x17ea</load_address>
         <run_address>0x17ea</run_address>
         <size>0x3c3</size>
         <input_file_ref idref="fl-5"/>
      </object_component>
      <object_component id="oc-1b4">
         <name>.debug_info</name>
         <load_address>0x1bad</load_address>
         <run_address>0x1bad</run_address>
         <size>0x103f</size>
         <input_file_ref idref="fl-5"/>
      </object_component>
      <object_component id="oc-182">
         <name>.debug_info</name>
         <load_address>0x2bec</load_address>
         <run_address>0x2bec</run_address>
         <size>0x2c</size>
         <input_file_ref idref="fl-5"/>
      </object_component>
      <object_component id="oc-17d">
         <name>.debug_info</name>
         <load_address>0x2c18</load_address>
         <run_address>0x2c18</run_address>
         <size>0x2c</size>
         <input_file_ref idref="fl-5"/>
      </object_component>
      <object_component id="oc-a0">
         <name>.debug_info</name>
         <load_address>0x2c44</load_address>
         <run_address>0x2c44</run_address>
         <size>0x2c</size>
         <input_file_ref idref="fl-5"/>
      </object_component>
      <object_component id="oc-14f">
         <name>.debug_info</name>
         <load_address>0x2c70</load_address>
         <run_address>0x2c70</run_address>
         <size>0x2c</size>
         <input_file_ref idref="fl-5"/>
      </object_component>
      <object_component id="oc-35b">
         <name>.debug_info</name>
         <load_address>0x2c9c</load_address>
         <run_address>0x2c9c</run_address>
         <size>0x191</size>
         <input_file_ref idref="fl-6"/>
      </object_component>
      <object_component id="oc-1e6">
         <name>.debug_info</name>
         <load_address>0x2e2d</load_address>
         <run_address>0x2e2d</run_address>
         <size>0x13e3</size>
         <input_file_ref idref="fl-6"/>
      </object_component>
      <object_component id="oc-23c">
         <name>.debug_info</name>
         <load_address>0x4210</load_address>
         <run_address>0x4210</run_address>
         <size>0x85c</size>
         <input_file_ref idref="fl-7"/>
      </object_component>
      <object_component id="oc-1a8">
         <name>.debug_info</name>
         <load_address>0x4a6c</load_address>
         <run_address>0x4a6c</run_address>
         <size>0xd0b</size>
         <input_file_ref idref="fl-7"/>
      </object_component>
      <object_component id="oc-171">
         <name>.debug_info</name>
         <load_address>0x5777</load_address>
         <run_address>0x5777</run_address>
         <size>0x110</size>
         <input_file_ref idref="fl-7"/>
      </object_component>
      <object_component id="oc-c0">
         <name>.debug_info</name>
         <load_address>0x5887</load_address>
         <run_address>0x5887</run_address>
         <size>0x369</size>
         <input_file_ref idref="fl-8"/>
      </object_component>
      <object_component id="oc-40">
         <name>.debug_info</name>
         <load_address>0x5bf0</load_address>
         <run_address>0x5bf0</run_address>
         <size>0x410</size>
         <input_file_ref idref="fl-8"/>
      </object_component>
      <object_component id="oc-20d">
         <name>.debug_info</name>
         <load_address>0x6000</load_address>
         <run_address>0x6000</run_address>
         <size>0x13a</size>
         <input_file_ref idref="fl-9"/>
      </object_component>
      <object_component id="oc-11f">
         <name>.debug_info</name>
         <load_address>0x613a</load_address>
         <run_address>0x613a</run_address>
         <size>0x442</size>
         <input_file_ref idref="fl-9"/>
      </object_component>
      <object_component id="oc-158">
         <name>.debug_info</name>
         <load_address>0x657c</load_address>
         <run_address>0x657c</run_address>
         <size>0x14c</size>
         <input_file_ref idref="fl-9"/>
      </object_component>
      <object_component id="oc-c2">
         <name>.debug_info</name>
         <load_address>0x66c8</load_address>
         <run_address>0x66c8</run_address>
         <size>0xa1c</size>
         <input_file_ref idref="fl-a"/>
      </object_component>
      <object_component id="oc-fa">
         <name>.debug_info</name>
         <load_address>0x70e4</load_address>
         <run_address>0x70e4</run_address>
         <size>0xf5c</size>
         <input_file_ref idref="fl-a"/>
      </object_component>
      <object_component id="oc-14a">
         <name>.debug_info</name>
         <load_address>0x8040</load_address>
         <run_address>0x8040</run_address>
         <size>0x16d</size>
         <input_file_ref idref="fl-a"/>
      </object_component>
      <object_component id="oc-e2">
         <name>.debug_info</name>
         <load_address>0x81ad</load_address>
         <run_address>0x81ad</run_address>
         <size>0x2c</size>
         <input_file_ref idref="fl-a"/>
      </object_component>
      <object_component id="oc-170">
         <name>.debug_info</name>
         <load_address>0x81d9</load_address>
         <run_address>0x81d9</run_address>
         <size>0x59b</size>
         <input_file_ref idref="fl-b"/>
      </object_component>
      <object_component id="oc-b1">
         <name>.debug_info</name>
         <load_address>0x8774</load_address>
         <run_address>0x8774</run_address>
         <size>0x18f8</size>
         <input_file_ref idref="fl-b"/>
      </object_component>
      <object_component id="oc-16b">
         <name>.debug_info</name>
         <load_address>0xa06c</load_address>
         <run_address>0xa06c</run_address>
         <size>0x123</size>
         <input_file_ref idref="fl-b"/>
      </object_component>
      <object_component id="oc-237">
         <name>.debug_info</name>
         <load_address>0xa18f</load_address>
         <run_address>0xa18f</run_address>
         <size>0xcc</size>
         <input_file_ref idref="fl-b"/>
      </object_component>
      <object_component id="oc-3c1">
         <name>.debug_info</name>
         <load_address>0xa25b</load_address>
         <run_address>0xa25b</run_address>
         <size>0x3af</size>
         <input_file_ref idref="fl-c"/>
      </object_component>
      <object_component id="oc-398">
         <name>.debug_info</name>
         <load_address>0xa60a</load_address>
         <run_address>0xa60a</run_address>
         <size>0xe1</size>
         <input_file_ref idref="fl-c"/>
      </object_component>
      <object_component id="oc-3af">
         <name>.debug_info</name>
         <load_address>0xa6eb</load_address>
         <run_address>0xa6eb</run_address>
         <size>0xdf</size>
         <input_file_ref idref="fl-c"/>
      </object_component>
      <object_component id="oc-3b7">
         <name>.debug_info</name>
         <load_address>0xa7ca</load_address>
         <run_address>0xa7ca</run_address>
         <size>0xff</size>
         <input_file_ref idref="fl-c"/>
      </object_component>
      <object_component id="oc-3b4">
         <name>.debug_info</name>
         <load_address>0xa8c9</load_address>
         <run_address>0xa8c9</run_address>
         <size>0x103</size>
         <input_file_ref idref="fl-c"/>
      </object_component>
      <object_component id="oc-3ba">
         <name>.debug_info</name>
         <load_address>0xa9cc</load_address>
         <run_address>0xa9cc</run_address>
         <size>0xdb</size>
         <input_file_ref idref="fl-c"/>
      </object_component>
      <object_component id="oc-3bd">
         <name>.debug_info</name>
         <load_address>0xaaa7</load_address>
         <run_address>0xaaa7</run_address>
         <size>0xf1</size>
         <input_file_ref idref="fl-c"/>
      </object_component>
      <object_component id="oc-270">
         <name>.debug_info</name>
         <load_address>0xab98</load_address>
         <run_address>0xab98</run_address>
         <size>0xc13</size>
[...]
         <name>__aeabi_fsub</name>
         <value>0x5c99</value>
         <object_component_ref idref="oc-31c"/>
      </symbol>
      <symbol id="sm-6df">
         <name>__aeabi_cfrcmple</name>
         <value>0x672d</value>
         <object_component_ref idref="oc-346"/>
      </symbol>
      <symbol id="sm-6ec">
         <name>__aeabi_fdiv</name>
         <value>0x61fd</value>
         <object_component_ref idref="oc-321"/>
      </symbol>
      <symbol id="sm-6f6">
         <name>__aeabi_fmul</name>
         <value>0x6425</value>
         <object_component_ref idref="oc-317"/>
      </symbol>
      <symbol id="sm-701">
         <name>__aeabi_f2d</name>
         <value>0x6bc9</value>
         <object_component_ref idref="oc-2f7"/>
      </symbol>
      <symbol id="sm-70b">
         <name>__aeabi_f2iz</name>
         <value>0x6c01</value>
         <object_component_ref idref="oc-326"/>
      </symbol>
      <symbol id="sm-716">
         <name>__aeabi_f2uiz</name>
         <value>0x6cdd</value>
         <object_component_ref idref="oc-2f2"/>
      </symbol>
      <symbol id="sm-721">
         <name>__aeabi_i2f</name>
         <value>0x6c39</value>
         <object_component_ref idref="oc-312"/>
      </symbol>
      <symbol id="sm-737">
         <name>memcmp</name>
         <value>0x6e35</value>
         <object_component_ref idref="oc-130"/>
      </symbol>
      <symbol id="sm-752">
         <name>memcpy</name>
         <value>0x6161</value>
         <object_component_ref idref="oc-52"/>
      </symbol>
      <symbol id="sm-753">
         <name>__aeabi_memcpy</name>
         <value>0x6161</value>
         <object_component_ref idref="oc-52"/>
      </symbol>
      <symbol id="sm-754">
         <name>__aeabi_memcpy8</name>
         <value>0x6161</value>
         <object_component_ref idref="oc-52"/>
      </symbol>
      <symbol id="sm-755">
         <name>__aeabi_memcpy4</name>
         <value>0x6161</value>
         <object_component_ref idref="oc-52"/>
      </symbol>
      <symbol id="sm-7c9">
         <name>_sys_memory</name>
         <value>0x200039a0</value>
         <object_component_ref idref="oc-2a"/>
      </symbol>
      <symbol id="sm-7ca">
         <name>free</name>
         <value>0x405b</value>
         <object_component_ref idref="oc-2d3"/>
      </symbol>
      <symbol id="sm-7cb">
         <name>realloc</name>
         <value>0x411d</value>
         <object_component_ref idref="oc-2d3"/>
      </symbol>
      <symbol id="sm-7cc">
         <name>memalign</name>
         <value>0x4225</value>
         <object_component_ref idref="oc-2d3"/>
      </symbol>
      <symbol id="sm-7cd">
         <name>calloc</name>
         <value>0x430f</value>
         <object_component_ref idref="oc-2d3"/>
      </symbol>
      <symbol id="sm-7ce">
         <name>malloc</name>
         <value>0x3ff1</value>
         <object_component_ref idref="oc-2d3"/>
      </symbol>
      <symbol id="sm-7cf">
         <name>minit</name>
         <value>0x3f71</value>
         <object_component_ref idref="oc-2d3"/>
      </symbol>
      <symbol id="sm-7de">
         <name>__aeabi_memset</name>
         <value>0x64a1</value>
         <object_component_ref idref="oc-5e"/>
      </symbol>
      <symbol id="sm-7df">
         <name>memset</name>
         <value>0x64a7</value>
         <object_component_ref idref="oc-5e"/>
      </symbol>
      <symbol id="sm-7e0">
         <name>__aeabi_memset8</name>
         <value>0x64a1</value>
         <object_component_ref idref="oc-5e"/>
      </symbol>
      <symbol id="sm-7e1">
         <name>__aeabi_memset4</name>
         <value>0x64a1</value>
         <object_component_ref idref="oc-5e"/>
      </symbol>
      <symbol id="sm-7e2">
         <name>__aeabi_memclr8</name>
         <value>0x649f</value>
         <object_component_ref idref="oc-5e"/>
      </symbol>
      <symbol id="sm-7e3">
         <name>__aeabi_memclr4</name>
         <value>0x649f</value>
         <object_component_ref idref="oc-5e"/>
      </symbol>
      <symbol id="sm-7e4">
         <name>__aeabi_memclr</name>
         <value>0x649f</value>
         <object_component_ref idref="oc-5e"/>
      </symbol>
      <symbol id="sm-7ee">
         <name>__mpu_init</name>
         <value>0x11f3</value>
         <object_component_ref idref="oc-6a"/>
      </symbol>
      <symbol id="sm-7f8">
         <name>_system_pre_init</name>
         <value>0x716f</value>
         <object_component_ref idref="oc-70"/>
      </symbol>
      <symbol id="sm-80d">
         <name>sprintf</name>
         <value>0x678d</value>
         <object_component_ref idref="oc-354"/>
      </symbol>
      <symbol id="sm-815">
         <name>main_func_sp</name>
         <value>0x20004a00</value>
         <object_component_ref idref="oc-88"/>
      </symbol>
      <symbol id="sm-825">
         <name>strchr</name>
         <value>0x6f35</value>
         <object_component_ref idref="oc-2e1"/>
      </symbol>
      <symbol id="sm-834">
         <name>strcpy</name>
         <value>0x6f4b</value>
         <object_component_ref idref="oc-1b9"/>
      </symbol>
      <symbol id="sm-844">
         <name>strncpy</name>
         <value>0x6c71</value>
         <object_component_ref idref="oc-136"/>
      </symbol>
      <symbol id="sm-857">
         <name>strstr</name>
         <value>0x6ca7</value>
         <object_component_ref idref="oc-33b"/>
      </symbol>
      <symbol id="sm-894">
         <name>strtold</name>
         <value>0x46e9</value>
         <object_component_ref idref="oc-3fa"/>
      </symbol>
      <symbol id="sm-895">
         <name>strtod</name>
         <value>0x46e9</value>
         <object_component_ref idref="oc-3fa"/>
      </symbol>
      <symbol id="sm-8a1">
         <name>__aeabi_ui2d</name>
         <value>0x6e79</value>
         <object_component_ref idref="oc-330"/>
      </symbol>
      <symbol id="sm-8ba">
         <name>_nop</name>
         <value>0x6fab</value>
         <object_component_ref idref="oc-1f4"/>
      </symbol>
      <symbol id="sm-8bb">
         <name>_lock</name>
         <value>0x200049e8</value>
         <object_component_ref idref="oc-104"/>
      </symbol>
      <symbol id="sm-8bc">
         <name>_unlock</name>
         <value>0x200049ec</value>
         <object_component_ref idref="oc-104"/>
      </symbol>
      <symbol id="sm-8bd">
         <name>_register_lock</name>
         <value>0x6fa3</value>
         <object_component_ref idref="oc-1f4"/>
      </symbol>
      <symbol id="sm-8be">
         <name>_register_unlock</name>
         <value>0x6f9d</value>
         <object_component_ref idref="oc-1f4"/>
      </symbol>
      <symbol id="sm-9bf">
         <name>__TI_printfi</name>
         <value>0x91d</value>
         <object_component_ref idref="oc-427"/>
      </symbol>
      <symbol id="sm-9d3">
         <name>_args_main</name>
         <value>0x6ef1</value>
         <object_component_ref idref="oc-7c"/>
      </symbol>
      <symbol id="sm-9f8">
         <name>__TI_auto_init</name>
         <value>0x6519</value>
         <object_component_ref idref="oc-76"/>
      </symbol>
      <symbol id="sm-a12">
         <name>copy_in</name>
         <value>0x69e5</value>
         <object_component_ref idref="oc-eb"/>
      </symbol>
      <symbol id="sm-a1a">
         <name>errno</name>
         <value>0x200049fc</value>
         <object_component_ref idref="oc-474"/>
      </symbol>
      <symbol id="sm-a31">
         <name>__aeabi_dsub</name>
         <value>0x50d1</value>
         <object_component_ref idref="oc-467"/>
      </symbol>
      <symbol id="sm-a32">
         <name>__aeabi_dadd</name>
         <value>0x50db</value>
         <object_component_ref idref="oc-467"/>
      </symbol>
      <symbol id="sm-a54">
         <name>__aeabi_cdcmpeq</name>
         <value>0x6319</value>
         <object_component_ref idref="oc-46c"/>
      </symbol>
      <symbol id="sm-a55">
         <name>__aeabi_cdcmple</name>
         <value>0x6319</value>
         <object_component_ref idref="oc-46c"/>
      </symbol>
      <symbol id="sm-a56">
         <name>__aeabi_cdrcmple</name>
         <value>0x639f</value>
         <object_component_ref idref="oc-494"/>
      </symbol>
      <symbol id="sm-a60">
         <name>__aeabi_d2iz</name>
         <value>0x6a31</value>
         <object_component_ref idref="oc-499"/>
      </symbol>
      <symbol id="sm-a6c">
         <name>__aeabi_i2d</name>
         <value>0x6d6d</value>
         <object_component_ref idref="oc-4a4"/>
      </symbol>
      <symbol id="sm-a7b">
         <name>ltoa</name>
         <value>0x68a1</value>
         <object_component_ref idref="oc-49e"/>
      </symbol>
      <symbol id="sm-a8b">
         <name>memccpy</name>
         <value>0x6ed5</value>
         <object_component_ref idref="oc-4b5"/>
      </symbol>
      <symbol id="sm-aa7">
         <name>frexpl</name>
         <value>0x67ed</value>
         <object_component_ref idref="oc-4a9"/>
      </symbol>
      <symbol id="sm-aa8">
         <name>frexp</name>
         <value>0x67ed</value>
         <object_component_ref idref="oc-4a9"/>
      </symbol>
      <symbol id="sm-ac6">
         <name>scalbn</name>
         <value>0x5e79</value>
         <object_component_ref idref="oc-4af"/>
      </symbol>
      <symbol id="sm-ac7">
         <name>scalbnl</name>
         <value>0x5e79</value>
         <object_component_ref idref="oc-4af"/>
      </symbol>
      <symbol id="sm-ac8">
         <name>ldexpl</name>
         <value>0x5e79</value>
         <object_component_ref idref="oc-4af"/>
      </symbol>
      <symbol id="sm-ac9">
         <name>ldexp</name>
         <value>0x5e79</value>
         <object_component_ref idref="oc-4af"/>
      </symbol>
      <symbol id="sm-ad3">
         <name>_system_post_cinit</name>
         <value>0x345b</value>
         <object_component_ref idref="oc-f1"/>
      </symbol>
      <symbol id="sm-ae1">
         <name>strlen</name>
         <value>0x6fb1</value>
         <object_component_ref idref="oc-48e"/>
      </symbol>
      <symbol id="sm-afd">
         <name>__aeabi_uldivmod</name>
         <value>0x4b49</value>
         <object_component_ref idref="oc-489"/>
      </symbol>
      <symbol id="sm-b09">
         <name>copysign</name>
         <value>0x7141</value>
         <object_component_ref idref="oc-4e9"/>
      </symbol>
      <symbol id="sm-b0a">
         <name>copysignl</name>
         <value>0x7141</value>
         <object_component_ref idref="oc-4e9"/>
      </symbol>
      <symbol id="sm-b65">
         <name>UARTConfigSetExpClk</name>
         <value>0x6b45</value>
         <object_component_ref idref="oc-2a9"/>
      </symbol>
      <symbol id="sm-b66">
         <name>UARTDisable</name>
         <value>0x6eb9</value>
         <object_component_ref idref="oc-3d1"/>
      </symbol>
      <symbol id="sm-b67">
         <name>UARTIntEnable</name>
         <value>0x7139</value>
         <object_component_ref idref="oc-2ad"/>
      </symbol>
      <symbol id="sm-b68">
         <name>UARTCharsAvail</name>
         <value>0x70a1</value>
         <object_component_ref idref="oc-1bf"/>
      </symbol>
      <symbol id="sm-b69">
         <name>UARTCharGetNonBlocking</name>
         <value>0x7043</value>
         <object_component_ref idref="oc-1af"/>
      </symbol>
      <symbol id="sm-b6a">
         <name>UARTCharPut</name>
         <value>0x710b</value>
         <object_component_ref idref="oc-3e2"/>
      </symbol>
      <symbol id="sm-b6b">
         <name>UARTEnable</name>
         <value>0x6f89</value>
         <object_component_ref idref="oc-2b5"/>
      </symbol>
      <symbol id="sm-b6c">
         <name>UARTFIFOEnable</name>
         <value>0x7115</value>
         <object_component_ref idref="oc-2b1"/>
      </symbol>
      <symbol id="sm-b6d">
         <name>UARTIntClear</name>
         <value>0x716b</value>
         <object_component_ref idref="oc-a9"/>
      </symbol>
      <symbol id="sm-b6e">
         <name>UARTIntStatus</name>
         <value>0x711f</value>
         <object_component_ref idref="oc-a5"/>
      </symbol>
      <symbol id="sm-b95">
         <name>TimerLoadSet</name>
         <value>0x7031</value>
         <object_component_ref idref="oc-2bd"/>
      </symbol>
      <symbol id="sm-b96">
         <name>TimerEnable</name>
         <value>0x7061</value>
         <object_component_ref idref="oc-2c5"/>
      </symbol>
      <symbol id="sm-b97">
         <name>TimerIntEnable</name>
         <value>0x7131</value>
         <object_component_ref idref="oc-2c1"/>
      </symbol>
      <symbol id="sm-b98">
         <name>TimerConfigure</name>
         <value>0x6e11</value>
         <object_component_ref idref="oc-2b9"/>
      </symbol>
      <symbol id="sm-b99">
         <name>TimerIntClear</name>
         <value>0x7167</value>
         <object_component_ref idref="oc-bb"/>
      </symbol>
      <symbol id="sm-c2b">
         <name>SysCtlClockSet</name>
         <value>0x56d9</value>
         <object_component_ref idref="oc-24f"/>
      </symbol>
      <symbol id="sm-c2c">
         <name>SysCtlDelay</name>
         <value>0x715b</value>
         <object_component_ref idref="oc-37d"/>
      </symbol>
      <symbol id="sm-c2d">
         <name>SysCtlPeripheralEnable</name>
         <value>0x6849</value>
         <object_component_ref idref="oc-253"/>
      </symbol>
      <symbol id="sm-c2e">
         <name>SysCtlClockGet</name>
         <value>0x4d3d</value>
         <object_component_ref idref="oc-1d6"/>
      </symbol>
      <symbol id="sm-c2f">
         <name>SysCtlPWMClockSet</name>
         <value>0x6f75</value>
         <object_component_ref idref="oc-28d"/>
      </symbol>
      <symbol id="sm-c30">
         <name>SysCtlPeripheralReset</name>
         <value>0x6291</value>
         <object_component_ref idref="oc-24b"/>
      </symbol>
      <symbol id="sm-c64">
         <name>SSIDataPut</name>
         <value>0x70ed</value>
         <object_component_ref idref="oc-393"/>
      </symbol>
      <symbol id="sm-c65">
         <name>SSIDataGetNonBlocking</name>
         <value>0x701f</value>
         <object_component_ref idref="oc-3aa"/>
      </symbol>
      <symbol id="sm-c66">
         <name>SSIConfigSetExpClk</name>
         <value>0x6abd</value>
         <object_component_ref idref="oc-39e"/>
      </symbol>
      <symbol id="sm-c67">
         <name>SSIEnable</name>
         <value>0x7101</value>
         <object_component_ref idref="oc-3a6"/>
      </symbol>
      <symbol id="sm-c68">
         <name>SSIBusy</name>
         <value>0x7129</value>
         <object_component_ref idref="oc-38f"/>
      </symbol>
      <symbol id="sm-c69">
         <name>SSIDisable</name>
         <value>0x70f7</value>
         <object_component_ref idref="oc-39a"/>
      </symbol>
      <symbol id="sm-c95">
         <name>PWMGenPeriodSet</name>
         <value>0x6f61</value>
         <object_component_ref idref="oc-295"/>
      </symbol>
      <symbol id="sm-c96">
         <name>PWMPulseWidthSet</name>
         <value>0x6e99</value>
         <object_component_ref idref="oc-299"/>
      </symbol>
      <symbol id="sm-c97">
         <name>PWMOutputState</name>
         <value>0x6f1f</value>
         <object_component_ref idref="oc-2a1"/>
      </symbol>
      <symbol id="sm-c98">
         <name>PWMGenEnable</name>
         <value>0x70e3</value>
         <object_component_ref idref="oc-29d"/>
      </symbol>
      <symbol id="sm-c99">
         <name>PWMGenConfigure</name>
         <value>0x6dc5</value>
         <object_component_ref idref="oc-291"/>
      </symbol>
      <symbol id="sm-cd5">
         <name>IntPrioritySet</name>
         <value>0x6ded</value>
         <object_component_ref idref="oc-267"/>
      </symbol>
      <symbol id="sm-cd6">
         <name>IntEnable</name>
         <value>0x66c9</value>
         <object_component_ref idref="oc-26b"/>
      </symbol>
      <symbol id="sm-cd7">
         <name>IntMasterDisable</name>
         <value>0x70cf</value>
         <object_component_ref idref="oc-2c9"/>
      </symbol>
      <symbol id="sm-cd8">
         <name>IntMasterEnable</name>
         <value>0x70d9</value>
         <object_component_ref idref="oc-1ab"/>
      </symbol>
      <symbol id="sm-d41">
         <name>GPIOPinTypePWM</name>
         <value>0x6fe9</value>
         <object_component_ref idref="oc-289"/>
      </symbol>
      <symbol id="sm-d42">
         <name>GPIOPinIntClear</name>
         <value>0x7149</value>
         <object_component_ref idref="oc-b3"/>
      </symbol>
      <symbol id="sm-d43">
         <name>GPIOIntTypeSet</name>
         <value>0x6a79</value>
         <object_component_ref idref="oc-25f"/>
      </symbol>
      <symbol id="sm-d44">
         <name>GPIOPinTypeADC</name>
         <value>0x6fc5</value>
         <object_component_ref idref="oc-275"/>
      </symbol>
      <symbol id="sm-d45">
         <name>GPIOPinIntEnable</name>
         <value>0x7095</value>
         <object_component_ref idref="oc-263"/>
      </symbol>
      <symbol id="sm-d46">
         <name>GPIOPinTypeUART</name>
         <value>0x700d</value>
         <object_component_ref idref="oc-2a5"/>
      </symbol>
      <symbol id="sm-d47">
         <name>GPIOPinTypeGPIOOutput</name>
         <value>0x6fd7</value>
         <object_component_ref idref="oc-25b"/>
      </symbol>
      <symbol id="sm-d48">
         <name>GPIOPinRead</name>
         <value>0x714f</value>
         <object_component_ref idref="oc-b7"/>
      </symbol>
      <symbol id="sm-d49">
         <name>GPIODirModeSet</name>
         <value>0x6d3f</value>
         <object_component_ref idref="oc-381"/>
      </symbol>
      <symbol id="sm-d4a">
         <name>GPIOPinWrite</name>
         <value>0x7155</value>
         <object_component_ref idref="oc-34f"/>
      </symbol>
      <symbol id="sm-d4b">
         <name>GPIOPadConfigSet</name>
         <value>0x5f49</value>
         <object_component_ref idref="oc-257"/>
      </symbol>
      <symbol id="sm-d4c">
         <name>GPIOPinTypeSSI</name>
         <value>0x6ffb</value>
         <object_component_ref idref="oc-3a2"/>
      </symbol>
      <symbol id="sm-d5a">
         <name>CPUcpsie</name>
         <value>0x7089</value>
         <object_component_ref idref="oc-2db"/>
      </symbol>
      <symbol id="sm-d5b">
         <name>CPUcpsid</name>
         <value>0x707d</value>
         <object_component_ref idref="oc-3dd"/>
      </symbol>
      <symbol id="sm-d97">
         <name>ADCProcessorTrigger</name>
         <value>0x6f09</value>
         <object_component_ref idref="oc-3e6"/>
      </symbol>
      <symbol id="sm-d98">
         <name>ADCSequenceEnable</name>
         <value>0x7053</value>
         <object_component_ref idref="oc-281"/>
      </symbol>
      <symbol id="sm-d99">
         <name>ADCSequenceConfigure</name>
         <value>0x6d9b</value>
         <object_component_ref idref="oc-279"/>
      </symbol>
      <symbol id="sm-d9a">
         <name>ADCSequenceStepConfigure</name>
         <value>0x65f7</value>
         <object_component_ref idref="oc-27d"/>
      </symbol>
      <symbol id="sm-d9b">
         <name>ADCIntClear</name>
         <value>0x70c5</value>
         <object_component_ref idref="oc-285"/>
      </symbol>
      <symbol id="sm-d9c">
         <name>ADCIntStatus</name>
         <value>0x6d11</value>
         <object_component_ref idref="oc-3ea"/>
      </symbol>
      <symbol id="sm-d9d">
         <name>ADCSequenceDataGet</name>
         <value>0x6e59</value>
         <object_component_ref idref="oc-3ee"/>
      </symbol>
      <symbol id="sm-d9e">
         <name>__TI_static_base__</name>
         <value>0x0</value>
      </symbol>
      <symbol id="sm-da1">
         <name>SHT$$INIT_ARRAY$$Limit</name>
         <value>0x0</value>
      </symbol>
      <symbol id="sm-da2">
         <name>SHT$$INIT_ARRAY$$Base</name>
         <value>0x0</value>
      </symbol>
   </symbol_table>
   <title>Link successful</title>
</link_info>
