******************************************************************************
                  TI ARM Linker PC v16.6.0                     
******************************************************************************
>> Linked Mon Aug 15 09:17:55 2016

OUTPUT FILE NAME:   <RTOStest1.out>
ENTRY POINT SYMBOL: "_c_int00"  address: 00006c85


MEMORY CONFIGURATION

         name            origin    length      used     unused   attr    fill
----------------------  --------  ---------  --------  --------  ----  --------
  FLASH                 00000000   00040000  0000786a  00038796  R  X
  SRAM                  20000000   00010000  00004a12  0000b5ee  RW X


SEGMENT ALLOCATION MAP

run origin  load origin   length   init length attrs members
----------  ----------- ---------- ----------- ----- -------
00000000    00000000    00007870   00007870    r-x
  00000000    00000000    000000f0   000000f0    r-- .intvecs
  000000f0    000000f0    0000717e   0000717e    r-x .text
  00007270    00007270    000005b4   000005b4    r-- .const
  00007828    00007828    00000048   00000048    r-- .cinit
20000000    20000000    00004a14   00000000    rw-
  20000000    20000000    000029b0   00000000    rw- .bss
  200029b0    200029b0    00000fff   00000000    rw- .stack
  200039b0    200039b0    00000fff   00000000    rw- .sysmem
  200049b0    200049b0    00000064   00000000    rw- .data


SECTION ALLOCATION MAP

 output                                  attributes/
section   page    origin      length       input sections
--------  ----  ----------  ----------   ----------------
.intvecs   0    00000000    000000f0     
                  00000000    000000f0     startup_ccs.obj (.intvecs)

.text      0    000000f0    0000717e     
                  000000f0    00001102     rtsv7M3_T_le_eabi.lib : _printfi.obj (.text)
                  000011f2    00000002                           : mpu_init.obj (.text)
                  000011f4    00000c74     tasks.obj (.text)
                  00001e68    000008b0     data_process.obj (.text)
                  00002718    00000734     main.obj (.text)
                  00002e4c    00000732     display.obj (.text)
                  0000357e    00000614     queue.obj (.text)
                  00003b92    00000002     rtsv7M3_T_le_eabi.lib : startup.obj (.text)
                  00003b94    00000510     rit128x96x4.obj (.text)
                  000040a4    000003cc     rtsv7M3_T_le_eabi.lib : memory.obj (.text)
                  00004470    000003ac     init.obj (.text)
                  0000481c    0000023c     rtsv7M3_T_le_eabi.lib : strtod.obj (.text)
                  00004a58    00000224                           : e_fmod.obj (.text)
                  00004c7c    000001f4                           : ull_div_t2.obj (.text)
                  00004e70    000001d8     driverlib-cm3.lib : sysctl.obj (.text:SysCtlClockGet)
                  00005048    000001bc     heap_2.obj (.text)
                  00005204    000001b6     rtsv7M3_T_le_eabi.lib : fd_add_t2.obj (.text)
                  000053ba    00000002     --HOLE-- [fill = 0]
                  000053bc    000001a8     speed.obj (.text)
                  00005564    0000015c     ADC_interface.obj (.text)
                  000056c0    0000014c     PWM_module.obj (.text)
                  0000580c    00000144     driverlib-cm3.lib : sysctl.obj (.text:SysCtlClockSet)
                  00005950    00000136     rtsv7M3_T_le_eabi.lib : fd_div_t2.obj (.text)
                  00005a86    0000012e     list.obj (.text)
                  00005bb4    0000011c     button_data.obj (.text)
                  00005cd0    000000fc     rtsv7M3_T_le_eabi.lib : fd_mul_t2.obj (.text)
                  00005dcc    000000fa                           : fs_add_t2.obj (.text)
                  00005ec6    00000002     --HOLE-- [fill = 0]
                  00005ec8    000000e4     port.obj (.text)
                  00005fac    000000d0     rtsv7M3_T_le_eabi.lib : s_scalbn.obj (.text)
                  0000607c    000000c8     driverlib-cm3.lib : gpio.obj (.text:GPIOPadConfigSet)
                  00006144    0000009c     portasm.obj (.text)
                  000061e0    0000009c     rtsv7M3_T_le_eabi.lib : memcpy_t2.obj (.text)
                  0000627c    00000092                           : fs_div_t2.obj (.text)
                  0000630e    00000002     --HOLE-- [fill = 0]
                  00006310    00000088     driverlib-cm3.lib : sysctl.obj (.text:SysCtlPeripheralReset)
                  00006398    00000086     rtsv7M3_T_le_eabi.lib : fd_cmp_t2.obj (.text:__aeabi_cdcmple)
                  0000641e    00000086                           : fd_cmp_t2.obj (.text:__aeabi_cdrcmple)
                  000064a4    0000007c     int_module.obj (.text)
                  00006520    0000007a     rtsv7M3_T_le_eabi.lib : fs_mul_t2.obj (.text)
                  0000659a    0000007a                           : memset_t2.obj (.text)
                  00006614    00000070                           : autoinit.obj (.text)
                  00006684    0000006e                           : fd_tos_t2.obj (.text)
                  000066f2    0000006c     driverlib-cm3.lib : adc.obj (.text:ADCSequenceStepConfigure)
                  0000675e    00000066     rtsv7M3_T_le_eabi.lib : copy_decompress_lzss.obj (.text:decompress:lzss)
                  000067c4    00000064     driverlib-cm3.lib : interrupt.obj (.text:IntEnable)
                  00006828    00000060     rtsv7M3_T_le_eabi.lib : fs_cmp_t2.obj (.text:__aeabi_cfrcmple)
                  00006888    00000060                           : sprintf.obj (.text)
                  000068e8    0000005c                           : s_frexp.obj (.text)
                  00006944    00000058     driverlib-cm3.lib : sysctl.obj (.text:SysCtlPeripheralEnable)
                  0000699c    00000056     rtsv7M3_T_le_eabi.lib : ltoa.obj (.text)
                  000069f2    00000002     --HOLE-- [fill = 0]
                  000069f4    00000054                           : exit.obj (.text)
                  00006a48    0000004c                           : atoi.obj (.text)
                  00006a94    0000004c                           : atol.obj (.text)
                  00006ae0    0000004c                           : cpy_tbl.obj (.text)
                  00006b2c    00000048                           : fd_toi_t2.obj (.text)
                  00006b74    00000044     driverlib-cm3.lib : gpio.obj (.text:GPIOIntTypeSet)
                  00006bb8    00000044                       : ssi.obj (.text:SSIConfigSetExpClk)
                  00006bfc    00000044     rtsv7M3_T_le_eabi.lib : fd_tou_t2.obj (.text)
                  00006c40    00000042     driverlib-cm3.lib : uart.obj (.text:UARTConfigSetExpClk)
                  00006c82    00000002     --HOLE-- [fill = 0]
                  00006c84    00000040     rtsv7M3_T_le_eabi.lib : boot.obj (.text)
                  00006cc4    00000038                           : fs_tod_t2.obj (.text)
                  00006cfc    00000038                           : fs_toi_t2.obj (.text)
                  00006d34    00000038                           : i_tofs_t2.obj (.text)
                  00006d6c    00000036                           : strncpy.obj (.text)
                  00006da2    00000036                           : strstr.obj (.text)
                  00006dd8    00000034                           : fs_tou_t2.obj (.text)
                  00006e0c    0000002e     driverlib-cm3.lib : adc.obj (.text:ADCIntStatus)
                  00006e3a    0000002e                       : gpio.obj (.text:GPIODirModeSet)
                  00006e68    0000002e     rtsv7M3_T_le_eabi.lib : i_tofd_t2.obj (.text)
                  00006e96    0000002a     driverlib-cm3.lib : adc.obj (.text:ADCSequenceConfigure)
                  00006ec0    00000028                       : pwm.obj (.text:PWMGenConfigure)
                  00006ee8    00000024                       : interrupt.obj (.text:IntPrioritySet)
                  00006f0c    00000024                       : timer.obj (.text:TimerConfigure)
                  00006f30    00000024     rtsv7M3_T_le_eabi.lib : memcmp.obj (.text)
                  00006f54    00000020     driverlib-cm3.lib : adc.obj (.text:ADCSequenceDataGet)
                  00006f74    00000020     rtsv7M3_T_le_eabi.lib : u_tofd_t2.obj (.text)
                  00006f94    0000001e     driverlib-cm3.lib : pwm.obj (.text:PWMPulseWidthSet)
                  00006fb2    00000002     --HOLE-- [fill = 0]
                  00006fb4    0000001c                       : uart.obj (.text:UARTDisable)
                  00006fd0    0000001a     rtsv7M3_T_le_eabi.lib : memccpy.obj (.text)
                  00006fea    00000002     --HOLE-- [fill = 0]
                  00006fec    00000018                           : args_main.obj (.text)
                  00007004    00000016     driverlib-cm3.lib : adc.obj (.text:ADCProcessorTrigger)
                  0000701a    00000016                       : pwm.obj (.text:PWMOutputState)
                  00007030    00000016     rtsv7M3_T_le_eabi.lib : strchr.obj (.text)
                  00007046    00000016                           : strcpy.obj (.text)
                  0000705c    00000014     driverlib-cm3.lib : pwm.obj (.text:PWMGenPeriodSet)
                  00007070    00000014                       : sysctl.obj (.text:SysCtlPWMClockSet)
                  00007084    00000014                       : uart.obj (.text:UARTEnable)
                  00007098    00000014     rtsv7M3_T_le_eabi.lib : _lock.obj (.text)
                  000070ac    00000014                           : strlen.obj (.text)
                  000070c0    00000012     driverlib-cm3.lib : gpio.obj (.text:GPIOPinTypeADC)
                  000070d2    00000012                       : gpio.obj (.text:GPIOPinTypeGPIOOutput)
                  000070e4    00000012                       : gpio.obj (.text:GPIOPinTypePWM)
                  000070f6    00000012                       : gpio.obj (.text:GPIOPinTypeSSI)
                  00007108    00000012                       : gpio.obj (.text:GPIOPinTypeUART)
                  0000711a    00000012                       : ssi.obj (.text:SSIDataGetNonBlocking)
                  0000712c    00000012                       : timer.obj (.text:TimerLoadSet)
                  0000713e    00000010                       : uart.obj (.text:UARTCharGetNonBlocking)
                  0000714e    0000000e                       : adc.obj (.text:ADCSequenceEnable)
                  0000715c    0000000e                       : timer.obj (.text:TimerEnable)
                  0000716a    0000000e     rtsv7M3_T_le_eabi.lib : copy_decompress_none.obj (.text:decompress:none)
                  00007178    0000000c     driverlib-cm3.lib : cpu.obj (.text:CPUcpsid)
                  00007184    0000000c                       : cpu.obj (.text:CPUcpsie)
                  00007190    0000000c                       : gpio.obj (.text:GPIOPinIntEnable)
                  0000719c    0000000c                       : uart.obj (.text:UARTCharsAvail)
                  000071a8    0000000c     rtsv7M3_T_le_eabi.lib : copy_zero_init.obj (.text:decompress:ZI)
                  000071b4    0000000c     startup_ccs.obj (.text)
                  000071c0    0000000a     driverlib-cm3.lib : adc.obj (.text:ADCIntClear)
                  000071ca    0000000a                       : interrupt.obj (.text:IntMasterDisable)
                  000071d4    0000000a                       : interrupt.obj (.text:IntMasterEnable)
                  000071de    0000000a                       : pwm.obj (.text:PWMGenEnable)
                  000071e8    0000000a                       : ssi.obj (.text:SSIDataPut)
                  000071f2    0000000a                       : ssi.obj (.text:SSIDisable)
                  000071fc    0000000a                       : ssi.obj (.text:SSIEnable)
                  00007206    0000000a                       : uart.obj (.text:UARTCharPut)
                  00007210    0000000a                       : uart.obj (.text:UARTFIFOEnable)
                  0000721a    0000000a                       : uart.obj (.text:UARTIntStatus)
                  00007224    00000008                       : ssi.obj (.text:SSIBusy)
                  0000722c    00000008                       : timer.obj (.text:TimerIntEnable)
                  00007234    00000008                       : uart.obj (.text:UARTIntEnable)
                  0000723c    00000008     rtsv7M3_T_le_eabi.lib : s_copysign.obj (.text)
                  00007244    00000006     driverlib-cm3.lib : gpio.obj (.text:GPIOPinIntClear)
                  0000724a    00000006                       : gpio.obj (.text:GPIOPinRead)
                  00007250    00000006                       : gpio.obj (.text:GPIOPinWrite)
                  00007256    00000006                       : sysctl.obj (.text:SysCtlDelay)
                  0000725c    00000006     rtsv7M3_T_le_eabi.lib : atof.obj (.text)
                  00007262    00000004     driverlib-cm3.lib : timer.obj (.text:TimerIntClear)
                  00007266    00000004                       : uart.obj (.text:UARTIntClear)
                  0000726a    00000004     rtsv7M3_T_le_eabi.lib : pre_init.obj (.text)

.const     0    00007270    000005b4     
                  00007270    000001e0     rit128x96x4.obj (.const:g_pucFont)
                  00007450    00000101     rtsv7M3_T_le_eabi.lib : ctype.obj (.const:.string:_ctypes_)
                  00007551    00000003     rit128x96x4.obj (.const:.string:pucCommand1$1)
                  00007554    0000009c     driverlib-cm3.lib : interrupt.obj (.const:g_pulRegs)
                  000075f0    00000098     rtsv7M3_T_le_eabi.lib : strtod.obj (.const:$O1$$)
                  00007688    00000070     driverlib-cm3.lib : interrupt.obj (.const)
                  000076f8    0000006c                       : sysctl.obj (.const:g_pulXtals)
                  00007764    0000004f     rit128x96x4.obj (.const:.string:g_pucRIT128x96x4Init)
                  000077b3    00000001     --HOLE-- [fill = 0]
                  000077b4    00000040     driverlib-cm3.lib : sysctl.obj (.const)
                  000077f4    00000014     tasks.obj (.const:.string:ucExpectedStackBytes$1)
                  00007808    00000010     rtsv7M3_T_le_eabi.lib : e_fmod.obj (.const:Zero)
                  00007818    00000003     rit128x96x4.obj (.const:.string:pucCommand2$2)
                  0000781b    00000002     rit128x96x4.obj (.const:.string:g_pucRIT128x96x4HorizontalInc)
                  0000781d    00000002     rit128x96x4.obj (.const:.string:g_pucRIT128x96x4VerticalInc)
                  0000781f    00000002     rit128x96x4.obj (.const:.string:pucCommand1$3)
                  00007821    00000001     --HOLE-- [fill = 0]
                  00007822    00000002     heap_2.obj (.const)

.cinit     0    00007828    00000048     
                  00007828    00000024     (.cinit..data.load) [load image, compression = lzss]
                  0000784c    0000000c     (__TI_handler_table)
                  00007858    00000008     (.cinit..bss.load) [load image, compression = zero_init]
                  00007860    00000010     (__TI_cinit_table)

.bss       0    20000000    000029b0     UNINITIALIZED
                  20000000    00002800     heap_2.obj (.bss:xHeap)
                  20002800    00000078     (.common:UART_char_data_old)
                  20002878    00000064     tasks.obj (.bss:pxReadyTasksLists)
                  200028dc    00000014     tasks.obj (.bss:xDelayedTaskList1)
                  200028f0    00000014     tasks.obj (.bss:xDelayedTaskList2)
                  20002904    00000014     tasks.obj (.bss:xPendingReadyList)
                  20002918    00000014     tasks.obj (.bss:xSuspendedTaskList)
                  2000292c    00000014     tasks.obj (.bss:xTasksWaitingTermination)
                  20002940    00000014     (.common:acc_time)
                  20002954    00000008     rit128x96x4.obj (.bss:g_pucBuffer)
                  2000295c    00000008     tasks.obj (.bss)
                  20002964    00000008     heap_2.obj (.bss:xEnd)
                  2000296c    00000008     heap_2.obj (.bss:xStart)
                  20002974    00000004     rit128x96x4.obj (.bss)
                  20002978    00000004     (.common:period)
                  2000297c    00000004     (.common:xBinarySemaphoreEncoder_1)
                  20002980    00000004     (.common:xBinarySemaphoreFilter)
                  20002984    00000004     (.common:xBinarySemaphoreGPS)
                  20002988    00000004     (.common:xBinarySemaphoreGPSchar)
                  2000298c    00000004     (.common:xEncoder_1)
                  20002990    00000004     (.common:xEncoder_raw_DATA)
                  20002994    00000004     (.common:xPWM_DATA)
                  20002998    00000004     (.common:xPWM_speed_DATA)
                  2000299c    00000004     (.common:xQueueBuffedSpeed)
                  200029a0    00000004     (.common:xQueueButtons)
                  200029a4    00000004     (.common:xQueueGPSDATA)
                  200029a8    00000004     (.common:xQueueSpeed)
                  200029ac    00000004     (.common:xUART_GPS_DATA)

.stack     0    200029b0    00000fff     UNINITIALIZED
                  200029b0    00000fff     --HOLE--

.sysmem    0    200039b0    00000fff     UNINITIALIZED
                  200039b0    00000008     rtsv7M3_T_le_eabi.lib : memory.obj (.sysmem)
                  200039b8    00000ff7     --HOLE--

.data      0    200049b0    00000064     UNINITIALIZED
                  200049b0    00000030     tasks.obj (.data)
                  200049e0    0000000c     rtsv7M3_T_le_eabi.lib : exit.obj (.data:$O1$$)
                  200049ec    0000000c                           : memory.obj (.data:$O1$$)
                  200049f8    00000008                           : _lock.obj (.data:$O1$$)
                  20004a00    00000008     heap_2.obj (.data)
                  20004a08    00000004     port.obj (.data)
                  20004a0c    00000004     rtsv7M3_T_le_eabi.lib : errno.obj (.data)
                  20004a10    00000004                           : stkdepth_vars.obj (.data)

MODULE SUMMARY

       Module                     code    ro data   rw data
       ------                     ----    -------   -------
    .\
       tasks.obj                  3188    20        256    
       data_process.obj           2224    0         0      
       main.obj                   1844    0         184    
       rit128x96x4.obj            1296    571       12     
       display.obj                1842    0         0      
       queue.obj                  1556    0         0      
       init.obj                   940     0         4      
       speed.obj                  424     0         0      
       ADC_interface.obj          348     0         0      
       PWM_module.obj             332     0         0      
       list.obj                   302     0         0      
       button_data.obj            284     0         0      
       startup_ccs.obj            12      240       0      
       int_module.obj             124     0         8      
    +--+--------------------------+-------+---------+---------+
       Total:                     14716   831       464    
                                                           
    .\portable\
       heap_2.obj                 444     2         10264  
       port.obj                   228     0         4      
       portasm.obj                156     0         0      
    +--+--------------------------+-------+---------+---------+
       Total:                     828     2         10268  
                                                           
    C:/ti/StellarisWare/driverlib/ccs-cm3/Debug/driverlib-cm3.lib
       sysctl.obj                 1046    172       0      
       gpio.obj                   434     0         0      
       interrupt.obj              156     268       0      
       adc.obj                    274     0         0      
       uart.obj                   184     0         0      
       ssi.obj                    124     0         0      
       pwm.obj                    122     0         0      
       timer.obj                  80      0         0      
       cpu.obj                    24      0         0      
    +--+--------------------------+-------+---------+---------+
       Total:                     2444    440       0      
                                                           
    C:\ti\ccsv6\tools\compiler\ti-cgt-arm_16.6.0.STS\lib\rtsv7M3_T_le_eabi.lib
       _printfi.obj               4354    0         0      
       memory.obj                 972     0         12     
       strtod.obj                 572     152       0      
       e_fmod.obj                 548     16        0      
       ull_div_t2.obj             500     0         0      
       fd_add_t2.obj              438     0         0      
       fd_div_t2.obj              310     0         0      
       fd_cmp_t2.obj              268     0         0      
       ctype.obj                  0       257       0      
       fd_mul_t2.obj              252     0         0      
       fs_add_t2.obj              250     0         0      
       s_scalbn.obj               208     0         0      
       memcpy_t2.obj              156     0         0      
       fs_div_t2.obj              146     0         0      
       fs_mul_t2.obj              122     0         0      
       memset_t2.obj              122     0         0      
       autoinit.obj               112     0         0      
       fd_tos_t2.obj              110     0         0      
       copy_decompress_lzss.obj   102     0         0      
       exit.obj                   84      0         12     
       fs_cmp_t2.obj              96      0         0      
       sprintf.obj                96      0         0      
       s_frexp.obj                92      0         0      
       ltoa.obj                   86      0         0      
       atoi.obj                   76      0         0      
       atol.obj                   76      0         0      
       cpy_tbl.obj                76      0         0      
       fd_toi_t2.obj              72      0         0      
       fd_tou_t2.obj              68      0         0      
       boot.obj                   64      0         0      
       fs_tod_t2.obj              56      0         0      
       fs_toi_t2.obj              56      0         0      
       i_tofs_t2.obj              56      0         0      
       strncpy.obj                54      0         0      
       strstr.obj                 54      0         0      
       fs_tou_t2.obj              52      0         0      
       i_tofd_t2.obj              46      0         0      
       memcmp.obj                 36      0         0      
       u_tofd_t2.obj              32      0         0      
       _lock.obj                  20      0         8      
       memccpy.obj                26      0         0      
       args_main.obj              24      0         0      
       strchr.obj                 22      0         0      
       strcpy.obj                 22      0         0      
       strlen.obj                 20      0         0      
       copy_decompress_none.obj   14      0         0      
       copy_zero_init.obj         12      0         0      
       s_copysign.obj             8       0         0      
       atof.obj                   6       0         0      
       errno.obj                  0       0         4      
       pre_init.obj               4       0         0      
       stkdepth_vars.obj          0       0         4      
       mpu_init.obj               2       0         0      
       startup.obj                2       0         0      
    +--+--------------------------+-------+---------+---------+
       Total:                     11052   425       40     
                                                           
       Heap:                      0       0         4095   
       Stack:                     0       0         4095   
       Linker Generated:          0       72        0      
    +--+--------------------------+-------+---------+---------+
       Grand Total:               29040   1770      18962  


LINKER GENERATED COPY TABLES

__TI_cinit_table @ 00007860 records: 2, size/record: 8, table size: 16
	.data: load addr=00007828, load size=00000024 bytes, run addr=200049b0, run size=00000064 bytes, compression=lzss
	.bss: load addr=00007858, load size=00000008 bytes, run addr=20000000, run size=000029b0 bytes, compression=zero_init


LINKER GENERATED HANDLER TABLE

__TI_handler_table @ 0000784c records: 3, size/record: 4, table size: 12
	index: 0, handler: __TI_decompress_lzss
	index: 1, handler: __TI_decompress_none
	index: 2, handler: __TI_zero_init


GLOBAL SYMBOLS: SORTED ALPHABETICALLY BY Name 

address   name                           
-------   ----                           
000071c1  ADCIntClear                    
00006e0d  ADCIntStatus                   
00007005  ADCProcessorTrigger            
00006e97  ADCSequenceConfigure           
00006f55  ADCSequenceDataGet             
0000714f  ADCSequenceEnable              
000066f3  ADCSequenceStepConfigure       
000069f5  C$$EXIT                        
00007179  CPUcpsid                       
00007185  CPUcpsie                       
000064a5  EncoderINT                     
00006e3b  GPIODirModeSet                 
00006b75  GPIOIntTypeSet                 
0000607d  GPIOPadConfigSet               
00007245  GPIOPinIntClear                
00007191  GPIOPinIntEnable               
0000724b  GPIOPinRead                    
000070c1  GPIOPinTypeADC                 
000070d3  GPIOPinTypeGPIOOutput          
000070e5  GPIOPinTypePWM                 
000070f7  GPIOPinTypeSSI                 
00007109  GPIOPinTypeUART                
00007251  GPIOPinWrite                   
000067c5  IntEnable                      
000071cb  IntMasterDisable               
000071d5  IntMasterEnable                
00006ee9  IntPrioritySet                 
00006ec1  PWMGenConfigure                
000071df  PWMGenEnable                   
0000705d  PWMGenPeriodSet                
0000701b  PWMOutputState                 
00006f95  PWMPulseWidthSet               
000057a5  PWM_direction                  
0000577d  PWM_duty                       
00003c9d  RIT128x96x4Clear               
00003f1b  RIT128x96x4Disable             
0000406d  RIT128x96x4DisplayOff          
00004039  RIT128x96x4DisplayOn           
00003ec1  RIT128x96x4Enable              
00003e39  RIT128x96x4ImageDraw           
00003f95  RIT128x96x4Init                
00003cf9  RIT128x96x4StringDraw          
000071b5  ResetISR                       
UNDEFED   SHT$$INIT_ARRAY$$Base          
UNDEFED   SHT$$INIT_ARRAY$$Limit         
00007225  SSIBusy                        
00006bb9  SSIConfigSetExpClk             
0000711b  SSIDataGetNonBlocking          
000071e9  SSIDataPut                     
000071f3  SSIDisable                     
000071fd  SSIEnable                      
00004e71  SysCtlClockGet                 
0000580d  SysCtlClockSet                 
00007257  SysCtlDelay                    
00007071  SysCtlPWMClockSet              
00006945  SysCtlPeripheralEnable         
00006311  SysCtlPeripheralReset          
000064f5  Timer0IntHandler               
00006501  Timer1IntHandler               
00006f0d  TimerConfigure                 
0000715d  TimerEnable                    
00007263  TimerIntClear                  
0000722d  TimerIntEnable                 
0000712d  TimerLoadSet                   
0000713f  UARTCharGetNonBlocking         
00007207  UARTCharPut                    
0000719d  UARTCharsAvail                 
00006c41  UARTConfigSetExpClk            
00006fb5  UARTDisable                    
00007085  UARTEnable                     
00007211  UARTFIFOEnable                 
00007267  UARTIntClear                   
00007235  UARTIntEnable                  
00002719  UARTIntHandler                 
0000721b  UARTIntStatus                  
00005565  UARTSend                       
20002800  UART_char_data_old             
200039af  __STACK_END                    
00000fff  __STACK_SIZE                   
20002ab0  __STACK_TOP                    
00000fff  __SYSMEM_SIZE                  
00007860  __TI_CINIT_Base                
00007870  __TI_CINIT_Limit               
0000784c  __TI_Handler_Table_Base        
00007858  __TI_Handler_Table_Limit       
00006615  __TI_auto_init                 
200049e0  __TI_cleanup_ptr               
0000675f  __TI_decompress_lzss           
0000716b  __TI_decompress_none           
200049e4  __TI_dtors_ptr                 
200049e8  __TI_enable_exit_profile_output
ffffffff  __TI_pprof_out_hndl            
0000091d  __TI_printfi                   
ffffffff  __TI_prof_data_size            
ffffffff  __TI_prof_data_start           
00000000  __TI_static_base__             
000071a9  __TI_zero_init                 
00006399  __aeabi_cdcmpeq                
00006399  __aeabi_cdcmple                
0000641f  __aeabi_cdrcmple               
00006829  __aeabi_cfrcmple               
00006685  __aeabi_d2f                    
00006b2d  __aeabi_d2iz                   
00006bfd  __aeabi_d2uiz                  
0000520f  __aeabi_dadd                   
00005951  __aeabi_ddiv                   
00005cd1  __aeabi_dmul                   
00005205  __aeabi_dsub                   
00006cc5  __aeabi_f2d                    
00006cfd  __aeabi_f2iz                   
00006dd9  __aeabi_f2uiz                  
00005dd1  __aeabi_fadd                   
0000627d  __aeabi_fdiv                   
00006521  __aeabi_fmul                   
00005dcd  __aeabi_fsub                   
00006e69  __aeabi_i2d                    
00006d35  __aeabi_i2f                    
0000659b  __aeabi_memclr                 
0000659b  __aeabi_memclr4                
0000659b  __aeabi_memclr8                
000061e1  __aeabi_memcpy                 
000061e1  __aeabi_memcpy4                
000061e1  __aeabi_memcpy8                
0000659d  __aeabi_memset                 
0000659d  __aeabi_memset4                
0000659d  __aeabi_memset8                
00006f75  __aeabi_ui2d                   
00004c7d  __aeabi_uldivmod               
ffffffff  __binit__                      
ffffffff  __c_args__                     
000011f3  __mpu_init                     
200029b0  __stack                        
00006fed  _args_main                     
00006c85  _c_int00                       
00007450  _ctypes_                       
200049f8  _lock                          
000070a7  _nop                           
0000709f  _register_lock                 
00007099  _register_unlock               
200039b0  _sys_memory                    
00003b93  _system_post_cinit             
0000726b  _system_pre_init               
200049fc  _unlock                        
000069f9  abort                          
20002940  acc_time                       
000031df  accleration_screen             
00005485  analysis_speed                 
0000725d  atof                           
00006a49  atoi                           
00006a95  atol                           
ffffffff  binit                          
00004443  calloc                         
00002e4d  clearDisplay                   
00006ae1  copy_in                        
0000723d  copysign                       
0000723d  copysignl                      
00001e69  decode_GGA                     
0000225d  decode_RMC                     
0000335f  display                        
000054cd  encoder_quad                   
0000301b  enter_fuel_display             
20004a0c  errno                          
00006a01  exit                           
000056c1  find_dir                       
00004a59  fmod                           
00004a59  fmodl                          
0000418f  free                           
000068e9  frexp                          
000068e9  frexpl                         
00000000  g_pfnVectors                   
00004539  initADC                        
0000474d  initCircBuf                    
000044ad  initClock                      
00004635  initConsole                    
0000452f  initDisplay                    
000044b7  initGPIO                       
00004579  initPWMchan                    
000044db  initPin                        
000046a9  initTimer                      
00004793  init_acc_time                  
00002f69  init_password                  
00004777  init_set_speed_data            
00005c53  invert_bool                    
00005c77  invert_button                  
00005fad  ldexp                          
00005fad  ldexpl                         
0000699d  ltoa                           
00002749  main                           
20004a10  main_func_sp                   
00004715  main_init                      
00004125  malloc                         
00004359  memalign                       
00006fd1  memccpy                        
00006f31  memcmp                         
000061e1  memcpy                         
000065a3  memset                         
000040a5  minit                          
000030f7  no_fix_screen                  
00002ed3  password_display               
20002978  period                         
00005049  pvPortMalloc                   
200049b0  pxCurrentTCB                   
00005ec9  pxPortInitialiseStack          
00002e55  read_button_screen             
00005bb5  read_buttons                   
00004251  realloc                        
00004471  reset_peripheral               
00003061  review_fuel_display            
0000561d  run_adc                        
00005fad  scalbn                         
00005fad  scalbnl                        
000055ad  send_data                      
00002f81  set_speed_display              
000053bd  set_speed_func                 
000056ed  speed_feedback                 
00002675  split_data                     
00006889  sprintf                        
0000290f  store_char                     
0000543b  store_speed                    
00007031  strchr                         
00007047  strcpy                         
000070ad  strlen                         
00006d6d  strncpy                        
00006da3  strstr                         
0000481d  strtod                         
0000481d  strtold                        
00003999  uxQueueMessagesWaiting         
000039af  uxQueueMessagesWaitingFromISR  
0000187d  uxTaskGetNumberOfTasks         
00001485  uxTaskPriorityGet              
00002dd9  vApplicationIdleHook           
00002dcd  vApplicationMallocFailedHook   
00002dcf  vApplicationStackOverflowHook  
00002ddb  vApplicationTickHook           
00002c8f  vDisplayTask                   
00002aa5  vEncoder                       
00002d99  vFakeGPS                       
00002c19  vFilterSpeed                   
00005a87  vListInitialise                
00005ab7  vListInitialiseItem            
00005b0b  vListInsert                    
00005ac7  vListInsertEnd                 
00005b71  vListRemove                    
00002b95  vPWM                           
00006191  vPortClearInterruptMask        
000061cf  vPortEnableVFP                 
00005f39  vPortEndScheduler              
00005f45  vPortEnterCritical             
00005f55  vPortExitCritical              
0000517b  vPortFree                      
000051e3  vPortInitialiseBlocks          
0000619f  vPortSVCHandler                
00006183  vPortSetInterruptMask          
000061bd  vPortStartFirstTask            
00005f3b  vPortYieldFromISR              
000039c1  vQueueDelete                   
00002a55  vReadButtons                   
000029d1  vReadGPS                       
0000298d  vReadGPSchar                   
00001421  vTaskDelay                     
00001371  vTaskDelayUntil                
00001309  vTaskDelete                    
0000177d  vTaskEndScheduler              
0000188d  vTaskIncrementTick             
00001b91  vTaskMissedYield               
000019f5  vTaskPlaceOnEventList          
00001dd9  vTaskPriorityDisinherit        
00001d4d  vTaskPriorityInherit           
000014c1  vTaskPrioritySet               
00001651  vTaskResume                    
00001af3  vTaskSetTimeOutState           
00001733  vTaskStartScheduler            
000015a9  vTaskSuspend                   
0000178f  vTaskSuspendAll                
00001935  vTaskSwitchContext             
2000297c  xBinarySemaphoreEncoder_1      
20002980  xBinarySemaphoreFilter         
20002984  xBinarySemaphoreGPS            
20002988  xBinarySemaphoreGPSchar        
2000298c  xEncoder_1                     
20002990  xEncoder_raw_DATA              
20002994  xPWM_DATA                      
20002998  xPWM_speed_DATA                
000051dd  xPortGetFreeHeapSize           
00006149  xPortPendSVHandler             
00005f11  xPortStartScheduler            
00005f6b  xPortSysTickHandler            
2000299c  xQueueBuffedSpeed              
200029a0  xQueueButtons                  
0000357f  xQueueCreate                   
0000368d  xQueueCreateCountingSemaphore  
00003625  xQueueCreateMutex              
200029a4  xQueueGPSDATA                  
000037fd  xQueueGenericReceive           
000036ab  xQueueGenericSend              
00003793  xQueueGenericSendFromISR       
00003b3b  xQueueIsQueueEmptyFromISR      
00003b75  xQueueIsQueueFullFromISR       
00003931  xQueueReceiveFromISR           
200029a8  xQueueSpeed                    
00001b19  xTaskCheckForTimeOut           
000011f5  xTaskGenericCreate             
00001d39  xTaskGetCurrentTaskHandle      
00001869  xTaskGetTickCount              
00001601  xTaskIsTaskSuspended           
00001a75  xTaskRemoveFromEventList       
00001799  xTaskResumeAll                 
000016c1  xTaskResumeFromISR             
200029ac  xUART_GPS_DATA                 


GLOBAL SYMBOLS: SORTED BY Symbol Address 

address   name                           
-------   ----                           
00000000  __TI_static_base__             
00000000  g_pfnVectors                   
0000091d  __TI_printfi                   
00000fff  __STACK_SIZE                   
00000fff  __SYSMEM_SIZE                  
000011f3  __mpu_init                     
000011f5  xTaskGenericCreate             
00001309  vTaskDelete                    
00001371  vTaskDelayUntil                
00001421  vTaskDelay                     
00001485  uxTaskPriorityGet              
000014c1  vTaskPrioritySet               
000015a9  vTaskSuspend                   
00001601  xTaskIsTaskSuspended           
00001651  vTaskResume                    
000016c1  xTaskResumeFromISR             
00001733  vTaskStartScheduler            
0000177d  vTaskEndScheduler              
0000178f  vTaskSuspendAll                
00001799  xTaskResumeAll                 
00001869  xTaskGetTickCount              
0000187d  uxTaskGetNumberOfTasks         
0000188d  vTaskIncrementTick             
00001935  vTaskSwitchContext             
000019f5  vTaskPlaceOnEventList          
00001a75  xTaskRemoveFromEventList       
00001af3  vTaskSetTimeOutState           
00001b19  xTaskCheckForTimeOut           
00001b91  vTaskMissedYield               
00001d39  xTaskGetCurrentTaskHandle      
00001d4d  vTaskPriorityInherit           
00001dd9  vTaskPriorityDisinherit        
00001e69  decode_GGA                     
0000225d  decode_RMC                     
00002675  split_data                     
00002719  UARTIntHandler                 
00002749  main                           
0000290f  store_char                     
0000298d  vReadGPSchar                   
000029d1  vReadGPS                       
00002a55  vReadButtons                   
00002aa5  vEncoder                       
00002b95  vPWM                           
00002c19  vFilterSpeed                   
00002c8f  vDisplayTask                   
00002d99  vFakeGPS                       
00002dcd  vApplicationMallocFailedHook   
00002dcf  vApplicationStackOverflowHook  
00002dd9  vApplicationIdleHook           
00002ddb  vApplicationTickHook           
00002e4d  clearDisplay                   
00002e55  read_button_screen             
00002ed3  password_display               
00002f69  init_password                  
00002f81  set_speed_display              
0000301b  enter_fuel_display             
00003061  review_fuel_display            
000030f7  no_fix_screen                  
000031df  accleration_screen             
0000335f  display                        
0000357f  xQueueCreate                   
00003625  xQueueCreateMutex              
0000368d  xQueueCreateCountingSemaphore  
000036ab  xQueueGenericSend              
00003793  xQueueGenericSendFromISR       
000037fd  xQueueGenericReceive           
00003931  xQueueReceiveFromISR           
00003999  uxQueueMessagesWaiting         
000039af  uxQueueMessagesWaitingFromISR  
000039c1  vQueueDelete                   
00003b3b  xQueueIsQueueEmptyFromISR      
00003b75  xQueueIsQueueFullFromISR       
00003b93  _system_post_cinit             
00003c9d  RIT128x96x4Clear               
00003cf9  RIT128x96x4StringDraw          
00003e39  RIT128x96x4ImageDraw           
00003ec1  RIT128x96x4Enable              
00003f1b  RIT128x96x4Disable             
00003f95  RIT128x96x4Init                
00004039  RIT128x96x4DisplayOn           
0000406d  RIT128x96x4DisplayOff          
000040a5  minit                          
00004125  malloc                         
0000418f  free                           
00004251  realloc                        
00004359  memalign                       
00004443  calloc                         
00004471  reset_peripheral               
000044ad  initClock                      
000044b7  initGPIO                       
000044db  initPin                        
0000452f  initDisplay                    
00004539  initADC                        
00004579  initPWMchan                    
00004635  initConsole                    
000046a9  initTimer                      
00004715  main_init                      
0000474d  initCircBuf                    
00004777  init_set_speed_data            
00004793  init_acc_time                  
0000481d  strtod                         
0000481d  strtold                        
00004a59  fmod                           
00004a59  fmodl                          
00004c7d  __aeabi_uldivmod               
00004e71  SysCtlClockGet                 
00005049  pvPortMalloc                   
0000517b  vPortFree                      
000051dd  xPortGetFreeHeapSize           
000051e3  vPortInitialiseBlocks          
00005205  __aeabi_dsub                   
0000520f  __aeabi_dadd                   
000053bd  set_speed_func                 
0000543b  store_speed                    
00005485  analysis_speed                 
000054cd  encoder_quad                   
00005565  UARTSend                       
000055ad  send_data                      
0000561d  run_adc                        
000056c1  find_dir                       
000056ed  speed_feedback                 
0000577d  PWM_duty                       
000057a5  PWM_direction                  
0000580d  SysCtlClockSet                 
00005951  __aeabi_ddiv                   
00005a87  vListInitialise                
00005ab7  vListInitialiseItem            
00005ac7  vListInsertEnd                 
00005b0b  vListInsert                    
00005b71  vListRemove                    
00005bb5  read_buttons                   
00005c53  invert_bool                    
00005c77  invert_button                  
00005cd1  __aeabi_dmul                   
00005dcd  __aeabi_fsub                   
00005dd1  __aeabi_fadd                   
00005ec9  pxPortInitialiseStack          
00005f11  xPortStartScheduler            
00005f39  vPortEndScheduler              
00005f3b  vPortYieldFromISR              
00005f45  vPortEnterCritical             
00005f55  vPortExitCritical              
00005f6b  xPortSysTickHandler            
00005fad  ldexp                          
00005fad  ldexpl                         
00005fad  scalbn                         
00005fad  scalbnl                        
0000607d  GPIOPadConfigSet               
00006149  xPortPendSVHandler             
00006183  vPortSetInterruptMask          
00006191  vPortClearInterruptMask        
0000619f  vPortSVCHandler                
000061bd  vPortStartFirstTask            
000061cf  vPortEnableVFP                 
000061e1  __aeabi_memcpy                 
000061e1  __aeabi_memcpy4                
000061e1  __aeabi_memcpy8                
000061e1  memcpy                         
0000627d  __aeabi_fdiv                   
00006311  SysCtlPeripheralReset          
00006399  __aeabi_cdcmpeq                
00006399  __aeabi_cdcmple                
0000641f  __aeabi_cdrcmple               
000064a5  EncoderINT                     
000064f5  Timer0IntHandler               
00006501  Timer1IntHandler               
00006521  __aeabi_fmul                   
0000659b  __aeabi_memclr                 
0000659b  __aeabi_memclr4                
0000659b  __aeabi_memclr8                
0000659d  __aeabi_memset                 
0000659d  __aeabi_memset4                
0000659d  __aeabi_memset8                
000065a3  memset                         
00006615  __TI_auto_init                 
00006685  __aeabi_d2f                    
000066f3  ADCSequenceStepConfigure       
0000675f  __TI_decompress_lzss           
000067c5  IntEnable                      
00006829  __aeabi_cfrcmple               
00006889  sprintf                        
000068e9  frexp                          
000068e9  frexpl                         
00006945  SysCtlPeripheralEnable         
0000699d  ltoa                           
000069f5  C$$EXIT                        
000069f9  abort                          
00006a01  exit                           
00006a49  atoi                           
00006a95  atol                           
00006ae1  copy_in                        
00006b2d  __aeabi_d2iz                   
00006b75  GPIOIntTypeSet                 
00006bb9  SSIConfigSetExpClk             
00006bfd  __aeabi_d2uiz                  
00006c41  UARTConfigSetExpClk            
00006c85  _c_int00                       
00006cc5  __aeabi_f2d                    
00006cfd  __aeabi_f2iz                   
00006d35  __aeabi_i2f                    
00006d6d  strncpy                        
00006da3  strstr                         
00006dd9  __aeabi_f2uiz                  
00006e0d  ADCIntStatus                   
00006e3b  GPIODirModeSet                 
00006e69  __aeabi_i2d                    
00006e97  ADCSequenceConfigure           
00006ec1  PWMGenConfigure                
00006ee9  IntPrioritySet                 
00006f0d  TimerConfigure                 
00006f31  memcmp                         
00006f55  ADCSequenceDataGet             
00006f75  __aeabi_ui2d                   
00006f95  PWMPulseWidthSet               
00006fb5  UARTDisable                    
00006fd1  memccpy                        
00006fed  _args_main                     
00007005  ADCProcessorTrigger            
0000701b  PWMOutputState                 
00007031  strchr                         
00007047  strcpy                         
0000705d  PWMGenPeriodSet                
00007071  SysCtlPWMClockSet              
00007085  UARTEnable                     
00007099  _register_unlock               
0000709f  _register_lock                 
000070a7  _nop                           
000070ad  strlen                         
000070c1  GPIOPinTypeADC                 
000070d3  GPIOPinTypeGPIOOutput          
000070e5  GPIOPinTypePWM                 
000070f7  GPIOPinTypeSSI                 
00007109  GPIOPinTypeUART                
0000711b  SSIDataGetNonBlocking          
0000712d  TimerLoadSet                   
0000713f  UARTCharGetNonBlocking         
0000714f  ADCSequenceEnable              
0000715d  TimerEnable                    
0000716b  __TI_decompress_none           
00007179  CPUcpsid                       
00007185  CPUcpsie                       
00007191  GPIOPinIntEnable               
0000719d  UARTCharsAvail                 
000071a9  __TI_zero_init                 
000071b5  ResetISR                       
000071c1  ADCIntClear                    
000071cb  IntMasterDisable               
000071d5  IntMasterEnable                
000071df  PWMGenEnable                   
000071e9  SSIDataPut                     
000071f3  SSIDisable                     
000071fd  SSIEnable                      
00007207  UARTCharPut                    
00007211  UARTFIFOEnable                 
0000721b  UARTIntStatus                  
00007225  SSIBusy                        
0000722d  TimerIntEnable                 
00007235  UARTIntEnable                  
0000723d  copysign                       
0000723d  copysignl                      
00007245  GPIOPinIntClear                
0000724b  GPIOPinRead                    
00007251  GPIOPinWrite                   
00007257  SysCtlDelay                    
0000725d  atof                           
00007263  TimerIntClear                  
00007267  UARTIntClear                   
0000726b  _system_pre_init               
00007450  _ctypes_                       
0000784c  __TI_Handler_Table_Base        
00007858  __TI_Handler_Table_Limit       
00007860  __TI_CINIT_Base                
00007870  __TI_CINIT_Limit               
20002800  UART_char_data_old             
20002940  acc_time                       
20002978  period                         
2000297c  xBinarySemaphoreEncoder_1      
20002980  xBinarySemaphoreFilter         
20002984  xBinarySemaphoreGPS            
20002988  xBinarySemaphoreGPSchar        
2000298c  xEncoder_1                     
20002990  xEncoder_raw_DATA              
20002994  xPWM_DATA                      
20002998  xPWM_speed_DATA                
2000299c  xQueueBuffedSpeed              
200029a0  xQueueButtons                  
200029a4  xQueueGPSDATA                  
200029a8  xQueueSpeed                    
200029ac  xUART_GPS_DATA                 
200029b0  __stack                        
20002ab0  __STACK_TOP                    
200039af  __STACK_END                    
200039b0  _sys_memory                    
200049b0  pxCurrentTCB                   
200049e0  __TI_cleanup_ptr               
200049e4  __TI_dtors_ptr                 
200049e8  __TI_enable_exit_profile_output
200049f8  _lock                          
200049fc  _unlock                        
20004a0c  errno                          
20004a10  main_func_sp                   
ffffffff  __TI_pprof_out_hndl            
ffffffff  __TI_prof_data_size            
ffffffff  __TI_prof_data_start           
ffffffff  __binit__                      
ffffffff  __c_args__                     
ffffffff  binit                          
UNDEFED   SHT$$INIT_ARRAY$$Base          
UNDEFED   SHT$$INIT_ARRAY$$Limit         

[309 symbols]
