<?xml version="1.0"?>
<link_info>
   <banner>TI ARM Linker PC v16.6.0.STS</banner>
   <copyright>Copyright (c) 1996-2015 Texas Instruments Incorporated</copyright>
   <link_time>0x57b0f24d</link_time>
   <link_errors>0x0</link_errors>
   <output_file>RTOStest1.out</output_file>
   <entry_point>
      <name>_c_int00</name>
      <address>0x6b81</address>
   </entry_point>
   <input_file_list>
      <input_file id="fl-2">
         <path>.\</path>
         <kind>object</kind>
         <file>ADC_interface.obj</file>
         <name>ADC_interface.obj</name>
      </input_file>
      <input_file id="fl-3">
         <path>.\</path>
         <kind>object</kind>
         <file>PWM_module.obj</file>
         <name>PWM_module.obj</name>
      </input_file>
      <input_file id="fl-4">
         <path>.\</path>
         <kind>object</kind>
         <file>button_data.obj</file>
         <name>button_data.obj</name>
      </input_file>
      <input_file id="fl-5">
         <path>.\</path>
         <kind>object</kind>
         <file>data_process.obj</file>
         <name>data_process.obj</name>
      </input_file>
      <input_file id="fl-6">
         <path>.\</path>
         <kind>object</kind>
         <file>display.obj</file>
         <name>display.obj</name>
      </input_file>
      <input_file id="fl-7">
         <path>.\</path>
         <kind>object</kind>
         <file>init.obj</file>
         <name>init.obj</name>
      </input_file>
      <input_file id="fl-8">
         <path>.\</path>
         <kind>object</kind>
         <file>int_module.obj</file>
         <name>int_module.obj</name>
      </input_file>
      <input_file id="fl-9">
         <path>.\</path>
         <kind>object</kind>
         <file>list.obj</file>
         <name>list.obj</name>
      </input_file>
      <input_file id="fl-a">
         <path>.\</path>
         <kind>object</kind>
         <file>main.obj</file>
         <name>main.obj</name>
      </input_file>
      <input_file id="fl-b">
         <path>.\</path>
         <kind>object</kind>
         <file>queue.obj</file>
         <name>queue.obj</name>
      </input_file>
      <input_file id="fl-c">
         <path>.\</path>
         <kind>object</kind>
         <file>rit128x96x4.obj</file>
         <name>rit128x96x4.obj</name>
      </input_file>
      <input_file id="fl-d">
         <path>.\</path>
         <kind>object</kind>
         <file>speed.obj</file>
         <name>speed.obj</name>
      </input_file>
      <input_file id="fl-e">
         <path>.\</path>
         <kind>object</kind>
         <file>startup_ccs.obj</file>
         <name>startup_ccs.obj</name>
      </input_file>
      <input_file id="fl-f">
         <path>.\</path>
         <kind>object</kind>
         <file>tasks.obj</file>
         <name>tasks.obj</name>
      </input_file>
      <input_file id="fl-10">
         <path>.\demo_code\</path>
         <kind>object</kind>
         <file>basic_io.obj</file>
         <name>basic_io.obj</name>
      </input_file>
      <input_file id="fl-11">
         <path>.\portable\</path>
         <kind>object</kind>
         <file>heap_2.obj</file>
         <name>heap_2.obj</name>
      </input_file>
      <input_file id="fl-12">
         <path>.\portable\</path>
         <kind>object</kind>
         <file>port.obj</file>
         <name>port.obj</name>
      </input_file>
      <input_file id="fl-13">
         <path>.\portable\</path>
         <kind>object</kind>
         <file>portasm.obj</file>
         <name>portasm.obj</name>
      </input_file>
      <input_file id="fl-ce">
         <path>C:\ti\ccsv6\tools\compiler\ti-cgt-arm_16.6.0.STS\lib\</path>
         <kind>archive</kind>
         <file>rtsv7M3_T_le_eabi.lib</file>
         <name>atof.obj</name>
      </input_file>
      <input_file id="fl-cf">
         <path>C:\ti\ccsv6\tools\compiler\ti-cgt-arm_16.6.0.STS\lib\</path>
         <kind>archive</kind>
         <file>rtsv7M3_T_le_eabi.lib</file>
         <name>atoi.obj</name>
      </input_file>
      <input_file id="fl-d0">
         <path>C:\ti\ccsv6\tools\compiler\ti-cgt-arm_16.6.0.STS\lib\</path>
         <kind>archive</kind>
         <file>rtsv7M3_T_le_eabi.lib</file>
         <name>atol.obj</name>
      </input_file>
      <input_file id="fl-d1">
         <path>C:\ti\ccsv6\tools\compiler\ti-cgt-arm_16.6.0.STS\lib\</path>
         <kind>archive</kind>
         <file>rtsv7M3_T_le_eabi.lib</file>
         <name>boot.obj</name>
      </input_file>
      <input_file id="fl-d2">
         <path>C:\ti\ccsv6\tools\compiler\ti-cgt-arm_16.6.0.STS\lib\</path>
         <kind>archive</kind>
         <file>rtsv7M3_T_le_eabi.lib</file>
         <name>copy_decompress_lzss.obj</name>
      </input_file>
      <input_file id="fl-d3">
         <path>C:\ti\ccsv6\tools\compiler\ti-cgt-arm_16.6.0.STS\lib\</path>
         <kind>archive</kind>
         <file>rtsv7M3_T_le_eabi.lib</file>
         <name>copy_decompress_none.obj</name>
      </input_file>
      <input_file id="fl-d4">
         <path>C:\ti\ccsv6\tools\compiler\ti-cgt-arm_16.6.0.STS\lib\</path>
         <kind>archive</kind>
         <file>rtsv7M3_T_le_eabi.lib</file>
         <name>copy_zero_init.obj</name>
      </input_file>
      <input_file id="fl-d5">
         <path>C:\ti\ccsv6\tools\compiler\ti-cgt-arm_16.6.0.STS\lib\</path>
         <kind>archive</kind>
         <file>rtsv7M3_T_le_eabi.lib</file>
         <name>ctype.obj</name>
      </input_file>
      <input_file id="fl-d6">
         <path>C:\ti\ccsv6\tools\compiler\ti-cgt-arm_16.6.0.STS\lib\</path>
         <kind>archive</kind>
         <file>rtsv7M3_T_le_eabi.lib</file>
         <name>defs.obj</name>
      </input_file>
      <input_file id="fl-d7">
         <path>C:\ti\ccsv6\tools\compiler\ti-cgt-arm_16.6.0.STS\lib\</path>
         <kind>archive</kind>
         <file>rtsv7M3_T_le_eabi.lib</file>
         <name>e_fmod.obj</name>
      </input_file>
      <input_file id="fl-d8">
         <path>C:\ti\ccsv6\tools\compiler\ti-cgt-arm_16.6.0.STS\lib\</path>
         <kind>archive</kind>
         <file>rtsv7M3_T_le_eabi.lib</file>
         <name>exit.obj</name>
      </input_file>
      <input_file id="fl-d9">
         <path>C:\ti\ccsv6\tools\compiler\ti-cgt-arm_16.6.0.STS\lib\</path>
         <kind>archive</kind>
         <file>rtsv7M3_T_le_eabi.lib</file>
         <name>fd_div_t2.obj</name>
      </input_file>
      <input_file id="fl-da">
         <path>C:\ti\ccsv6\tools\compiler\ti-cgt-arm_16.6.0.STS\lib\</path>
         <kind>archive</kind>
         <file>rtsv7M3_T_le_eabi.lib</file>
         <name>fd_mul_t2.obj</name>
      </input_file>
      <input_file id="fl-db">
         <path>C:\ti\ccsv6\tools\compiler\ti-cgt-arm_16.6.0.STS\lib\</path>
         <kind>archive</kind>
         <file>rtsv7M3_T_le_eabi.lib</file>
         <name>fd_tos_t2.obj</name>
      </input_file>
      <input_file id="fl-dc">
         <path>C:\ti\ccsv6\tools\compiler\ti-cgt-arm_16.6.0.STS\lib\</path>
         <kind>archive</kind>
         <file>rtsv7M3_T_le_eabi.lib</file>
         <name>fd_tou_t2.obj</name>
      </input_file>
      <input_file id="fl-dd">
         <path>C:\ti\ccsv6\tools\compiler\ti-cgt-arm_16.6.0.STS\lib\</path>
         <kind>archive</kind>
         <file>rtsv7M3_T_le_eabi.lib</file>
         <name>fflush.obj</name>
      </input_file>
      <input_file id="fl-de">
         <path>C:\ti\ccsv6\tools\compiler\ti-cgt-arm_16.6.0.STS\lib\</path>
         <kind>archive</kind>
         <file>rtsv7M3_T_le_eabi.lib</file>
         <name>fs_add_t2.obj</name>
      </input_file>
      <input_file id="fl-df">
         <path>C:\ti\ccsv6\tools\compiler\ti-cgt-arm_16.6.0.STS\lib\</path>
         <kind>archive</kind>
         <file>rtsv7M3_T_le_eabi.lib</file>
         <name>fs_cmp_t2.obj</name>
      </input_file>
      <input_file id="fl-e0">
         <path>C:\ti\ccsv6\tools\compiler\ti-cgt-arm_16.6.0.STS\lib\</path>
         <kind>archive</kind>
         <file>rtsv7M3_T_le_eabi.lib</file>
         <name>fs_div_t2.obj</name>
      </input_file>
      <input_file id="fl-e1">
         <path>C:\ti\ccsv6\tools\compiler\ti-cgt-arm_16.6.0.STS\lib\</path>
         <kind>archive</kind>
         <file>rtsv7M3_T_le_eabi.lib</file>
         <name>fs_mul_t2.obj</name>
      </input_file>
      <input_file id="fl-e2">
         <path>C:\ti\ccsv6\tools\compiler\ti-cgt-arm_16.6.0.STS\lib\</path>
         <kind>archive</kind>
         <file>rtsv7M3_T_le_eabi.lib</file>
         <name>fs_tod_t2.obj</name>
      </input_file>
      <input_file id="fl-e3">
         <path>C:\ti\ccsv6\tools\compiler\ti-cgt-arm_16.6.0.STS\lib\</path>
         <kind>archive</kind>
         <file>rtsv7M3_T_le_eabi.lib</file>
         <name>fs_toi_t2.obj</name>
      </input_file>
      <input_file id="fl-e4">
         <path>C:\ti\ccsv6\tools\compiler\ti-cgt-arm_16.6.0.STS\lib\</path>
         <kind>archive</kind>
         <file>rtsv7M3_T_le_eabi.lib</file>
         <name>fs_tou_t2.obj</name>
      </input_file>
      <input_file id="fl-e5">
         <path>C:\ti\ccsv6\tools\compiler\ti-cgt-arm_16.6.0.STS\lib\</path>
         <kind>archive</kind>
         <file>rtsv7M3_T_le_eabi.lib</file>
         <name>i_tofs_t2.obj</name>
      </input_file>
      <input_file id="fl-e6">
         <path>C:\ti\ccsv6\tools\compiler\ti-cgt-arm_16.6.0.STS\lib\</path>
         <kind>archive</kind>
         <file>rtsv7M3_T_le_eabi.lib</file>
         <name>lowlev.obj</name>
      </input_file>
      <input_file id="fl-e7">
         <path>C:\ti\ccsv6\tools\compiler\ti-cgt-arm_16.6.0.STS\lib\</path>
         <kind>archive</kind>
         <file>rtsv7M3_T_le_eabi.lib</file>
         <name>memcmp.obj</name>
      </input_file>
      <input_file id="fl-e8">
         <path>C:\ti\ccsv6\tools\compiler\ti-cgt-arm_16.6.0.STS\lib\</path>
         <kind>archive</kind>
         <file>rtsv7M3_T_le_eabi.lib</file>
         <name>memcpy_t2.obj</name>
      </input_file>
      <input_file id="fl-e9">
         <path>C:\ti\ccsv6\tools\compiler\ti-cgt-arm_16.6.0.STS\lib\</path>
         <kind>archive</kind>
         <file>rtsv7M3_T_le_eabi.lib</file>
         <name>memory.obj</name>
      </input_file>
      <input_file id="fl-ea">
         <path>C:\ti\ccsv6\tools\compiler\ti-cgt-arm_16.6.0.STS\lib\</path>
         <kind>archive</kind>
         <file>rtsv7M3_T_le_eabi.lib</file>
         <name>memset_t2.obj</name>
      </input_file>
      <input_file id="fl-eb">
         <path>C:\ti\ccsv6\tools\compiler\ti-cgt-arm_16.6.0.STS\lib\</path>
         <kind>archive</kind>
         <file>rtsv7M3_T_le_eabi.lib</file>
         <name>mpu_init.obj</name>
      </input_file>
      <input_file id="fl-ec">
         <path>C:\ti\ccsv6\tools\compiler\ti-cgt-arm_16.6.0.STS\lib\</path>
         <kind>archive</kind>
         <file>rtsv7M3_T_le_eabi.lib</file>
         <name>pre_init.obj</name>
      </input_file>
      <input_file id="fl-ed">
         <path>C:\ti\ccsv6\tools\compiler\ti-cgt-arm_16.6.0.STS\lib\</path>
         <kind>archive</kind>
         <file>rtsv7M3_T_le_eabi.lib</file>
         <name>printf.obj</name>
      </input_file>
      <input_file id="fl-ee">
         <path>C:\ti\ccsv6\tools\compiler\ti-cgt-arm_16.6.0.STS\lib\</path>
         <kind>archive</kind>
         <file>rtsv7M3_T_le_eabi.lib</file>
         <name>sprintf.obj</name>
      </input_file>
      <input_file id="fl-ef">
         <path>C:\ti\ccsv6\tools\compiler\ti-cgt-arm_16.6.0.STS\lib\</path>
         <kind>archive</kind>
         <file>rtsv7M3_T_le_eabi.lib</file>
         <name>stkdepth_vars.obj</name>
      </input_file>
      <input_file id="fl-f0">
         <path>C:\ti\ccsv6\tools\compiler\ti-cgt-arm_16.6.0.STS\lib\</path>
         <kind>archive</kind>
         <file>rtsv7M3_T_le_eabi.lib</file>
         <name>strchr.obj</name>
      </input_file>
      <input_file id="fl-f1">
         <path>C:\ti\ccsv6\tools\compiler\ti-cgt-arm_16.6.0.STS\lib\</path>
         <kind>archive</kind>
         <file>rtsv7M3_T_le_eabi.lib</file>
         <name>strcmp.obj</name>
      </input_file>
      <input_file id="fl-f2">
         <path>C:\ti\ccsv6\tools\compiler\ti-cgt-arm_16.6.0.STS\lib\</path>
         <kind>archive</kind>
         <file>rtsv7M3_T_le_eabi.lib</file>
         <name>strcpy.obj</name>
      </input_file>
      <input_file id="fl-f3">
         <path>C:\ti\ccsv6\tools\compiler\ti-cgt-arm_16.6.0.STS\lib\</path>
         <kind>archive</kind>
         <file>rtsv7M3_T_le_eabi.lib</file>
         <name>strncpy.obj</name>
      </input_file>
      <input_file id="fl-f4">
         <path>C:\ti\ccsv6\tools\compiler\ti-cgt-arm_16.6.0.STS\lib\</path>
         <kind>archive</kind>
         <file>rtsv7M3_T_le_eabi.lib</file>
         <name>strstr.obj</name>
      </input_file>
      <input_file id="fl-f5">
         <path>C:\ti\ccsv6\tools\compiler\ti-cgt-arm_16.6.0.STS\lib\</path>
         <kind>archive</kind>
         <file>rtsv7M3_T_le_eabi.lib</file>
         <name>strtod.obj</name>
      </input_file>
      <input_file id="fl-f6">
         <path>C:\ti\ccsv6\tools\compiler\ti-cgt-arm_16.6.0.STS\lib\</path>
         <kind>archive</kind>
         <file>rtsv7M3_T_le_eabi.lib</file>
         <name>trgdrv.obj</name>
      </input_file>
      <input_file id="fl-f7">
         <path>C:\ti\ccsv6\tools\compiler\ti-cgt-arm_16.6.0.STS\lib\</path>
         <kind>archive</kind>
         <file>rtsv7M3_T_le_eabi.lib</file>
         <name>trgmsg.obj</name>
      </input_file>
      <input_file id="fl-f8">
         <path>C:\ti\ccsv6\tools\compiler\ti-cgt-arm_16.6.0.STS\lib\</path>
         <kind>archive</kind>
         <file>rtsv7M3_T_le_eabi.lib</file>
         <name>u_tofd_t2.obj</name>
      </input_file>
      <input_file id="fl-f9">
         <path>C:\ti\ccsv6\tools\compiler\ti-cgt-arm_16.6.0.STS\lib\</path>
         <kind>archive</kind>
         <file>rtsv7M3_T_le_eabi.lib</file>
         <name>_lock.obj</name>
      </input_file>
      <input_file id="fl-fa">
         <path>C:\ti\ccsv6\tools\compiler\ti-cgt-arm_16.6.0.STS\lib\</path>
         <kind>archive</kind>
         <file>rtsv7M3_T_le_eabi.lib</file>
         <name>_printfi.obj</name>
      </input_file>
      <input_file id="fl-fb">
         <path>C:\ti\ccsv6\tools\compiler\ti-cgt-arm_16.6.0.STS\lib\</path>
         <kind>archive</kind>
         <file>rtsv7M3_T_le_eabi.lib</file>
         <name>args_main.obj</name>
      </input_file>
      <input_file id="fl-fc">
         <path>C:\ti\ccsv6\tools\compiler\ti-cgt-arm_16.6.0.STS\lib\</path>
         <kind>archive</kind>
         <file>rtsv7M3_T_le_eabi.lib</file>
         <name>autoinit.obj</name>
      </input_file>
      <input_file id="fl-fd">
         <path>C:\ti\ccsv6\tools\compiler\ti-cgt-arm_16.6.0.STS\lib\</path>
         <kind>archive</kind>
         <file>rtsv7M3_T_le_eabi.lib</file>
         <name>cpy_tbl.obj</name>
      </input_file>
      <input_file id="fl-fe">
         <path>C:\ti\ccsv6\tools\compiler\ti-cgt-arm_16.6.0.STS\lib\</path>
         <kind>archive</kind>
         <file>rtsv7M3_T_le_eabi.lib</file>
         <name>errno.obj</name>
      </input_file>
      <input_file id="fl-ff">
         <path>C:\ti\ccsv6\tools\compiler\ti-cgt-arm_16.6.0.STS\lib\</path>
         <kind>archive</kind>
         <file>rtsv7M3_T_le_eabi.lib</file>
         <name>fd_add_t2.obj</name>
      </input_file>
      <input_file id="fl-100">
         <path>C:\ti\ccsv6\tools\compiler\ti-cgt-arm_16.6.0.STS\lib\</path>
         <kind>archive</kind>
         <file>rtsv7M3_T_le_eabi.lib</file>
         <name>fd_cmp_t2.obj</name>
      </input_file>
      <input_file id="fl-101">
         <path>C:\ti\ccsv6\tools\compiler\ti-cgt-arm_16.6.0.STS\lib\</path>
         <kind>archive</kind>
         <file>rtsv7M3_T_le_eabi.lib</file>
         <name>fd_toi_t2.obj</name>
      </input_file>
      <input_file id="fl-102">
         <path>C:\ti\ccsv6\tools\compiler\ti-cgt-arm_16.6.0.STS\lib\</path>
         <kind>archive</kind>
         <file>rtsv7M3_T_le_eabi.lib</file>
         <name>fputc.obj</name>
      </input_file>
      <input_file id="fl-103">
         <path>C:\ti\ccsv6\tools\compiler\ti-cgt-arm_16.6.0.STS\lib\</path>
         <kind>archive</kind>
         <file>rtsv7M3_T_le_eabi.lib</file>
         <name>fputs.obj</name>
      </input_file>
      <input_file id="fl-104">
         <path>C:\ti\ccsv6\tools\compiler\ti-cgt-arm_16.6.0.STS\lib\</path>
         <kind>archive</kind>
         <file>rtsv7M3_T_le_eabi.lib</file>
         <name>i_tofd_t2.obj</name>
      </input_file>
      <input_file id="fl-105">
         <path>C:\ti\ccsv6\tools\compiler\ti-cgt-arm_16.6.0.STS\lib\</path>
         <kind>archive</kind>
         <file>rtsv7M3_T_le_eabi.lib</file>
         <name>ltoa.obj</name>
      </input_file>
      <input_file id="fl-106">
         <path>C:\ti\ccsv6\tools\compiler\ti-cgt-arm_16.6.0.STS\lib\</path>
         <kind>archive</kind>
         <file>rtsv7M3_T_le_eabi.lib</file>
         <name>memccpy.obj</name>
      </input_file>
      <input_file id="fl-107">
         <path>C:\ti\ccsv6\tools\compiler\ti-cgt-arm_16.6.0.STS\lib\</path>
         <kind>archive</kind>
         <file>rtsv7M3_T_le_eabi.lib</file>
         <name>memchr.obj</name>
      </input_file>
      <input_file id="fl-108">
         <path>C:\ti\ccsv6\tools\compiler\ti-cgt-arm_16.6.0.STS\lib\</path>
         <kind>archive</kind>
         <file>rtsv7M3_T_le_eabi.lib</file>
         <name>s_frexp.obj</name>
      </input_file>
      <input_file id="fl-109">
         <path>C:\ti\ccsv6\tools\compiler\ti-cgt-arm_16.6.0.STS\lib\</path>
         <kind>archive</kind>
         <file>rtsv7M3_T_le_eabi.lib</file>
         <name>s_scalbn.obj</name>
      </input_file>
      <input_file id="fl-10a">
         <path>C:\ti\ccsv6\tools\compiler\ti-cgt-arm_16.6.0.STS\lib\</path>
         <kind>archive</kind>
         <file>rtsv7M3_T_le_eabi.lib</file>
         <name>startup.obj</name>
      </input_file>
      <input_file id="fl-10b">
         <path>C:\ti\ccsv6\tools\compiler\ti-cgt-arm_16.6.0.STS\lib\</path>
         <kind>archive</kind>
         <file>rtsv7M3_T_le_eabi.lib</file>
         <name>strlen.obj</name>
      </input_file>
      <input_file id="fl-10c">
         <path>C:\ti\ccsv6\tools\compiler\ti-cgt-arm_16.6.0.STS\lib\</path>
         <kind>archive</kind>
         <file>rtsv7M3_T_le_eabi.lib</file>
         <name>ull_div_t2.obj</name>
      </input_file>
      <input_file id="fl-10d">
         <path>C:\ti\ccsv6\tools\compiler\ti-cgt-arm_16.6.0.STS\lib\</path>
         <kind>archive</kind>
         <file>rtsv7M3_T_le_eabi.lib</file>
         <name>_io_perm.obj</name>
      </input_file>
      <input_file id="fl-10e">
         <path>C:\ti\ccsv6\tools\compiler\ti-cgt-arm_16.6.0.STS\lib\</path>
         <kind>archive</kind>
         <file>rtsv7M3_T_le_eabi.lib</file>
         <name>fseek.obj</name>
      </input_file>
      <input_file id="fl-10f">
         <path>C:\ti\ccsv6\tools\compiler\ti-cgt-arm_16.6.0.STS\lib\</path>
         <kind>archive</kind>
         <file>rtsv7M3_T_le_eabi.lib</file>
         <name>s_copysign.obj</name>
      </input_file>
      <input_file id="fl-110">
         <path>C:\ti\ccsv6\tools\compiler\ti-cgt-arm_16.6.0.STS\lib\</path>
         <kind>archive</kind>
         <file>rtsv7M3_T_le_eabi.lib</file>
         <name>setvbuf.obj</name>
      </input_file>
      <input_file id="fl-111">
         <path>C:\ti\ccsv6\tools\compiler\ti-cgt-arm_16.6.0.STS\lib\</path>
         <kind>archive</kind>
         <file>rtsv7M3_T_le_eabi.lib</file>
         <name>fopen.obj</name>
      </input_file>
      <input_file id="fl-112">
         <path>C:\ti\ccsv6\tools\compiler\ti-cgt-arm_16.6.0.STS\lib\</path>
         <kind>archive</kind>
         <file>rtsv7M3_T_le_eabi.lib</file>
         <name>fclose.obj</name>
      </input_file>
      <input_file id="fl-113">
         <path>C:\ti\ccsv6\tools\compiler\ti-cgt-arm_16.6.0.STS\lib\</path>
         <kind>archive</kind>
         <file>rtsv7M3_T_le_eabi.lib</file>
         <name>remove.obj</name>
      </input_file>
      <input_file id="fl-114">
         <path>C:\ti\StellarisWare\driverlib\ccs-cm3\Debug\</path>
         <kind>archive</kind>
         <file>driverlib-cm3.lib</file>
         <name>uart.obj</name>
      </input_file>
      <input_file id="fl-115">
         <path>C:\ti\StellarisWare\driverlib\ccs-cm3\Debug\</path>
         <kind>archive</kind>
         <file>driverlib-cm3.lib</file>
         <name>timer.obj</name>
      </input_file>
      <input_file id="fl-116">
         <path>C:\ti\StellarisWare\driverlib\ccs-cm3\Debug\</path>
         <kind>archive</kind>
         <file>driverlib-cm3.lib</file>
         <name>sysctl.obj</name>
      </input_file>
      <input_file id="fl-117">
         <path>C:\ti\StellarisWare\driverlib\ccs-cm3\Debug\</path>
         <kind>archive</kind>
         <file>driverlib-cm3.lib</file>
         <name>ssi.obj</name>
      </input_file>
      <input_file id="fl-118">
         <path>C:\ti\StellarisWare\driverlib\ccs-cm3\Debug\</path>
         <kind>archive</kind>
         <file>driverlib-cm3.lib</file>
         <name>pwm.obj</name>
      </input_file>
      <input_file id="fl-119">
         <path>C:\ti\StellarisWare\driverlib\ccs-cm3\Debug\</path>
         <kind>archive</kind>
         <file>driverlib-cm3.lib</file>
         <name>interrupt.obj</name>
      </input_file>
      <input_file id="fl-11a">
         <path>C:\ti\StellarisWare\driverlib\ccs-cm3\Debug\</path>
         <kind>archive</kind>
         <file>driverlib-cm3.lib</file>
         <name>gpio.obj</name>
      </input_file>
      <input_file id="fl-11b">
         <path>C:\ti\StellarisWare\driverlib\ccs-cm3\Debug\</path>
         <kind>archive</kind>
         <file>driverlib-cm3.lib</file>
         <name>cpu.obj</name>
      </input_file>
      <input_file id="fl-11c">
         <path>C:\ti\StellarisWare\driverlib\ccs-cm3\Debug\</path>
         <kind>archive</kind>
         <file>driverlib-cm3.lib</file>
         <name>adc.obj</name>
      </input_file>
   </input_file_list>
   <object_component_list>
      <object_component id="oc-e">
         <name>.intvecs</name>
         <load_address>0x0</load_address>
         <run_address>0x0</run_address>
         <size>0xf0</size>
         <input_file_ref idref="fl-e"/>
      </object_component>
      <object_component id="oc-427">
         <name>.text</name>
         <load_address>0xf0</load_address>
         <run_address>0xf0</run_address>
         <size>0x1102</size>
         <input_file_ref idref="fl-fa"/>
      </object_component>
      <object_component id="oc-6a">
         <name>.text</name>
         <load_address>0x11f2</load_address>
         <run_address>0x11f2</run_address>
         <size>0x2</size>
         <input_file_ref idref="fl-eb"/>
      </object_component>
      <object_component id="oc-94">
         <name>.text</name>
         <load_address>0x11f4</load_address>
         <run_address>0x11f4</run_address>
         <size>0xc74</size>
         <input_file_ref idref="fl-f"/>
      </object_component>
      <object_component id="oc-1bc">
         <name>.text</name>
         <load_address>0x1e68</load_address>
         <run_address>0x1e68</run_address>
         <size>0x8b0</size>
         <input_file_ref idref="fl-5"/>
      </object_component>
      <object_component id="oc-1e2">
         <name>.text</name>
         <load_address>0x2718</load_address>
         <run_address>0x2718</run_address>
         <size>0x6a2</size>
         <input_file_ref idref="fl-6"/>
      </object_component>
      <object_component id="oc-f1">
         <name>.text</name>
         <load_address>0x2dba</load_address>
         <run_address>0x2dba</run_address>
         <size>0x2</size>
         <input_file_ref idref="fl-10a"/>
      </object_component>
      <object_component id="oc-f9">
         <name>.text</name>
         <load_address>0x2dbc</load_address>
         <run_address>0x2dbc</run_address>
         <size>0x688</size>
         <input_file_ref idref="fl-a"/>
      </object_component>
      <object_component id="oc-ad">
         <name>.text</name>
         <load_address>0x3444</load_address>
         <run_address>0x3444</run_address>
         <size>0x614</size>
         <input_file_ref idref="fl-b"/>
      </object_component>
      <object_component id="oc-26b">
         <name>.text</name>
         <load_address>0x3a58</load_address>
         <run_address>0x3a58</run_address>
         <size>0x510</size>
         <input_file_ref idref="fl-c"/>
      </object_component>
      <object_component id="oc-2cf">
         <name>.text</name>
         <load_address>0x3f68</load_address>
         <run_address>0x3f68</run_address>
         <size>0x3cc</size>
         <input_file_ref idref="fl-e9"/>
      </object_component>
      <object_component id="oc-1a3">
         <name>.text</name>
         <load_address>0x4334</load_address>
         <run_address>0x4334</run_address>
         <size>0x3ac</size>
         <input_file_ref idref="fl-7"/>
      </object_component>
      <object_component id="oc-3fa">
         <name>.text</name>
         <load_address>0x46e0</load_address>
         <run_address>0x46e0</run_address>
         <size>0x23c</size>
         <input_file_ref idref="fl-f5"/>
      </object_component>
      <object_component id="oc-2fb">
         <name>.text</name>
         <load_address>0x491c</load_address>
         <run_address>0x491c</run_address>
         <size>0x224</size>
         <input_file_ref idref="fl-d7"/>
      </object_component>
      <object_component id="oc-489">
         <name>.text</name>
         <load_address>0x4b40</load_address>
         <run_address>0x4b40</run_address>
         <size>0x1f4</size>
         <input_file_ref idref="fl-10c"/>
      </object_component>
      <object_component id="oc-1d7">
         <name>.text:SysCtlClockGet</name>
         <load_address>0x4d34</load_address>
         <run_address>0x4d34</run_address>
         <size>0x1d8</size>
         <input_file_ref idref="fl-116"/>
      </object_component>
      <object_component id="oc-13d">
         <name>.text</name>
         <load_address>0x4f0c</load_address>
         <run_address>0x4f0c</run_address>
         <size>0x1bc</size>
         <input_file_ref idref="fl-11"/>
      </object_component>
      <object_component id="oc-467">
         <name>.text</name>
         <load_address>0x50c8</load_address>
         <run_address>0x50c8</run_address>
         <size>0x1b6</size>
         <input_file_ref idref="fl-ff"/>
      </object_component>
      <object_component id="oc-1d1">
         <name>.text</name>
         <load_address>0x5280</load_address>
         <run_address>0x5280</run_address>
         <size>0x1a8</size>
         <input_file_ref idref="fl-d"/>
      </object_component>
      <object_component id="oc-2c9">
         <name>.text</name>
         <load_address>0x5428</load_address>
         <run_address>0x5428</run_address>
         <size>0x15c</size>
         <input_file_ref idref="fl-2"/>
      </object_component>
      <object_component id="oc-1db">
         <name>.text</name>
         <load_address>0x5584</load_address>
         <run_address>0x5584</run_address>
         <size>0x14c</size>
         <input_file_ref idref="fl-3"/>
      </object_component>
      <object_component id="oc-24b">
         <name>.text:SysCtlClockSet</name>
         <load_address>0x56d0</load_address>
         <run_address>0x56d0</run_address>
         <size>0x144</size>
         <input_file_ref idref="fl-116"/>
      </object_component>
      <object_component id="oc-32a">
         <name>.text</name>
         <load_address>0x5814</load_address>
         <run_address>0x5814</run_address>
         <size>0x136</size>
         <input_file_ref idref="fl-d9"/>
      </object_component>
      <object_component id="oc-11b">
         <name>.text</name>
         <load_address>0x594a</load_address>
         <run_address>0x594a</run_address>
         <size>0x12e</size>
         <input_file_ref idref="fl-9"/>
      </object_component>
      <object_component id="oc-1c7">
         <name>.text</name>
         <load_address>0x5a78</load_address>
         <run_address>0x5a78</run_address>
         <size>0x11c</size>
         <input_file_ref idref="fl-4"/>
      </object_component>
      <object_component id="oc-301">
         <name>.text</name>
         <load_address>0x5b94</load_address>
         <run_address>0x5b94</run_address>
         <size>0xfc</size>
         <input_file_ref idref="fl-da"/>
      </object_component>
      <object_component id="oc-31b">
         <name>.text</name>
         <load_address>0x5c90</load_address>
         <run_address>0x5c90</run_address>
         <size>0xfa</size>
         <input_file_ref idref="fl-de"/>
      </object_component>
      <object_component id="oc-38">
         <name>.text</name>
         <load_address>0x5d8c</load_address>
         <run_address>0x5d8c</run_address>
         <size>0xe4</size>
         <input_file_ref idref="fl-12"/>
      </object_component>
      <object_component id="oc-4af">
         <name>.text</name>
         <load_address>0x5e70</load_address>
         <run_address>0x5e70</run_address>
         <size>0xd0</size>
         <input_file_ref idref="fl-109"/>
      </object_component>
      <object_component id="oc-253">
         <name>.text:GPIOPadConfigSet</name>
         <load_address>0x5f40</load_address>
         <run_address>0x5f40</run_address>
         <size>0xc8</size>
         <input_file_ref idref="fl-11a"/>
      </object_component>
      <object_component id="oc-3e">
         <name>.text</name>
         <load_address>0x6008</load_address>
         <run_address>0x6008</run_address>
         <size>0xb4</size>
         <input_file_ref idref="fl-8"/>
      </object_component>
      <object_component id="oc-33">
         <name>.text</name>
         <load_address>0x60bc</load_address>
         <run_address>0x60bc</run_address>
         <size>0x9c</size>
         <input_file_ref idref="fl-13"/>
      </object_component>
      <object_component id="oc-52">
         <name>.text</name>
         <load_address>0x6158</load_address>
         <run_address>0x6158</run_address>
         <size>0x9c</size>
         <input_file_ref idref="fl-e8"/>
      </object_component>
      <object_component id="oc-320">
         <name>.text</name>
         <load_address>0x61f4</load_address>
         <run_address>0x61f4</run_address>
         <size>0x92</size>
         <input_file_ref idref="fl-e0"/>
      </object_component>
      <object_component id="oc-247">
         <name>.text:SysCtlPeripheralReset</name>
         <load_address>0x6288</load_address>
         <run_address>0x6288</run_address>
         <size>0x88</size>
         <input_file_ref idref="fl-116"/>
      </object_component>
      <object_component id="oc-46c">
         <name>.text:__aeabi_cdcmple</name>
         <load_address>0x6310</load_address>
         <run_address>0x6310</run_address>
         <size>0x86</size>
         <input_file_ref idref="fl-100"/>
      </object_component>
      <object_component id="oc-494">
         <name>.text:__aeabi_cdrcmple</name>
         <load_address>0x6396</load_address>
         <run_address>0x6396</run_address>
         <size>0x86</size>
         <input_file_ref idref="fl-100"/>
      </object_component>
      <object_component id="oc-316">
         <name>.text</name>
         <load_address>0x641c</load_address>
         <run_address>0x641c</run_address>
         <size>0x7a</size>
         <input_file_ref idref="fl-e1"/>
      </object_component>
      <object_component id="oc-5e">
         <name>.text</name>
         <load_address>0x6496</load_address>
         <run_address>0x6496</run_address>
         <size>0x7a</size>
         <input_file_ref idref="fl-ea"/>
      </object_component>
      <object_component id="oc-76">
         <name>.text</name>
         <load_address>0x6510</load_address>
         <run_address>0x6510</run_address>
         <size>0x70</size>
         <input_file_ref idref="fl-fc"/>
      </object_component>
      <object_component id="oc-2ec">
         <name>.text</name>
         <load_address>0x6580</load_address>
         <run_address>0x6580</run_address>
         <size>0x6e</size>
         <input_file_ref idref="fl-db"/>
      </object_component>
      <object_component id="oc-279">
         <name>.text:ADCSequenceStepConfigure</name>
         <load_address>0x65ee</load_address>
         <run_address>0x65ee</run_address>
         <size>0x6c</size>
         <input_file_ref idref="fl-11c"/>
      </object_component>
      <object_component id="oc-11">
         <name>.text:decompress:lzss</name>
         <load_address>0x665a</load_address>
         <run_address>0x665a</run_address>
         <size>0x66</size>
         <input_file_ref idref="fl-d2"/>
      </object_component>
      <object_component id="oc-267">
         <name>.text:IntEnable</name>
         <load_address>0x66c0</load_address>
         <run_address>0x66c0</run_address>
         <size>0x64</size>
         <input_file_ref idref="fl-119"/>
      </object_component>
      <object_component id="oc-344">
         <name>.text:__aeabi_cfrcmple</name>
         <load_address>0x6724</load_address>
         <run_address>0x6724</run_address>
         <size>0x60</size>
         <input_file_ref idref="fl-df"/>
      </object_component>
      <object_component id="oc-352">
         <name>.text</name>
         <load_address>0x6784</load_address>
         <run_address>0x6784</run_address>
         <size>0x60</size>
         <input_file_ref idref="fl-ee"/>
      </object_component>
      <object_component id="oc-4a9">
         <name>.text</name>
         <load_address>0x67e4</load_address>
         <run_address>0x67e4</run_address>
         <size>0x5c</size>
         <input_file_ref idref="fl-108"/>
      </object_component>
      <object_component id="oc-24f">
         <name>.text:SysCtlPeripheralEnable</name>
         <load_address>0x6840</load_address>
         <run_address>0x6840</run_address>
         <size>0x58</size>
         <input_file_ref idref="fl-116"/>
      </object_component>
      <object_component id="oc-49e">
         <name>.text</name>
         <load_address>0x6898</load_address>
         <run_address>0x6898</run_address>
         <size>0x56</size>
         <input_file_ref idref="fl-105"/>
      </object_component>
      <object_component id="oc-82">
         <name>.text</name>
         <load_address>0x68f0</load_address>
         <run_address>0x68f0</run_address>
         <size>0x54</size>
         <input_file_ref idref="fl-d8"/>
      </object_component>
      <object_component id="oc-334">
         <name>.text</name>
         <load_address>0x6944</load_address>
         <run_address>0x6944</run_address>
         <size>0x4c</size>
         <input_file_ref idref="fl-cf"/>
      </object_component>
      <object_component id="oc-30b">
         <name>.text</name>
         <load_address>0x6990</load_address>
         <run_address>0x6990</run_address>
         <size>0x4c</size>
         <input_file_ref idref="fl-d0"/>
      </object_component>
      <object_component id="oc-eb">
         <name>.text</name>
         <load_address>0x69dc</load_address>
         <run_address>0x69dc</run_address>
         <size>0x4c</size>
         <input_file_ref idref="fl-fd"/>
      </object_component>
      <object_component id="oc-499">
         <name>.text</name>
         <load_address>0x6a28</load_address>
         <run_address>0x6a28</run_address>
         <size>0x48</size>
         <input_file_ref idref="fl-101"/>
      </object_component>
      <object_component id="oc-25b">
         <name>.text:GPIOIntTypeSet</name>
         <load_address>0x6a70</load_address>
         <run_address>0x6a70</run_address>
         <size>0x44</size>
         <input_file_ref idref="fl-11a"/>
      </object_component>
      <object_component id="oc-39c">
         <name>.text:SSIConfigSetExpClk</name>
         <load_address>0x6ab4</load_address>
         <run_address>0x6ab4</run_address>
         <size>0x44</size>
         <input_file_ref idref="fl-117"/>
      </object_component>
      <object_component id="oc-306">
         <name>.text</name>
         <load_address>0x6af8</load_address>
         <run_address>0x6af8</run_address>
         <size>0x44</size>
         <input_file_ref idref="fl-dc"/>
      </object_component>
      <object_component id="oc-2a5">
         <name>.text:UARTConfigSetExpClk</name>
         <load_address>0x6b3c</load_address>
         <run_address>0x6b3c</run_address>
         <size>0x42</size>
         <input_file_ref idref="fl-114"/>
      </object_component>
      <object_component id="oc-23">
         <name>.text</name>
         <load_address>0x6b80</load_address>
         <run_address>0x6b80</run_address>
         <size>0x40</size>
         <input_file_ref idref="fl-d1"/>
      </object_component>
      <object_component id="oc-2f6">
         <name>.text</name>
         <load_address>0x6bc0</load_address>
         <run_address>0x6bc0</run_address>
         <size>0x38</size>
         <input_file_ref idref="fl-e2"/>
      </object_component>
      <object_component id="oc-325">
         <name>.text</name>
         <load_address>0x6bf8</load_address>
         <run_address>0x6bf8</run_address>
         <size>0x38</size>
         <input_file_ref idref="fl-e3"/>
      </object_component>
      <object_component id="oc-311">
         <name>.text</name>
         <load_address>0x6c30</load_address>
         <run_address>0x6c30</run_address>
         <size>0x38</size>
         <input_file_ref idref="fl-e5"/>
      </object_component>
      <object_component id="oc-136">
         <name>.text</name>
         <load_address>0x6c68</load_address>
         <run_address>0x6c68</run_address>
         <size>0x36</size>
         <input_file_ref idref="fl-f3"/>
      </object_component>
      <object_component id="oc-33a">
         <name>.text</name>
         <load_address>0x6c9e</load_address>
         <run_address>0x6c9e</run_address>
         <size>0x36</size>
         <input_file_ref idref="fl-f4"/>
      </object_component>
      <object_component id="oc-2f1">
         <name>.text</name>
         <load_address>0x6cd4</load_address>
         <run_address>0x6cd4</run_address>
         <size>0x34</size>
         <input_file_ref idref="fl-e4"/>
      </object_component>
      <object_component id="oc-3e8">
         <name>.text:ADCIntStatus</name>
         <load_address>0x6d08</load_address>
         <run_address>0x6d08</run_address>
         <size>0x2e</size>
         <input_file_ref idref="fl-11c"/>
      </object_component>
      <object_component id="oc-37f">
         <name>.text:GPIODirModeSet</name>
         <load_address>0x6d36</load_address>
         <run_address>0x6d36</run_address>
         <size>0x2e</size>
         <input_file_ref idref="fl-11a"/>
      </object_component>
      <object_component id="oc-4a4">
         <name>.text</name>
         <load_address>0x6d64</load_address>
         <run_address>0x6d64</run_address>
         <size>0x2e</size>
         <input_file_ref idref="fl-104"/>
      </object_component>
      <object_component id="oc-275">
         <name>.text:ADCSequenceConfigure</name>
         <load_address>0x6d92</load_address>
         <run_address>0x6d92</run_address>
         <size>0x2a</size>
         <input_file_ref idref="fl-11c"/>
      </object_component>
      <object_component id="oc-28d">
         <name>.text:PWMGenConfigure</name>
         <load_address>0x6dbc</load_address>
         <run_address>0x6dbc</run_address>
         <size>0x28</size>
         <input_file_ref idref="fl-118"/>
      </object_component>
      <object_component id="oc-263">
         <name>.text:IntPrioritySet</name>
         <load_address>0x6de4</load_address>
         <run_address>0x6de4</run_address>
         <size>0x24</size>
         <input_file_ref idref="fl-119"/>
      </object_component>
      <object_component id="oc-2b5">
         <name>.text:TimerConfigure</name>
         <load_address>0x6e08</load_address>
         <run_address>0x6e08</run_address>
         <size>0x24</size>
         <input_file_ref idref="fl-115"/>
      </object_component>
      <object_component id="oc-130">
         <name>.text</name>
         <load_address>0x6e2c</load_address>
         <run_address>0x6e2c</run_address>
         <size>0x24</size>
         <input_file_ref idref="fl-e7"/>
      </object_component>
      <object_component id="oc-3ec">
         <name>.text:ADCSequenceDataGet</name>
         <load_address>0x6e50</load_address>
         <run_address>0x6e50</run_address>
         <size>0x20</size>
         <input_file_ref idref="fl-11c"/>
      </object_component>
      <object_component id="oc-32f">
         <name>.text</name>
         <load_address>0x6e70</load_address>
         <run_address>0x6e70</run_address>
         <size>0x20</size>
         <input_file_ref idref="fl-f8"/>
      </object_component>
      <object_component id="oc-295">
         <name>.text:PWMPulseWidthSet</name>
         <load_address>0x6e90</load_address>
         <run_address>0x6e90</run_address>
         <size>0x1e</size>
         <input_file_ref idref="fl-118"/>
      </object_component>
      <object_component id="oc-3cf">
         <name>.text:UARTDisable</name>
         <load_address>0x6eb0</load_address>
         <run_address>0x6eb0</run_address>
         <size>0x1c</size>
         <input_file_ref idref="fl-114"/>
      </object_component>
      <object_component id="oc-4b5">
         <name>.text</name>
         <load_address>0x6ecc</load_address>
         <run_address>0x6ecc</run_address>
         <size>0x1a</size>
         <input_file_ref idref="fl-106"/>
      </object_component>
      <object_component id="oc-7c">
         <name>.text</name>
         <load_address>0x6ee8</load_address>
         <run_address>0x6ee8</run_address>
         <size>0x18</size>
         <input_file_ref idref="fl-fb"/>
      </object_component>
      <object_component id="oc-3e4">
         <name>.text:ADCProcessorTrigger</name>
         <load_address>0x6f00</load_address>
         <run_address>0x6f00</run_address>
         <size>0x16</size>
         <input_file_ref idref="fl-11c"/>
      </object_component>
      <object_component id="oc-29d">
         <name>.text:PWMOutputState</name>
         <load_address>0x6f16</load_address>
         <run_address>0x6f16</run_address>
         <size>0x16</size>
         <input_file_ref idref="fl-118"/>
      </object_component>
      <object_component id="oc-2e0">
         <name>.text</name>
         <load_address>0x6f2c</load_address>
         <run_address>0x6f2c</run_address>
         <size>0x16</size>
         <input_file_ref idref="fl-f0"/>
      </object_component>
      <object_component id="oc-1ad">
         <name>.text</name>
         <load_address>0x6f42</load_address>
         <run_address>0x6f42</run_address>
         <size>0x16</size>
         <input_file_ref idref="fl-f2"/>
      </object_component>
      <object_component id="oc-291">
         <name>.text:PWMGenPeriodSet</name>
         <load_address>0x6f58</load_address>
         <run_address>0x6f58</run_address>
         <size>0x14</size>
         <input_file_ref idref="fl-118"/>
      </object_component>
      <object_component id="oc-289">
         <name>.text:SysCtlPWMClockSet</name>
         <load_address>0x6f6c</load_address>
         <run_address>0x6f6c</run_address>
         <size>0x14</size>
         <input_file_ref idref="fl-116"/>
      </object_component>
      <object_component id="oc-2b1">
         <name>.text:UARTEnable</name>
         <load_address>0x6f80</load_address>
         <run_address>0x6f80</run_address>
         <size>0x14</size>
         <input_file_ref idref="fl-114"/>
      </object_component>
      <object_component id="oc-1f2">
         <name>.text</name>
         <load_address>0x6f94</load_address>
         <run_address>0x6f94</run_address>
         <size>0x14</size>
         <input_file_ref idref="fl-f9"/>
      </object_component>
      <object_component id="oc-48e">
         <name>.text</name>
         <load_address>0x6fa8</load_address>
         <run_address>0x6fa8</run_address>
         <size>0x14</size>
         <input_file_ref idref="fl-10b"/>
      </object_component>
      <object_component id="oc-271">
         <name>.text:GPIOPinTypeADC</name>
         <load_address>0x6fbc</load_address>
         <run_address>0x6fbc</run_address>
         <size>0x12</size>
         <input_file_ref idref="fl-11a"/>
      </object_component>
      <object_component id="oc-257">
         <name>.text:GPIOPinTypeGPIOOutput</name>
         <load_address>0x6fce</load_address>
         <run_address>0x6fce</run_address>
         <size>0x12</size>
         <input_file_ref idref="fl-11a"/>
      </object_component>
      <object_component id="oc-285">
         <name>.text:GPIOPinTypePWM</name>
         <load_address>0x6fe0</load_address>
         <run_address>0x6fe0</run_address>
         <size>0x12</size>
         <input_file_ref idref="fl-11a"/>
      </object_component>
      <object_component id="oc-3a0">
         <name>.text:GPIOPinTypeSSI</name>
         <load_address>0x6ff2</load_address>
         <run_address>0x6ff2</run_address>
         <size>0x12</size>
         <input_file_ref idref="fl-11a"/>
      </object_component>
      <object_component id="oc-2a1">
         <name>.text:GPIOPinTypeUART</name>
         <load_address>0x7004</load_address>
         <run_address>0x7004</run_address>
         <size>0x12</size>
         <input_file_ref idref="fl-11a"/>
      </object_component>
      <object_component id="oc-3a8">
         <name>.text:SSIDataGetNonBlocking</name>
         <load_address>0x7016</load_address>
         <run_address>0x7016</run_address>
         <size>0x12</size>
         <input_file_ref idref="fl-117"/>
      </object_component>
      <object_component id="oc-2b9">
         <name>.text:TimerLoadSet</name>
         <load_address>0x7028</load_address>
         <run_address>0x7028</run_address>
         <size>0x12</size>
         <input_file_ref idref="fl-115"/>
      </object_component>
      <object_component id="oc-1b3">
         <name>.text:UARTCharGetNonBlocking</name>
         <load_address>0x703a</load_address>
         <run_address>0x703a</run_address>
         <size>0x10</size>
         <input_file_ref idref="fl-114"/>
      </object_component>
      <object_component id="oc-27d">
         <name>.text:ADCSequenceEnable</name>
         <load_address>0x704a</load_address>
         <run_address>0x704a</run_address>
         <size>0xe</size>
         <input_file_ref idref="fl-11c"/>
      </object_component>
      <object_component id="oc-2c1">
         <name>.text:TimerEnable</name>
         <load_address>0x7058</load_address>
         <run_address>0x7058</run_address>
         <size>0xe</size>
         <input_file_ref idref="fl-115"/>
      </object_component>
      <object_component id="oc-17">
         <name>.text:decompress:none</name>
         <load_address>0x7066</load_address>
         <run_address>0x7066</run_address>
         <size>0xe</size>
         <input_file_ref idref="fl-d3"/>
      </object_component>
      <object_component id="oc-3db">
         <name>.text:CPUcpsid</name>
         <load_address>0x7074</load_address>
         <run_address>0x7074</run_address>
         <size>0xc</size>
         <input_file_ref idref="fl-11b"/>
      </object_component>
      <object_component id="oc-2d7">
         <name>.text:CPUcpsie</name>
         <load_address>0x7080</load_address>
         <run_address>0x7080</run_address>
         <size>0xc</size>
         <input_file_ref idref="fl-11b"/>
      </object_component>
      <object_component id="oc-25f">
         <name>.text:GPIOPinIntEnable</name>
         <load_address>0x708c</load_address>
         <run_address>0x708c</run_address>
         <size>0xc</size>
         <input_file_ref idref="fl-11a"/>
      </object_component>
      <object_component id="oc-1b7">
         <name>.text:UARTCharsAvail</name>
         <load_address>0x7098</load_address>
         <run_address>0x7098</run_address>
         <size>0xc</size>
         <input_file_ref idref="fl-114"/>
      </object_component>
      <object_component id="oc-1d">
         <name>.text:decompress:ZI</name>
         <load_address>0x70a4</load_address>
         <run_address>0x70a4</run_address>
         <size>0xc</size>
         <input_file_ref idref="fl-d4"/>
      </object_component>
      <object_component id="oc-2d">
         <name>.text</name>
         <load_address>0x70b0</load_address>
         <run_address>0x70b0</run_address>
         <size>0xc</size>
         <input_file_ref idref="fl-e"/>
      </object_component>
      <object_component id="oc-281">
         <name>.text:ADCIntClear</name>
         <load_address>0x70bc</load_address>
         <run_address>0x70bc</run_address>
         <size>0xa</size>
         <input_file_ref idref="fl-11c"/>
      </object_component>
      <object_component id="oc-2c5">
         <name>.text:IntMasterDisable</name>
         <load_address>0x70c6</load_address>
         <run_address>0x70c6</run_address>
         <size>0xa</size>
         <input_file_ref idref="fl-119"/>
      </object_component>
      <object_component id="oc-1a9">
         <name>.text:IntMasterEnable</name>
         <load_address>0x70d0</load_address>
         <run_address>0x70d0</run_address>
         <size>0xa</size>
         <input_file_ref idref="fl-119"/>
      </object_component>
      <object_component id="oc-299">
         <name>.text:PWMGenEnable</name>
         <load_address>0x70da</load_address>
         <run_address>0x70da</run_address>
         <size>0xa</size>
         <input_file_ref idref="fl-118"/>
      </object_component>
      <object_component id="oc-391">
         <name>.text:SSIDataPut</name>
         <load_address>0x70e4</load_address>
         <run_address>0x70e4</run_address>
         <size>0xa</size>
         <input_file_ref idref="fl-117"/>
      </object_component>
      <object_component id="oc-398">
         <name>.text:SSIDisable</name>
         <load_address>0x70ee</load_address>
         <run_address>0x70ee</run_address>
         <size>0xa</size>
         <input_file_ref idref="fl-117"/>
      </object_component>
      <object_component id="oc-3a4">
         <name>.text:SSIEnable</name>
         <load_address>0x70f8</load_address>
         <run_address>0x70f8</run_address>
         <size>0xa</size>
         <input_file_ref idref="fl-117"/>
      </object_component>
      <object_component id="oc-3e0">
         <name>.text:UARTCharPut</name>
         <load_address>0x7102</load_address>
         <run_address>0x7102</run_address>
         <size>0xa</size>
         <input_file_ref idref="fl-114"/>
      </object_component>
      <object_component id="oc-2ad">
         <name>.text:UARTFIFOEnable</name>
         <load_address>0x710c</load_address>
         <run_address>0x710c</run_address>
         <size>0xa</size>
         <input_file_ref idref="fl-114"/>
      </object_component>
      <object_component id="oc-a5">
         <name>.text:UARTIntStatus</name>
         <load_address>0x7116</load_address>
         <run_address>0x7116</run_address>
         <size>0xa</size>
         <input_file_ref idref="fl-114"/>
      </object_component>
      <object_component id="oc-38d">
         <name>.text:SSIBusy</name>
         <load_address>0x7120</load_address>
         <run_address>0x7120</run_address>
         <size>0x8</size>
         <input_file_ref idref="fl-117"/>
      </object_component>
      <object_component id="oc-2bd">
         <name>.text:TimerIntEnable</name>
         <load_address>0x7128</load_address>
         <run_address>0x7128</run_address>
         <size>0x8</size>
         <input_file_ref idref="fl-115"/>
      </object_component>
      <object_component id="oc-2a9">
         <name>.text:UARTIntEnable</name>
         <load_address>0x7130</load_address>
         <run_address>0x7130</run_address>
         <size>0x8</size>
         <input_file_ref idref="fl-114"/>
      </object_component>
      <object_component id="oc-4e9">
         <name>.text</name>
         <load_address>0x7138</load_address>
         <run_address>0x7138</run_address>
         <size>0x8</size>
         <input_file_ref idref="fl-10f"/>
      </object_component>
      <object_component id="oc-b3">
         <name>.text:GPIOPinIntClear</name>
         <load_address>0x7140</load_address>
         <run_address>0x7140</run_address>
         <size>0x6</size>
         <input_file_ref idref="fl-11a"/>
      </object_component>
      <object_component id="oc-b7">
         <name>.text:GPIOPinRead</name>
         <load_address>0x7146</load_address>
         <run_address>0x7146</run_address>
         <size>0x6</size>
         <input_file_ref idref="fl-11a"/>
      </object_component>
      <object_component id="oc-34d">
         <name>.text:GPIOPinWrite</name>
         <load_address>0x714c</load_address>
         <run_address>0x714c</run_address>
         <size>0x6</size>
         <input_file_ref idref="fl-11a"/>
      </object_component>
      <object_component id="oc-37b">
         <name>.text:SysCtlDelay</name>
         <load_address>0x7152</load_address>
         <run_address>0x7152</run_address>
         <size>0x6</size>
         <input_file_ref idref="fl-116"/>
      </object_component>
      <object_component id="oc-2e6">
         <name>.text</name>
         <load_address>0x7158</load_address>
         <run_address>0x7158</run_address>
         <size>0x6</size>
         <input_file_ref idref="fl-ce"/>
      </object_component>
      <object_component id="oc-bb">
         <name>.text:TimerIntClear</name>
         <load_address>0x715e</load_address>
         <run_address>0x715e</run_address>
         <size>0x4</size>
         <input_file_ref idref="fl-115"/>
      </object_component>
      <object_component id="oc-a9">
         <name>.text:UARTIntClear</name>
         <load_address>0x7162</load_address>
         <run_address>0x7162</run_address>
         <size>0x4</size>
         <input_file_ref idref="fl-114"/>
      </object_component>
      <object_component id="oc-70">
         <name>.text</name>
         <load_address>0x7166</load_address>
         <run_address>0x7166</run_address>
         <size>0x4</size>
         <input_file_ref idref="fl-ec"/>
      </object_component>
      <object_component id="oc-3b7">
         <name>.const:g_pucFont</name>
         <load_address>0x7170</load_address>
         <run_address>0x7170</run_address>
         <size>0x1e0</size>
         <input_file_ref idref="fl-c"/>
      </object_component>
      <object_component id="oc-411">
         <name>.const:.string:_ctypes_</name>
         <load_address>0x7350</load_address>
         <run_address>0x7350</run_address>
         <size>0x101</size>
         <input_file_ref idref="fl-d5"/>
      </object_component>
      <object_component id="oc-3af">
         <name>.const:.string:pucCommand1$1</name>
         <load_address>0x7451</load_address>
         <run_address>0x7451</run_address>
         <size>0x3</size>
         <input_file_ref idref="fl-c"/>
      </object_component>
      <object_component id="oc-386">
         <name>.const:g_pulRegs</name>
         <load_address>0x7454</load_address>
         <run_address>0x7454</run_address>
         <size>0x9c</size>
         <input_file_ref idref="fl-119"/>
      </object_component>
      <object_component id="oc-471">
         <name>.const:$O1$$</name>
         <load_address>0x74f0</load_address>
         <run_address>0x74f0</run_address>
         <size>0x98</size>
         <input_file_ref idref="fl-f5"/>
      </object_component>
      <object_component id="oc-38a">
         <name>.const</name>
         <load_address>0x7588</load_address>
         <run_address>0x7588</run_address>
         <size>0x70</size>
         <input_file_ref idref="fl-119"/>
      </object_component>
      <object_component id="oc-34a">
         <name>.const:g_pulXtals</name>
         <load_address>0x75f8</load_address>
         <run_address>0x75f8</run_address>
         <size>0x6c</size>
         <input_file_ref idref="fl-116"/>
      </object_component>
      <object_component id="oc-3ba">
         <name>.const:.string:g_pucRIT128x96x4Init</name>
         <load_address>0x7664</load_address>
         <run_address>0x7664</run_address>
         <size>0x4f</size>
         <input_file_ref idref="fl-c"/>
      </object_component>
      <object_component id="oc-377">
         <name>.const</name>
         <load_address>0x76b4</load_address>
         <run_address>0x76b4</run_address>
         <size>0x40</size>
         <input_file_ref idref="fl-116"/>
      </object_component>
      <object_component id="oc-13c">
         <name>.const:.string:ucExpectedStackBytes$1</name>
         <load_address>0x76f4</load_address>
         <run_address>0x76f4</run_address>
         <size>0x14</size>
         <input_file_ref idref="fl-f"/>
      </object_component>
      <object_component id="oc-405">
         <name>.const:Zero</name>
         <load_address>0x7708</load_address>
         <run_address>0x7708</run_address>
         <size>0x10</size>
         <input_file_ref idref="fl-d7"/>
      </object_component>
      <object_component id="oc-3b0">
         <name>.const:.string:pucCommand2$2</name>
         <load_address>0x7718</load_address>
         <run_address>0x7718</run_address>
         <size>0x3</size>
         <input_file_ref idref="fl-c"/>
      </object_component>
      <object_component id="oc-3b1">
         <name>.const:.string:g_pucRIT128x96x4HorizontalInc</name>
         <load_address>0x771b</load_address>
         <run_address>0x771b</run_address>
         <size>0x2</size>
         <input_file_ref idref="fl-c"/>
      </object_component>
      <object_component id="oc-3b4">
         <name>.const:.string:g_pucRIT128x96x4VerticalInc</name>
         <load_address>0x771d</load_address>
         <run_address>0x771d</run_address>
         <size>0x2</size>
         <input_file_ref idref="fl-c"/>
      </object_component>
      <object_component id="oc-3bd">
         <name>.const:.string:pucCommand1$3</name>
         <load_address>0x771f</load_address>
         <run_address>0x771f</run_address>
         <size>0x2</size>
         <input_file_ref idref="fl-c"/>
      </object_component>
      <object_component id="oc-226">
         <name>.const</name>
         <load_address>0x7722</load_address>
         <run_address>0x7722</run_address>
         <size>0x2</size>
         <input_file_ref idref="fl-11"/>
      </object_component>
      <object_component id="oc-525">
         <name>.cinit..data.load</name>
         <load_address>0x7728</load_address>
         <run_address>0x7728</run_address>
         <size>0x24</size>
      </object_component>
      <object_component id="oc-523">
         <name>__TI_handler_table</name>
         <load_address>0x774c</load_address>
         <run_address>0x774c</run_address>
         <size>0xc</size>
      </object_component>
      <object_component id="oc-526">
         <name>.cinit..bss.load</name>
         <load_address>0x7758</load_address>
         <run_address>0x7758</run_address>
         <size>0x8</size>
      </object_component>
      <object_component id="oc-524">
         <name>__TI_cinit_table</name>
         <load_address>0x7760</load_address>
         <run_address>0x7760</run_address>
         <size>0x10</size>
      </object_component>
      <object_component id="oc-91">
         <name>.data</name>
         <load_address>0x200049a0</load_address>
         <run_address>0x200049a0</run_address>
         <size>0x30</size>
         <input_file_ref idref="fl-f"/>
      </object_component>
      <object_component id="oc-21a">
         <name>.data</name>
         <load_address>0x200049f0</load_address>
         <run_address>0x200049f0</run_address>
         <size>0x8</size>
         <input_file_ref idref="fl-11"/>
      </object_component>
      <object_component id="oc-9b">
         <name>.data</name>
         <load_address>0x200049f8</load_address>
         <run_address>0x200049f8</run_address>
         <size>0x4</size>
         <input_file_ref idref="fl-12"/>
      </object_component>
      <object_component id="oc-101">
         <name>.data:$O1$$</name>
         <load_address>0x200049d0</load_address>
         <run_address>0x200049d0</run_address>
         <size>0xc</size>
         <input_file_ref idref="fl-d8"/>
      </object_component>
      <object_component id="oc-3f1">
         <name>.data:$O1$$</name>
         <load_address>0x200049dc</load_address>
         <run_address>0x200049dc</run_address>
         <size>0xc</size>
         <input_file_ref idref="fl-e9"/>
      </object_component>
      <object_component id="oc-88">
         <name>.data</name>
         <load_address>0x20004a00</load_address>
         <run_address>0x20004a00</run_address>
         <size>0x4</size>
         <input_file_ref idref="fl-ef"/>
      </object_component>
      <object_component id="oc-104">
         <name>.data:$O1$$</name>
         <load_address>0x200049e8</load_address>
         <run_address>0x200049e8</run_address>
         <size>0x8</size>
         <input_file_ref idref="fl-f9"/>
      </object_component>
      <object_component id="oc-474">
         <name>.data</name>
         <load_address>0x200049fc</load_address>
         <run_address>0x200049fc</run_address>
         <size>0x4</size>
         <input_file_ref idref="fl-fe"/>
      </object_component>
      <object_component id="oc-395">
         <name>.bss</name>
         <uninitialized>true</uninitialized>
         <run_address>0x20002960</run_address>
         <size>0x4</size>
         <input_file_ref idref="fl-c"/>
      </object_component>
      <object_component id="oc-3ac">
         <name>.bss:g_pucBuffer</name>
         <uninitialized>true</uninitialized>
         <run_address>0x20002940</run_address>
         <size>0x8</size>
         <input_file_ref idref="fl-c"/>
      </object_component>
      <object_component id="oc-121">
         <name>.bss:pxReadyTasksLists</name>
         <uninitialized>true</uninitialized>
         <run_address>0x20002878</run_address>
         <size>0x64</size>
         <input_file_ref idref="fl-f"/>
      </object_component>
      <object_component id="oc-143">
         <name>.bss:xDelayedTaskList1</name>
         <uninitialized>true</uninitialized>
         <run_address>0x200028dc</run_address>
         <size>0x14</size>
         <input_file_ref idref="fl-f"/>
      </object_component>
      <object_component id="oc-146">
         <name>.bss:xDelayedTaskList2</name>
         <uninitialized>true</uninitialized>
         <run_address>0x200028f0</run_address>
         <size>0x14</size>
         <input_file_ref idref="fl-f"/>
      </object_component>
      <object_component id="oc-127">
         <name>.bss</name>
         <uninitialized>true</uninitialized>
         <run_address>0x20002948</run_address>
         <size>0x8</size>
         <input_file_ref idref="fl-f"/>
      </object_component>
      <object_component id="oc-12d">
         <name>.bss:xPendingReadyList</name>
         <uninitialized>true</uninitialized>
         <run_address>0x20002904</run_address>
         <size>0x14</size>
         <input_file_ref idref="fl-f"/>
      </object_component>
      <object_component id="oc-124">
         <name>.bss:xTasksWaitingTermination</name>
         <uninitialized>true</uninitialized>
         <run_address>0x2000292c</run_address>
         <size>0x14</size>
         <input_file_ref idref="fl-f"/>
      </object_component>
      <object_component id="oc-12a">
         <name>.bss:xSuspendedTaskList</name>
         <uninitialized>true</uninitialized>
         <run_address>0x20002918</run_address>
         <size>0x14</size>
         <input_file_ref idref="fl-f"/>
      </object_component>
      <object_component id="oc-220">
         <name>.bss:xHeap</name>
         <uninitialized>true</uninitialized>
         <run_address>0x20000000</run_address>
         <size>0x2800</size>
         <input_file_ref idref="fl-11"/>
      </object_component>
      <object_component id="oc-21d">
         <name>.bss:xStart</name>
         <uninitialized>true</uninitialized>
         <run_address>0x20002958</run_address>
         <size>0x8</size>
         <input_file_ref idref="fl-11"/>
      </object_component>
      <object_component id="oc-223">
         <name>.bss:xEnd</name>
         <uninitialized>true</uninitialized>
         <run_address>0x20002950</run_address>
         <size>0x8</size>
         <input_file_ref idref="fl-11"/>
      </object_component>
      <object_component id="oc-2d5">
         <name>.common:period</name>
         <uninitialized>true</uninitialized>
         <run_address>0x20002964</run_address>
         <size>0x4</size>
      </object_component>
      <object_component id="oc-bf">
         <name>.common:xBinarySemaphoreGPSchar</name>
         <uninitialized>true</uninitialized>
         <run_address>0x20002974</run_address>
         <size>0x4</size>
      </object_component>
      <object_component id="oc-c5">
         <name>.common:xBinarySemaphoreEncoder_1</name>
         <uninitialized>true</uninitialized>
         <run_address>0x20002968</run_address>
         <size>0x4</size>
      </object_component>
      <object_component id="oc-c4">
         <name>.common:xEncoder_raw_DATA</name>
         <uninitialized>true</uninitialized>
         <run_address>0x2000297c</run_address>
         <size>0x4</size>
      </object_component>
      <object_component id="oc-1e1">
         <name>.common:UART_char_data_old</name>
         <uninitialized>true</uninitialized>
         <run_address>0x20002800</run_address>
         <size>0x78</size>
      </object_component>
      <object_component id="oc-1bb">
         <name>.common:xBinarySemaphoreGPS</name>
         <uninitialized>true</uninitialized>
         <run_address>0x20002970</run_address>
         <size>0x4</size>
      </object_component>
      <object_component id="oc-1c2">
         <name>.common:xBinarySemaphoreFilter</name>
         <uninitialized>true</uninitialized>
         <run_address>0x2000296c</run_address>
         <size>0x4</size>
      </object_component>
      <object_component id="oc-1c3">
         <name>.common:xQueueGPSDATA</name>
         <uninitialized>true</uninitialized>
         <run_address>0x20002990</run_address>
         <size>0x4</size>
      </object_component>
      <object_component id="oc-1cd">
         <name>.common:xQueueButtons</name>
         <uninitialized>true</uninitialized>
         <run_address>0x2000298c</run_address>
         <size>0x4</size>
      </object_component>
      <object_component id="oc-1c4">
         <name>.common:xQueueSpeed</name>
         <uninitialized>true</uninitialized>
         <run_address>0x20002994</run_address>
         <size>0x4</size>
      </object_component>
      <object_component id="oc-1c5">
         <name>.common:xQueueBuffedSpeed</name>
         <uninitialized>true</uninitialized>
         <run_address>0x20002988</run_address>
         <size>0x4</size>
      </object_component>
      <object_component id="oc-1c6">
         <name>.common:xEncoder_1</name>
         <uninitialized>true</uninitialized>
         <run_address>0x20002978</run_address>
         <size>0x4</size>
      </object_component>
      <object_component id="oc-1ce">
         <name>.common:xPWM_DATA</name>
         <uninitialized>true</uninitialized>
         <run_address>0x20002980</run_address>
         <size>0x4</size>
      </object_component>
      <object_component id="oc-1cf">
         <name>.common:xPWM_speed_DATA</name>
         <uninitialized>true</uninitialized>
         <run_address>0x20002984</run_address>
         <size>0x4</size>
      </object_component>
      <object_component id="oc-1d0">
         <name>.common:xUART_GPS_DATA</name>
         <uninitialized>true</uninitialized>
         <run_address>0x20002998</run_address>
         <size>0x4</size>
      </object_component>
      <object_component id="oc-2a">
         <name>.sysmem</name>
         <uninitialized>true</uninitialized>
         <run_address>0x200039a0</run_address>
         <size>0x8</size>
         <input_file_ref idref="fl-e9"/>
      </object_component>
      <object_component id="oc-528">
         <name>.sysmem</name>
         <uninitialized>true</uninitialized>
         <run_address>0x200039a0</run_address>
         <size>0x0</size>
      </object_component>
      <object_component id="oc-29">
         <name>.stack</name>
         <uninitialized>true</uninitialized>
         <run_address>0x2000299c</run_address>
         <size>0x0</size>
         <input_file_ref idref="fl-d1"/>
      </object_component>
      <object_component id="oc-527">
         <name>.stack</name>
         <uninitialized>true</uninitialized>
         <run_address>0x2000299c</run_address>
         <size>0x0</size>
      </object_component>
      <object_component id="oc-35d">
         <name>.debug_info</name>
         <load_address>0x0</load_address>
         <run_address>0x0</run_address>
         <size>0x1fc</size>
         <input_file_ref idref="fl-2"/>
      </object_component>
      <object_component id="oc-2ca">
         <name>.debug_info</name>
         <load_address>0x1fc</load_address>
         <run_address>0x1fc</run_address>
         <size>0x322</size>
         <input_file_ref idref="fl-2"/>
      </object_component>
      <object_component id="oc-205">
         <name>.debug_info</name>
         <load_address>0x51e</load_address>
         <run_address>0x51e</run_address>
         <size>0xc8</size>
         <input_file_ref idref="fl-2"/>
      </object_component>
      <object_component id="oc-4d">
         <name>.debug_info</name>
         <load_address>0x5e6</load_address>
         <run_address>0x5e6</run_address>
         <size>0x84</size>
         <input_file_ref idref="fl-2"/>
      </object_component>
      <object_component id="oc-18c">
         <name>.debug_info</name>
         <load_address>0x66a</load_address>
         <run_address>0x66a</run_address>
         <size>0x18b</size>
         <input_file_ref idref="fl-2"/>
      </object_component>
      <object_component id="oc-185">
         <name>.debug_info</name>
         <load_address>0x7f5</load_address>
         <run_address>0x7f5</run_address>
         <size>0x2c</size>
         <input_file_ref idref="fl-2"/>
      </object_component>
      <object_component id="oc-42f">
         <name>.debug_info</name>
         <load_address>0x821</load_address>
         <run_address>0x821</run_address>
         <size>0x4e</size>
         <input_file_ref idref="fl-2"/>
      </object_component>
      <object_component id="oc-191">
         <name>.debug_info</name>
         <load_address>0x86f</load_address>
         <run_address>0x86f</run_address>
         <size>0x1bf</size>
         <input_file_ref idref="fl-3"/>
      </object_component>
      <object_component id="oc-1dc">
         <name>.debug_info</name>
         <load_address>0xa2e</load_address>
         <run_address>0xa2e</run_address>
         <size>0x471</size>
         <input_file_ref idref="fl-3"/>
      </object_component>
      <object_component id="oc-cc">
         <name>.debug_info</name>
         <load_address>0xe9f</load_address>
         <run_address>0xe9f</run_address>
         <size>0x599</size>
         <input_file_ref idref="fl-3"/>
      </object_component>
      <object_component id="oc-c7">
         <name>.debug_info</name>
         <load_address>0x1438</load_address>
         <run_address>0x1438</run_address>
         <size>0x8b</size>
         <input_file_ref idref="fl-3"/>
      </object_component>
      <object_component id="oc-1ca">
         <name>.debug_info</name>
         <load_address>0x14c3</load_address>
         <run_address>0x14c3</run_address>
         <size>0x327</size>
         <input_file_ref idref="fl-4"/>
      </object_component>
      <object_component id="oc-341">
         <name>.debug_info</name>
         <load_address>0x17ea</load_address>
         <run_address>0x17ea</run_address>
         <size>0x2a5</size>
         <input_file_ref idref="fl-5"/>
      </object_component>
      <object_component id="oc-1bd">
         <name>.debug_info</name>
         <load_address>0x1a8f</load_address>
         <run_address>0x1a8f</run_address>
         <size>0xeaa</size>
         <input_file_ref idref="fl-5"/>
      </object_component>
      <object_component id="oc-359">
         <name>.debug_info</name>
         <load_address>0x2939</load_address>
         <run_address>0x2939</run_address>
         <size>0x191</size>
         <input_file_ref idref="fl-6"/>
      </object_component>
      <object_component id="oc-1e4">
         <name>.debug_info</name>
         <load_address>0x2aca</load_address>
         <run_address>0x2aca</run_address>
         <size>0x13e3</size>
         <input_file_ref idref="fl-6"/>
      </object_component>
      <object_component id="oc-238">
         <name>.debug_info</name>
         <load_address>0x3ead</load_address>
         <run_address>0x3ead</run_address>
         <size>0x85c</size>
         <input_file_ref idref="fl-7"/>
      </object_component>
      <object_component id="oc-1a7">
         <name>.debug_info</name>
         <load_address>0x4709</load_address>
         <run_address>0x4709</run_address>
         <size>0xd0b</size>
         <input_file_ref idref="fl-7"/>
      </object_component>
      <object_component id="oc-16f">
         <name>.debug_info</name>
         <load_address>0x5414</load_address>
         <run_address>0x5414</run_address>
         <size>0x110</size>
         <input_file_ref idref="fl-7"/>
      </object_component>
      <object_component id="oc-c0">
         <name>.debug_info</name>
         <load_address>0x5524</load_address>
         <run_address>0x5524</run_address>
         <size>0x369</size>
         <input_file_ref idref="fl-8"/>
      </object_component>
      <object_component id="oc-40">
         <name>.debug_info</name>
         <load_address>0x588d</load_address>
         <run_address>0x588d</run_address>
         <size>0x410</size>
         <input_file_ref idref="fl-8"/>
      </object_component>
      <object_component id="oc-180">
         <name>.debug_info</name>
         <load_address>0x5c9d</load_address>
         <run_address>0x5c9d</run_address>
         <size>0x2c</size>
         <input_file_ref idref="fl-8"/>
      </object_component>
      <object_component id="oc-17b">
         <name>.debug_info</name>
         <load_address>0x5cc9</load_address>
         <run_address>0x5cc9</run_address>
         <size>0x2c</size>
         <input_file_ref idref="fl-8"/>
      </object_component>
      <object_component id="oc-a0">
         <name>.debug_info</name>
         <load_address>0x5cf5</load_address>
         <run_address>0x5cf5</run_address>
         <size>0x2c</size>
         <input_file_ref idref="fl-8"/>
      </object_component>
      <object_component id="oc-14f">
         <name>.debug_info</name>
         <load_address>0x5d21</load_address>
         <run_address>0x5d21</run_address>
         <size>0x2c</size>
         <input_file_ref idref="fl-8"/>
      </object_component>
      <object_component id="oc-20b">
         <name>.debug_info</name>
         <load_address>0x5d4d</load_address>
         <run_address>0x5d4d</run_address>
         <size>0x13a</size>
         <input_file_ref idref="fl-9"/>
      </object_component>
      <object_component id="oc-11e">
         <name>.debug_info</name>
         <load_address>0x5e87</load_address>
         <run_address>0x5e87</run_address>
         <size>0x442</size>
         <input_file_ref idref="fl-9"/>
      </object_component>
      <object_component id="oc-158">
         <name>.debug_info</name>
         <load_address>0x62c9</load_address>
         <run_address>0x62c9</run_address>
         <size>0x14c</size>
         <input_file_ref idref="fl-9"/>
      </object_component>
      <object_component id="oc-c2">
         <name>.debug_info</name>
         <load_address>0x6415</load_address>
         <run_address>0x6415</run_address>
         <size>0x9ed</size>
         <input_file_ref idref="fl-a"/>
      </object_component>
      <object_component id="oc-fa">
         <name>.debug_info</name>
         <load_address>0x6e02</load_address>
         <run_address>0x6e02</run_address>
         <size>0x10e7</size>
         <input_file_ref idref="fl-a"/>
      </object_component>
      <object_component id="oc-14a">
         <name>.debug_info</name>
         <load_address>0x7ee9</load_address>
         <run_address>0x7ee9</run_address>
         <size>0x16d</size>
         <input_file_ref idref="fl-a"/>
      </object_component>
      <object_component id="oc-e2">
         <name>.debug_info</name>
         <load_address>0x8056</load_address>
         <run_address>0x8056</run_address>
         <size>0x2c</size>
         <input_file_ref idref="fl-a"/>
      </object_component>
      <object_component id="oc-16e">
         <name>.debug_info</name>
         <load_address>0x8082</load_address>
         <run_address>0x8082</run_address>
         <size>0x59b</size>
         <input_file_ref idref="fl-b"/>
      </object_component>
      <object_component id="oc-b0">
         <name>.debug_info</name>
         <load_address>0x861d</load_address>
         <run_address>0x861d</run_address>
         <size>0x18f8</size>
         <input_file_ref idref="fl-b"/>
      </object_component>
      <object_component id="oc-169">
         <name>.debug_info</name>
         <load_address>0x9f15</load_address>
         <run_address>0x9f15</run_address>
         <size>0x123</size>
         <input_file_ref idref="fl-b"/>
      </object_component>
      <object_component id="oc-233">
         <name>.debug_info</name>
         <load_address>0xa038</load_address>
         <run_address>0xa038</run_address>
         <size>0xcc</size>
         <input_file_ref idref="fl-b"/>
      </object_component>
      <object_component id="oc-3bf">
         <name>.debug_info</name>
         <load_address>0xa104</load_address>
         <run_address>0xa104</run_address>
         <size>0x3af</size>
         <input_file_ref idref="fl-c"/>
      </object_component>
      <object_component id="oc-396">
         <name>.debug_info</name>
         <load_address>0xa4b3</load_address>
         <run_address>0xa4b3</run_address>
         <size>0xe1</size>
         <input_file_ref idref="fl-c"/>
      </object_component>
      <object_component id="oc-3ad">
         <name>.debug_info</name>
         <load_address>0xa594</load_address>
         <run_address>0xa594</run_address>
         <size>0xdf</size>
         <input_file_ref idref="fl-c"/>
      </object_component>
      <object_component id="oc-3b5">
         <name>.debug_info</name>
         <load_address>0xa673</load_address>
         <run_address>0xa673</run_address>
         <size>0xff</size>
         <input_file_ref idref="fl-c"/>
      </object_component>
      <object_component id="oc-3b2">
         <name>.debug_info</name>
         <load_address>0xa772</load_address>
         <run_address>0xa772</run_address>
         <size>0x103</size>
         <input_file_ref idref="fl-c"/>
      </object_component>
      <object_component id="oc-3b8">
         <name>.debug_info</name>
         <load_address>0xa875</load_address>
         <run_address>0xa875</run_address>
         <size>0xdb</size>
         <input_file_ref idref="fl-c"/>
      </object_component>
      <object_component id="oc-3bb">
         <name>.debug_info</name>
         <load_address>0xa950</load_address>
         <run_address>0xa950</run_address>
         <size>0xf1</size>
         <input_file_ref idref="fl-c"/>
      </object_component>
      <object_component id="oc-26e">
         <name>.debug_info</name>
         <load_address>0xaa41</load_address>
         <run_address>0xaa41</run_address>
         <size>0xc13</size>
[...]
         <name>__aeabi_fsub</name>
         <value>0x5c91</value>
         <object_component_ref idref="oc-31b"/>
      </symbol>
      <symbol id="sm-6dc">
         <name>__aeabi_cfrcmple</name>
         <value>0x6725</value>
         <object_component_ref idref="oc-344"/>
      </symbol>
      <symbol id="sm-6e9">
         <name>__aeabi_fdiv</name>
         <value>0x61f5</value>
         <object_component_ref idref="oc-320"/>
      </symbol>
      <symbol id="sm-6f3">
         <name>__aeabi_fmul</name>
         <value>0x641d</value>
         <object_component_ref idref="oc-316"/>
      </symbol>
      <symbol id="sm-6fe">
         <name>__aeabi_f2d</name>
         <value>0x6bc1</value>
         <object_component_ref idref="oc-2f6"/>
      </symbol>
      <symbol id="sm-708">
         <name>__aeabi_f2iz</name>
         <value>0x6bf9</value>
         <object_component_ref idref="oc-325"/>
      </symbol>
      <symbol id="sm-713">
         <name>__aeabi_f2uiz</name>
         <value>0x6cd5</value>
         <object_component_ref idref="oc-2f1"/>
      </symbol>
      <symbol id="sm-71e">
         <name>__aeabi_i2f</name>
         <value>0x6c31</value>
         <object_component_ref idref="oc-311"/>
      </symbol>
      <symbol id="sm-734">
         <name>memcmp</name>
         <value>0x6e2d</value>
         <object_component_ref idref="oc-130"/>
      </symbol>
      <symbol id="sm-74f">
         <name>memcpy</name>
         <value>0x6159</value>
         <object_component_ref idref="oc-52"/>
      </symbol>
      <symbol id="sm-750">
         <name>__aeabi_memcpy</name>
         <value>0x6159</value>
         <object_component_ref idref="oc-52"/>
      </symbol>
      <symbol id="sm-751">
         <name>__aeabi_memcpy8</name>
         <value>0x6159</value>
         <object_component_ref idref="oc-52"/>
      </symbol>
      <symbol id="sm-752">
         <name>__aeabi_memcpy4</name>
         <value>0x6159</value>
         <object_component_ref idref="oc-52"/>
      </symbol>
      <symbol id="sm-7c6">
         <name>_sys_memory</name>
         <value>0x200039a0</value>
         <object_component_ref idref="oc-2a"/>
      </symbol>
      <symbol id="sm-7c7">
         <name>free</name>
         <value>0x4053</value>
         <object_component_ref idref="oc-2cf"/>
      </symbol>
      <symbol id="sm-7c8">
         <name>realloc</name>
         <value>0x4115</value>
         <object_component_ref idref="oc-2cf"/>
      </symbol>
      <symbol id="sm-7c9">
         <name>memalign</name>
         <value>0x421d</value>
         <object_component_ref idref="oc-2cf"/>
      </symbol>
      <symbol id="sm-7ca">
         <name>calloc</name>
         <value>0x4307</value>
         <object_component_ref idref="oc-2cf"/>
      </symbol>
      <symbol id="sm-7cb">
         <name>malloc</name>
         <value>0x3fe9</value>
         <object_component_ref idref="oc-2cf"/>
      </symbol>
      <symbol id="sm-7cc">
         <name>minit</name>
         <value>0x3f69</value>
         <object_component_ref idref="oc-2cf"/>
      </symbol>
      <symbol id="sm-7db">
         <name>__aeabi_memset</name>
         <value>0x6499</value>
         <object_component_ref idref="oc-5e"/>
      </symbol>
      <symbol id="sm-7dc">
         <name>memset</name>
         <value>0x649f</value>
         <object_component_ref idref="oc-5e"/>
      </symbol>
      <symbol id="sm-7dd">
         <name>__aeabi_memset8</name>
         <value>0x6499</value>
         <object_component_ref idref="oc-5e"/>
      </symbol>
      <symbol id="sm-7de">
         <name>__aeabi_memset4</name>
         <value>0x6499</value>
         <object_component_ref idref="oc-5e"/>
      </symbol>
      <symbol id="sm-7df">
         <name>__aeabi_memclr8</name>
         <value>0x6497</value>
         <object_component_ref idref="oc-5e"/>
      </symbol>
      <symbol id="sm-7e0">
         <name>__aeabi_memclr4</name>
         <value>0x6497</value>
         <object_component_ref idref="oc-5e"/>
      </symbol>
      <symbol id="sm-7e1">
         <name>__aeabi_memclr</name>
         <value>0x6497</value>
         <object_component_ref idref="oc-5e"/>
      </symbol>
      <symbol id="sm-7eb">
         <name>__mpu_init</name>
         <value>0x11f3</value>
         <object_component_ref idref="oc-6a"/>
      </symbol>
      <symbol id="sm-7f5">
         <name>_system_pre_init</name>
         <value>0x7167</value>
         <object_component_ref idref="oc-70"/>
      </symbol>
      <symbol id="sm-80a">
         <name>sprintf</name>
         <value>0x6785</value>
         <object_component_ref idref="oc-352"/>
      </symbol>
      <symbol id="sm-812">
         <name>main_func_sp</name>
         <value>0x20004a00</value>
         <object_component_ref idref="oc-88"/>
      </symbol>
      <symbol id="sm-822">
         <name>strchr</name>
         <value>0x6f2d</value>
         <object_component_ref idref="oc-2e0"/>
      </symbol>
      <symbol id="sm-831">
         <name>strcpy</name>
         <value>0x6f43</value>
         <object_component_ref idref="oc-1ad"/>
      </symbol>
      <symbol id="sm-841">
         <name>strncpy</name>
         <value>0x6c69</value>
         <object_component_ref idref="oc-136"/>
      </symbol>
      <symbol id="sm-854">
         <name>strstr</name>
         <value>0x6c9f</value>
         <object_component_ref idref="oc-33a"/>
      </symbol>
      <symbol id="sm-891">
         <name>strtold</name>
         <value>0x46e1</value>
         <object_component_ref idref="oc-3fa"/>
      </symbol>
      <symbol id="sm-892">
         <name>strtod</name>
         <value>0x46e1</value>
         <object_component_ref idref="oc-3fa"/>
      </symbol>
      <symbol id="sm-89e">
         <name>__aeabi_ui2d</name>
         <value>0x6e71</value>
         <object_component_ref idref="oc-32f"/>
      </symbol>
      <symbol id="sm-8b7">
         <name>_nop</name>
         <value>0x6fa3</value>
         <object_component_ref idref="oc-1f2"/>
      </symbol>
      <symbol id="sm-8b8">
         <name>_lock</name>
         <value>0x200049e8</value>
         <object_component_ref idref="oc-104"/>
      </symbol>
      <symbol id="sm-8b9">
         <name>_unlock</name>
         <value>0x200049ec</value>
         <object_component_ref idref="oc-104"/>
      </symbol>
      <symbol id="sm-8ba">
         <name>_register_lock</name>
         <value>0x6f9b</value>
         <object_component_ref idref="oc-1f2"/>
      </symbol>
      <symbol id="sm-8bb">
         <name>_register_unlock</name>
         <value>0x6f95</value>
         <object_component_ref idref="oc-1f2"/>
      </symbol>
      <symbol id="sm-9bc">
         <name>__TI_printfi</name>
         <value>0x91d</value>
         <object_component_ref idref="oc-427"/>
      </symbol>
      <symbol id="sm-9d0">
         <name>_args_main</name>
         <value>0x6ee9</value>
         <object_component_ref idref="oc-7c"/>
      </symbol>
      <symbol id="sm-9f5">
         <name>__TI_auto_init</name>
         <value>0x6511</value>
         <object_component_ref idref="oc-76"/>
      </symbol>
      <symbol id="sm-a0f">
         <name>copy_in</name>
         <value>0x69dd</value>
         <object_component_ref idref="oc-eb"/>
      </symbol>
      <symbol id="sm-a17">
         <name>errno</name>
         <value>0x200049fc</value>
         <object_component_ref idref="oc-474"/>
      </symbol>
      <symbol id="sm-a2e">
         <name>__aeabi_dsub</name>
         <value>0x50c9</value>
         <object_component_ref idref="oc-467"/>
      </symbol>
      <symbol id="sm-a2f">
         <name>__aeabi_dadd</name>
         <value>0x50d3</value>
         <object_component_ref idref="oc-467"/>
      </symbol>
      <symbol id="sm-a51">
         <name>__aeabi_cdcmpeq</name>
         <value>0x6311</value>
         <object_component_ref idref="oc-46c"/>
      </symbol>
      <symbol id="sm-a52">
         <name>__aeabi_cdcmple</name>
         <value>0x6311</value>
         <object_component_ref idref="oc-46c"/>
      </symbol>
      <symbol id="sm-a53">
         <name>__aeabi_cdrcmple</name>
         <value>0x6397</value>
         <object_component_ref idref="oc-494"/>
      </symbol>
      <symbol id="sm-a5d">
         <name>__aeabi_d2iz</name>
         <value>0x6a29</value>
         <object_component_ref idref="oc-499"/>
      </symbol>
      <symbol id="sm-a69">
         <name>__aeabi_i2d</name>
         <value>0x6d65</value>
         <object_component_ref idref="oc-4a4"/>
      </symbol>
      <symbol id="sm-a78">
         <name>ltoa</name>
         <value>0x6899</value>
         <object_component_ref idref="oc-49e"/>
      </symbol>
      <symbol id="sm-a88">
         <name>memccpy</name>
         <value>0x6ecd</value>
         <object_component_ref idref="oc-4b5"/>
      </symbol>
      <symbol id="sm-aa4">
         <name>frexpl</name>
         <value>0x67e5</value>
         <object_component_ref idref="oc-4a9"/>
      </symbol>
      <symbol id="sm-aa5">
         <name>frexp</name>
         <value>0x67e5</value>
         <object_component_ref idref="oc-4a9"/>
      </symbol>
      <symbol id="sm-ac3">
         <name>scalbn</name>
         <value>0x5e71</value>
         <object_component_ref idref="oc-4af"/>
      </symbol>
      <symbol id="sm-ac4">
         <name>scalbnl</name>
         <value>0x5e71</value>
         <object_component_ref idref="oc-4af"/>
      </symbol>
      <symbol id="sm-ac5">
         <name>ldexpl</name>
         <value>0x5e71</value>
         <object_component_ref idref="oc-4af"/>
      </symbol>
      <symbol id="sm-ac6">
         <name>ldexp</name>
         <value>0x5e71</value>
         <object_component_ref idref="oc-4af"/>
      </symbol>
      <symbol id="sm-ad0">
         <name>_system_post_cinit</name>
         <value>0x2dbb</value>
         <object_component_ref idref="oc-f1"/>
      </symbol>
      <symbol id="sm-ade">
         <name>strlen</name>
         <value>0x6fa9</value>
         <object_component_ref idref="oc-48e"/>
      </symbol>
      <symbol id="sm-afa">
         <name>__aeabi_uldivmod</name>
         <value>0x4b41</value>
         <object_component_ref idref="oc-489"/>
      </symbol>
      <symbol id="sm-b06">
         <name>copysign</name>
         <value>0x7139</value>
         <object_component_ref idref="oc-4e9"/>
      </symbol>
      <symbol id="sm-b07">
         <name>copysignl</name>
         <value>0x7139</value>
         <object_component_ref idref="oc-4e9"/>
      </symbol>
      <symbol id="sm-b62">
         <name>UARTConfigSetExpClk</name>
         <value>0x6b3d</value>
         <object_component_ref idref="oc-2a5"/>
      </symbol>
      <symbol id="sm-b63">
         <name>UARTDisable</name>
         <value>0x6eb1</value>
         <object_component_ref idref="oc-3cf"/>
      </symbol>
      <symbol id="sm-b64">
         <name>UARTIntEnable</name>
         <value>0x7131</value>
         <object_component_ref idref="oc-2a9"/>
      </symbol>
      <symbol id="sm-b65">
         <name>UARTCharsAvail</name>
         <value>0x7099</value>
         <object_component_ref idref="oc-1b7"/>
      </symbol>
      <symbol id="sm-b66">
         <name>UARTCharGetNonBlocking</name>
         <value>0x703b</value>
         <object_component_ref idref="oc-1b3"/>
      </symbol>
      <symbol id="sm-b67">
         <name>UARTCharPut</name>
         <value>0x7103</value>
         <object_component_ref idref="oc-3e0"/>
      </symbol>
      <symbol id="sm-b68">
         <name>UARTEnable</name>
         <value>0x6f81</value>
         <object_component_ref idref="oc-2b1"/>
      </symbol>
      <symbol id="sm-b69">
         <name>UARTFIFOEnable</name>
         <value>0x710d</value>
         <object_component_ref idref="oc-2ad"/>
      </symbol>
      <symbol id="sm-b6a">
         <name>UARTIntClear</name>
         <value>0x7163</value>
         <object_component_ref idref="oc-a9"/>
      </symbol>
      <symbol id="sm-b6b">
         <name>UARTIntStatus</name>
         <value>0x7117</value>
         <object_component_ref idref="oc-a5"/>
      </symbol>
      <symbol id="sm-b92">
         <name>TimerLoadSet</name>
         <value>0x7029</value>
         <object_component_ref idref="oc-2b9"/>
      </symbol>
      <symbol id="sm-b93">
         <name>TimerEnable</name>
         <value>0x7059</value>
         <object_component_ref idref="oc-2c1"/>
      </symbol>
      <symbol id="sm-b94">
         <name>TimerIntEnable</name>
         <value>0x7129</value>
         <object_component_ref idref="oc-2bd"/>
      </symbol>
      <symbol id="sm-b95">
         <name>TimerConfigure</name>
         <value>0x6e09</value>
         <object_component_ref idref="oc-2b5"/>
      </symbol>
      <symbol id="sm-b96">
         <name>TimerIntClear</name>
         <value>0x715f</value>
         <object_component_ref idref="oc-bb"/>
      </symbol>
      <symbol id="sm-c28">
         <name>SysCtlClockSet</name>
         <value>0x56d1</value>
         <object_component_ref idref="oc-24b"/>
      </symbol>
      <symbol id="sm-c29">
         <name>SysCtlDelay</name>
         <value>0x7153</value>
         <object_component_ref idref="oc-37b"/>
      </symbol>
      <symbol id="sm-c2a">
         <name>SysCtlPeripheralEnable</name>
         <value>0x6841</value>
         <object_component_ref idref="oc-24f"/>
      </symbol>
      <symbol id="sm-c2b">
         <name>SysCtlClockGet</name>
         <value>0x4d35</value>
         <object_component_ref idref="oc-1d7"/>
      </symbol>
      <symbol id="sm-c2c">
         <name>SysCtlPWMClockSet</name>
         <value>0x6f6d</value>
         <object_component_ref idref="oc-289"/>
      </symbol>
      <symbol id="sm-c2d">
         <name>SysCtlPeripheralReset</name>
         <value>0x6289</value>
         <object_component_ref idref="oc-247"/>
      </symbol>
      <symbol id="sm-c61">
         <name>SSIDataPut</name>
         <value>0x70e5</value>
         <object_component_ref idref="oc-391"/>
      </symbol>
      <symbol id="sm-c62">
         <name>SSIDataGetNonBlocking</name>
         <value>0x7017</value>
         <object_component_ref idref="oc-3a8"/>
      </symbol>
      <symbol id="sm-c63">
         <name>SSIConfigSetExpClk</name>
         <value>0x6ab5</value>
         <object_component_ref idref="oc-39c"/>
      </symbol>
      <symbol id="sm-c64">
         <name>SSIEnable</name>
         <value>0x70f9</value>
         <object_component_ref idref="oc-3a4"/>
      </symbol>
      <symbol id="sm-c65">
         <name>SSIBusy</name>
         <value>0x7121</value>
         <object_component_ref idref="oc-38d"/>
      </symbol>
      <symbol id="sm-c66">
         <name>SSIDisable</name>
         <value>0x70ef</value>
         <object_component_ref idref="oc-398"/>
      </symbol>
      <symbol id="sm-c92">
         <name>PWMGenPeriodSet</name>
         <value>0x6f59</value>
         <object_component_ref idref="oc-291"/>
      </symbol>
      <symbol id="sm-c93">
         <name>PWMPulseWidthSet</name>
         <value>0x6e91</value>
         <object_component_ref idref="oc-295"/>
      </symbol>
      <symbol id="sm-c94">
         <name>PWMOutputState</name>
         <value>0x6f17</value>
         <object_component_ref idref="oc-29d"/>
      </symbol>
      <symbol id="sm-c95">
         <name>PWMGenEnable</name>
         <value>0x70db</value>
         <object_component_ref idref="oc-299"/>
      </symbol>
      <symbol id="sm-c96">
         <name>PWMGenConfigure</name>
         <value>0x6dbd</value>
         <object_component_ref idref="oc-28d"/>
      </symbol>
      <symbol id="sm-cd2">
         <name>IntPrioritySet</name>
         <value>0x6de5</value>
         <object_component_ref idref="oc-263"/>
      </symbol>
      <symbol id="sm-cd3">
         <name>IntEnable</name>
         <value>0x66c1</value>
         <object_component_ref idref="oc-267"/>
      </symbol>
      <symbol id="sm-cd4">
         <name>IntMasterDisable</name>
         <value>0x70c7</value>
         <object_component_ref idref="oc-2c5"/>
      </symbol>
      <symbol id="sm-cd5">
         <name>IntMasterEnable</name>
         <value>0x70d1</value>
         <object_component_ref idref="oc-1a9"/>
      </symbol>
      <symbol id="sm-d3e">
         <name>GPIOPinTypePWM</name>
         <value>0x6fe1</value>
         <object_component_ref idref="oc-285"/>
      </symbol>
      <symbol id="sm-d3f">
         <name>GPIOPinIntClear</name>
         <value>0x7141</value>
         <object_component_ref idref="oc-b3"/>
      </symbol>
      <symbol id="sm-d40">
         <name>GPIOIntTypeSet</name>
         <value>0x6a71</value>
         <object_component_ref idref="oc-25b"/>
      </symbol>
      <symbol id="sm-d41">
         <name>GPIOPinTypeADC</name>
         <value>0x6fbd</value>
         <object_component_ref idref="oc-271"/>
      </symbol>
      <symbol id="sm-d42">
         <name>GPIOPinIntEnable</name>
         <value>0x708d</value>
         <object_component_ref idref="oc-25f"/>
      </symbol>
      <symbol id="sm-d43">
         <name>GPIOPinTypeUART</name>
         <value>0x7005</value>
         <object_component_ref idref="oc-2a1"/>
      </symbol>
      <symbol id="sm-d44">
         <name>GPIOPinTypeGPIOOutput</name>
         <value>0x6fcf</value>
         <object_component_ref idref="oc-257"/>
      </symbol>
      <symbol id="sm-d45">
         <name>GPIOPinRead</name>
         <value>0x7147</value>
         <object_component_ref idref="oc-b7"/>
      </symbol>
      <symbol id="sm-d46">
         <name>GPIODirModeSet</name>
         <value>0x6d37</value>
         <object_component_ref idref="oc-37f"/>
      </symbol>
      <symbol id="sm-d47">
         <name>GPIOPinWrite</name>
         <value>0x714d</value>
         <object_component_ref idref="oc-34d"/>
      </symbol>
      <symbol id="sm-d48">
         <name>GPIOPadConfigSet</name>
         <value>0x5f41</value>
         <object_component_ref idref="oc-253"/>
      </symbol>
      <symbol id="sm-d49">
         <name>GPIOPinTypeSSI</name>
         <value>0x6ff3</value>
         <object_component_ref idref="oc-3a0"/>
      </symbol>
      <symbol id="sm-d57">
         <name>CPUcpsie</name>
         <value>0x7081</value>
         <object_component_ref idref="oc-2d7"/>
      </symbol>
      <symbol id="sm-d58">
         <name>CPUcpsid</name>
         <value>0x7075</value>
         <object_component_ref idref="oc-3db"/>
      </symbol>
      <symbol id="sm-d94">
         <name>ADCProcessorTrigger</name>
         <value>0x6f01</value>
         <object_component_ref idref="oc-3e4"/>
      </symbol>
      <symbol id="sm-d95">
         <name>ADCSequenceEnable</name>
         <value>0x704b</value>
         <object_component_ref idref="oc-27d"/>
      </symbol>
      <symbol id="sm-d96">
         <name>ADCSequenceConfigure</name>
         <value>0x6d93</value>
         <object_component_ref idref="oc-275"/>
      </symbol>
      <symbol id="sm-d97">
         <name>ADCSequenceStepConfigure</name>
         <value>0x65ef</value>
         <object_component_ref idref="oc-279"/>
      </symbol>
      <symbol id="sm-d98">
         <name>ADCIntClear</name>
         <value>0x70bd</value>
         <object_component_ref idref="oc-281"/>
      </symbol>
      <symbol id="sm-d99">
         <name>ADCIntStatus</name>
         <value>0x6d09</value>
         <object_component_ref idref="oc-3e8"/>
      </symbol>
      <symbol id="sm-d9a">
         <name>ADCSequenceDataGet</name>
         <value>0x6e51</value>
         <object_component_ref idref="oc-3ec"/>
      </symbol>
      <symbol id="sm-d9b">
         <name>__TI_static_base__</name>
         <value>0x0</value>
      </symbol>
      <symbol id="sm-d9e">
         <name>SHT$$INIT_ARRAY$$Limit</name>
         <value>0x0</value>
      </symbol>
      <symbol id="sm-d9f">
         <name>SHT$$INIT_ARRAY$$Base</name>
         <value>0x0</value>
      </symbol>
   </symbol_table>
   <title>Link successful</title>
</link_info>
