******************************************************************************
                  TI ARM Linker PC v16.6.0                     
******************************************************************************
>> Linked Thu Aug 18 14:32:01 2016

OUTPUT FILE NAME:   <RTOStest1.out>
ENTRY POINT SYMBOL: "_c_int00"  address: 000066f5


MEMORY CONFIGURATION

         name            origin    length      used     unused   attr    fill
----------------------  --------  ---------  --------  --------  ----  --------
  FLASH                 00000000   00040000  000071d4  00038e2c  R  X
  SRAM                  20000000   00010000  000049fe  0000b602  RW X


SEGMENT ALLOCATION MAP

run origin  load origin   length   init length attrs members
----------  ----------- ---------- ----------- ----- -------
00000000    00000000    000071d8   000071d8    r-x
  00000000    00000000    000000f0   000000f0    r-- .intvecs
  000000f0    000000f0    00006ae8   00006ae8    r-x .text
  00006bd8    00006bd8    000005b4   000005b4    r-- .const
  00007190    00007190    00000048   00000048    r-- .cinit
20000000    20000000    00004a04   00000000    rw-
  20000000    20000000    0000299c   00000000    rw- .bss
  2000299c    2000299c    00000fff   00000000    rw- .stack
  200039a0    200039a0    00000fff   00000000    rw- .sysmem
  200049a0    200049a0    00000064   00000000    rw- .data


SECTION ALLOCATION MAP

 output                                  attributes/
section   page    origin      length       input sections
--------  ----  ----------  ----------   ----------------
.intvecs   0    00000000    000000f0     
                  00000000    000000f0     startup_ccs.obj (.intvecs)

.text      0    000000f0    00006ae8     
                  000000f0    00001102     rtsv7M3_T_le_eabi.lib : _printfi.obj (.text)
                  000011f2    00000002                           : mpu_init.obj (.text)
                  000011f4    00000c74     tasks.obj (.text)
                  00001e68    0000093c     data_process.obj (.text)
                  000027a4    00000614     queue.obj (.text)
                  00002db8    00000604     main.obj (.text)
                  000033bc    00000510     rit128x96x4.obj (.text)
                  000038cc    000003d6     display.obj (.text)
                  00003ca2    00000002     rtsv7M3_T_le_eabi.lib : startup.obj (.text)
                  00003ca4    000003cc                           : memory.obj (.text)
                  00004070    000002c0     init.obj (.text)
                  00004330    0000023c     rtsv7M3_T_le_eabi.lib : strtod.obj (.text)
                  0000456c    00000224                           : e_fmod.obj (.text)
                  00004790    000001f4                           : ull_div_t2.obj (.text)
                  00004984    000001d8     driverlib-cm3.lib : sysctl.obj (.text:SysCtlClockGet)
                  00004b5c    000001bc     heap_2.obj (.text)
                  00004d18    000001b6     rtsv7M3_T_le_eabi.lib : fd_add_t2.obj (.text)
                  00004ece    00000002     --HOLE-- [fill = 0]
                  00004ed0    0000018c     speed.obj (.text)
                  0000505c    00000150     PWM_module.obj (.text)
                  000051ac    00000144     driverlib-cm3.lib : sysctl.obj (.text:SysCtlClockSet)
                  000052f0    00000136     rtsv7M3_T_le_eabi.lib : fd_div_t2.obj (.text)
                  00005426    0000012e     list.obj (.text)
                  00005554    00000124     UART_module.obj (.text)
                  00005678    0000011c     button_data.obj (.text)
                  00005794    000000fc     rtsv7M3_T_le_eabi.lib : fd_mul_t2.obj (.text)
                  00005890    000000fa                           : fs_add_t2.obj (.text)
                  0000598a    00000002     --HOLE-- [fill = 0]
                  0000598c    000000e4     port.obj (.text)
                  00005a70    000000d0     rtsv7M3_T_le_eabi.lib : s_scalbn.obj (.text)
                  00005b40    000000c8     driverlib-cm3.lib : gpio.obj (.text:GPIOPadConfigSet)
                  00005c08    0000009c     portasm.obj (.text)
                  00005ca4    0000009c     rtsv7M3_T_le_eabi.lib : memcpy_t2.obj (.text)
                  00005d40    00000094     int_module.obj (.text)
                  00005dd4    00000092     rtsv7M3_T_le_eabi.lib : fs_div_t2.obj (.text)
                  00005e66    00000002     --HOLE-- [fill = 0]
                  00005e68    00000088     driverlib-cm3.lib : sysctl.obj (.text:SysCtlPeripheralReset)
                  00005ef0    00000086     rtsv7M3_T_le_eabi.lib : fd_cmp_t2.obj (.text:__aeabi_cdcmple)
                  00005f76    00000086                           : fd_cmp_t2.obj (.text:__aeabi_cdrcmple)
                  00005ffc    0000007a                           : fs_mul_t2.obj (.text)
                  00006076    0000007a                           : memset_t2.obj (.text)
                  000060f0    00000070                           : autoinit.obj (.text)
                  00006160    0000006e                           : fd_tos_t2.obj (.text)
                  000061ce    00000066                           : copy_decompress_lzss.obj (.text:decompress:lzss)
                  00006234    00000064     driverlib-cm3.lib : interrupt.obj (.text:IntEnable)
                  00006298    00000060     rtsv7M3_T_le_eabi.lib : fs_cmp_t2.obj (.text:__aeabi_cfrcmple)
                  000062f8    00000060                           : sprintf.obj (.text)
                  00006358    0000005c                           : s_frexp.obj (.text)
                  000063b4    00000058     driverlib-cm3.lib : sysctl.obj (.text:SysCtlPeripheralEnable)
                  0000640c    00000056     rtsv7M3_T_le_eabi.lib : ltoa.obj (.text)
                  00006462    00000002     --HOLE-- [fill = 0]
                  00006464    00000054                           : exit.obj (.text)
                  000064b8    0000004c                           : atoi.obj (.text)
                  00006504    0000004c                           : atol.obj (.text)
                  00006550    0000004c                           : cpy_tbl.obj (.text)
                  0000659c    00000048                           : fd_toi_t2.obj (.text)
                  000065e4    00000044     driverlib-cm3.lib : gpio.obj (.text:GPIOIntTypeSet)
                  00006628    00000044                       : ssi.obj (.text:SSIConfigSetExpClk)
                  0000666c    00000044     rtsv7M3_T_le_eabi.lib : fd_tou_t2.obj (.text)
                  000066b0    00000042     driverlib-cm3.lib : uart.obj (.text:UARTConfigSetExpClk)
                  000066f2    00000002     --HOLE-- [fill = 0]
                  000066f4    00000040     rtsv7M3_T_le_eabi.lib : boot.obj (.text)
                  00006734    00000038                           : fs_tod_t2.obj (.text)
                  0000676c    00000038                           : fs_toi_t2.obj (.text)
                  000067a4    00000038                           : i_tofs_t2.obj (.text)
                  000067dc    00000036                           : strncpy.obj (.text)
                  00006812    00000036                           : strstr.obj (.text)
                  00006848    00000034                           : fs_tou_t2.obj (.text)
                  0000687c    0000002e     driverlib-cm3.lib : gpio.obj (.text:GPIODirModeSet)
                  000068aa    0000002e     rtsv7M3_T_le_eabi.lib : i_tofd_t2.obj (.text)
                  000068d8    00000028     driverlib-cm3.lib : pwm.obj (.text:PWMGenConfigure)
                  00006900    00000024                       : interrupt.obj (.text:IntPrioritySet)
                  00006924    00000024     rtsv7M3_T_le_eabi.lib : memcmp.obj (.text)
                  00006948    00000020                           : u_tofd_t2.obj (.text)
                  00006968    0000001e     driverlib-cm3.lib : pwm.obj (.text:PWMPulseWidthSet)
                  00006986    00000002     --HOLE-- [fill = 0]
                  00006988    0000001c                       : uart.obj (.text:UARTDisable)
                  000069a4    0000001a     rtsv7M3_T_le_eabi.lib : memccpy.obj (.text)
                  000069be    00000002     --HOLE-- [fill = 0]
                  000069c0    00000018                           : args_main.obj (.text)
                  000069d8    00000016     driverlib-cm3.lib : pwm.obj (.text:PWMOutputState)
                  000069ee    00000016     rtsv7M3_T_le_eabi.lib : strchr.obj (.text)
                  00006a04    00000016                           : strcpy.obj (.text)
                  00006a1a    00000014     driverlib-cm3.lib : pwm.obj (.text:PWMGenPeriodSet)
                  00006a2e    00000002     --HOLE-- [fill = 0]
                  00006a30    00000014                       : sysctl.obj (.text:SysCtlPWMClockSet)
                  00006a44    00000014                       : uart.obj (.text:UARTEnable)
                  00006a58    00000014     rtsv7M3_T_le_eabi.lib : _lock.obj (.text)
                  00006a6c    00000014                           : strlen.obj (.text)
                  00006a80    00000012     driverlib-cm3.lib : gpio.obj (.text:GPIOPinTypeGPIOOutput)
                  00006a92    00000012                       : gpio.obj (.text:GPIOPinTypePWM)
                  00006aa4    00000012                       : gpio.obj (.text:GPIOPinTypeSSI)
                  00006ab6    00000012                       : gpio.obj (.text:GPIOPinTypeUART)
                  00006ac8    00000012                       : ssi.obj (.text:SSIDataGetNonBlocking)
                  00006ada    00000010                       : uart.obj (.text:UARTCharGetNonBlocking)
                  00006aea    0000000e     rtsv7M3_T_le_eabi.lib : copy_decompress_none.obj (.text:decompress:none)
                  00006af8    0000000c     driverlib-cm3.lib : cpu.obj (.text:CPUcpsid)
                  00006b04    0000000c                       : cpu.obj (.text:CPUcpsie)
                  00006b10    0000000c                       : gpio.obj (.text:GPIOPinIntEnable)
                  00006b1c    0000000c                       : uart.obj (.text:UARTCharsAvail)
                  00006b28    0000000c     rtsv7M3_T_le_eabi.lib : copy_zero_init.obj (.text:decompress:ZI)
                  00006b34    0000000c     startup_ccs.obj (.text)
                  00006b40    0000000a     driverlib-cm3.lib : interrupt.obj (.text:IntMasterDisable)
                  00006b4a    0000000a                       : interrupt.obj (.text:IntMasterEnable)
                  00006b54    0000000a                       : pwm.obj (.text:PWMGenEnable)
                  00006b5e    0000000a                       : ssi.obj (.text:SSIDataPut)
                  00006b68    0000000a                       : ssi.obj (.text:SSIDisable)
                  00006b72    0000000a                       : ssi.obj (.text:SSIEnable)
                  00006b7c    0000000a                       : uart.obj (.text:UARTCharPut)
                  00006b86    0000000a                       : uart.obj (.text:UARTFIFOEnable)
                  00006b90    0000000a                       : uart.obj (.text:UARTIntStatus)
                  00006b9a    00000008                       : ssi.obj (.text:SSIBusy)
                  00006ba2    00000008                       : uart.obj (.text:UARTIntEnable)
                  00006baa    00000008     rtsv7M3_T_le_eabi.lib : s_copysign.obj (.text)
                  00006bb2    00000006     driverlib-cm3.lib : gpio.obj (.text:GPIOPinIntClear)
                  00006bb8    00000006                       : gpio.obj (.text:GPIOPinRead)
                  00006bbe    00000006                       : gpio.obj (.text:GPIOPinWrite)
                  00006bc4    00000006                       : sysctl.obj (.text:SysCtlDelay)
                  00006bca    00000006     rtsv7M3_T_le_eabi.lib : atof.obj (.text)
                  00006bd0    00000004     driverlib-cm3.lib : uart.obj (.text:UARTIntClear)
                  00006bd4    00000004     rtsv7M3_T_le_eabi.lib : pre_init.obj (.text)

.const     0    00006bd8    000005b4     
                  00006bd8    000001e0     rit128x96x4.obj (.const:g_pucFont)
                  00006db8    00000101     rtsv7M3_T_le_eabi.lib : ctype.obj (.const:.string:_ctypes_)
                  00006eb9    00000003     rit128x96x4.obj (.const:.string:pucCommand1$1)
                  00006ebc    0000009c     driverlib-cm3.lib : interrupt.obj (.const:g_pulRegs)
                  00006f58    00000098     rtsv7M3_T_le_eabi.lib : strtod.obj (.const:$O1$$)
                  00006ff0    00000070     driverlib-cm3.lib : interrupt.obj (.const)
                  00007060    0000006c                       : sysctl.obj (.const:g_pulXtals)
                  000070cc    0000004f     rit128x96x4.obj (.const:.string:g_pucRIT128x96x4Init)
                  0000711b    00000001     --HOLE-- [fill = 0]
                  0000711c    00000040     driverlib-cm3.lib : sysctl.obj (.const)
                  0000715c    00000014     tasks.obj (.const:.string:ucExpectedStackBytes$1)
                  00007170    00000010     rtsv7M3_T_le_eabi.lib : e_fmod.obj (.const:Zero)
                  00007180    00000003     rit128x96x4.obj (.const:.string:pucCommand2$2)
                  00007183    00000002     rit128x96x4.obj (.const:.string:g_pucRIT128x96x4HorizontalInc)
                  00007185    00000002     rit128x96x4.obj (.const:.string:g_pucRIT128x96x4VerticalInc)
                  00007187    00000002     rit128x96x4.obj (.const:.string:pucCommand1$3)
                  00007189    00000001     --HOLE-- [fill = 0]
                  0000718a    00000002     heap_2.obj (.const)

.cinit     0    00007190    00000048     
                  00007190    00000024     (.cinit..data.load) [load image, compression = lzss]
                  000071b4    0000000c     (__TI_handler_table)
                  000071c0    00000008     (.cinit..bss.load) [load image, compression = zero_init]
                  000071c8    00000010     (__TI_cinit_table)

.bss       0    20000000    0000299c     UNINITIALIZED
                  20000000    00002800     heap_2.obj (.bss:xHeap)
                  20002800    00000078     (.common:UART_char_data_old)
                  20002878    00000064     tasks.obj (.bss:pxReadyTasksLists)
                  200028dc    00000014     tasks.obj (.bss:xDelayedTaskList1)
                  200028f0    00000014     tasks.obj (.bss:xDelayedTaskList2)
                  20002904    00000014     tasks.obj (.bss:xPendingReadyList)
                  20002918    00000014     tasks.obj (.bss:xSuspendedTaskList)
                  2000292c    00000014     tasks.obj (.bss:xTasksWaitingTermination)
                  20002940    00000008     rit128x96x4.obj (.bss:g_pucBuffer)
                  20002948    00000008     tasks.obj (.bss)
                  20002950    00000008     heap_2.obj (.bss:xEnd)
                  20002958    00000008     heap_2.obj (.bss:xStart)
                  20002960    00000004     rit128x96x4.obj (.bss)
                  20002964    00000004     (.common:period)
                  20002968    00000004     (.common:xBinarySemaphoreEncoder_1)
                  2000296c    00000004     (.common:xBinarySemaphoreFilter)
                  20002970    00000004     (.common:xBinarySemaphoreGPS)
                  20002974    00000004     (.common:xBinarySemaphoreGPSchar)
                  20002978    00000004     (.common:xEncoder_1)
                  2000297c    00000004     (.common:xEncoder_raw_DATA)
                  20002980    00000004     (.common:xPWM_DATA)
                  20002984    00000004     (.common:xPWM_speed_DATA)
                  20002988    00000004     (.common:xQueueBuffedSpeed)
                  2000298c    00000004     (.common:xQueueButtons)
                  20002990    00000004     (.common:xQueueGPSDATA)
                  20002994    00000004     (.common:xQueueSpeed)
                  20002998    00000004     (.common:xUART_GPS_DATA)

.stack     0    2000299c    00000fff     UNINITIALIZED
                  2000299c    00000fff     --HOLE--

.sysmem    0    200039a0    00000fff     UNINITIALIZED
                  200039a0    00000008     rtsv7M3_T_le_eabi.lib : memory.obj (.sysmem)
                  200039a8    00000ff7     --HOLE--

.data      0    200049a0    00000064     UNINITIALIZED
                  200049a0    00000030     tasks.obj (.data)
                  200049d0    0000000c     rtsv7M3_T_le_eabi.lib : exit.obj (.data:$O1$$)
                  200049dc    0000000c                           : memory.obj (.data:$O1$$)
                  200049e8    00000008                           : _lock.obj (.data:$O1$$)
                  200049f0    00000008     heap_2.obj (.data)
                  200049f8    00000004     port.obj (.data)
                  200049fc    00000004     rtsv7M3_T_le_eabi.lib : errno.obj (.data)
                  20004a00    00000004                           : stkdepth_vars.obj (.data)

MODULE SUMMARY

       Module                     code    ro data   rw data
       ------                     ----    -------   -------
    .\
       tasks.obj                  3188    20        256    
       data_process.obj           2364    0         8      
       rit128x96x4.obj            1296    571       12     
       main.obj                   1540    0         152    
       queue.obj                  1556    0         0      
       display.obj                982     0         0      
       init.obj                   704     0         4      
       speed.obj                  396     0         0      
       PWM_module.obj             336     0         0      
       list.obj                   302     0         0      
       UART_module.obj            292     0         0      
       button_data.obj            284     0         0      
       startup_ccs.obj            12      240       0      
       int_module.obj             148     0         12     
    +--+--------------------------+-------+---------+---------+
       Total:                     13400   831       444    
                                                           
    .\portable\
       heap_2.obj                 444     2         10264  
       port.obj                   228     0         4      
       portasm.obj                156     0         0      
    +--+--------------------------+-------+---------+---------+
       Total:                     828     2         10268  
                                                           
    C:/ti/StellarisWare/driverlib/ccs-cm3/Debug/driverlib-cm3.lib
       sysctl.obj                 1046    172       0      
       interrupt.obj              156     268       0      
       gpio.obj                   416     0         0      
       uart.obj                   184     0         0      
       ssi.obj                    124     0         0      
       pwm.obj                    122     0         0      
       cpu.obj                    24      0         0      
    +--+--------------------------+-------+---------+---------+
       Total:                     2072    440       0      
                                                           
    C:\ti\ccsv6\tools\compiler\ti-cgt-arm_16.6.0.STS\lib\rtsv7M3_T_le_eabi.lib
       _printfi.obj               4354    0         0      
       memory.obj                 972     0         12     
       strtod.obj                 572     152       0      
       e_fmod.obj                 548     16        0      
       ull_div_t2.obj             500     0         0      
       fd_add_t2.obj              438     0         0      
       fd_div_t2.obj              310     0         0      
       fd_cmp_t2.obj              268     0         0      
       ctype.obj                  0       257       0      
       fd_mul_t2.obj              252     0         0      
       fs_add_t2.obj              250     0         0      
       s_scalbn.obj               208     0         0      
       memcpy_t2.obj              156     0         0      
       fs_div_t2.obj              146     0         0      
       fs_mul_t2.obj              122     0         0      
       memset_t2.obj              122     0         0      
       autoinit.obj               112     0         0      
       fd_tos_t2.obj              110     0         0      
       copy_decompress_lzss.obj   102     0         0      
       exit.obj                   84      0         12     
       fs_cmp_t2.obj              96      0         0      
       sprintf.obj                96      0         0      
       s_frexp.obj                92      0         0      
       ltoa.obj                   86      0         0      
       atoi.obj                   76      0         0      
       atol.obj                   76      0         0      
       cpy_tbl.obj                76      0         0      
       fd_toi_t2.obj              72      0         0      
       fd_tou_t2.obj              68      0         0      
       boot.obj                   64      0         0      
       fs_tod_t2.obj              56      0         0      
       fs_toi_t2.obj              56      0         0      
       i_tofs_t2.obj              56      0         0      
       strncpy.obj                54      0         0      
       strstr.obj                 54      0         0      
       fs_tou_t2.obj              52      0         0      
       i_tofd_t2.obj              46      0         0      
       memcmp.obj                 36      0         0      
       u_tofd_t2.obj              32      0         0      
       _lock.obj                  20      0         8      
       memccpy.obj                26      0         0      
       args_main.obj              24      0         0      
       strchr.obj                 22      0         0      
       strcpy.obj                 22      0         0      
       strlen.obj                 20      0         0      
       copy_decompress_none.obj   14      0         0      
       copy_zero_init.obj         12      0         0      
       s_copysign.obj             8       0         0      
       atof.obj                   6       0         0      
       errno.obj                  0       0         4      
       pre_init.obj               4       0         0      
       stkdepth_vars.obj          0       0         4      
       mpu_init.obj               2       0         0      
       startup.obj                2       0         0      
    +--+--------------------------+-------+---------+---------+
       Total:                     11052   425       40     
                                                           
       Heap:                      0       0         4095   
       Stack:                     0       0         4095   
       Linker Generated:          0       72        0      
    +--+--------------------------+-------+---------+---------+
       Grand Total:               27352   1770      18942  


LINKER GENERATED COPY TABLES

__TI_cinit_table @ 000071c8 records: 2, size/record: 8, table size: 16
	.data: load addr=00007190, load size=00000024 bytes, run addr=200049a0, run size=00000064 bytes, compression=lzss
	.bss: load addr=000071c0, load size=00000008 bytes, run addr=20000000, run size=0000299c bytes, compression=zero_init


LINKER GENERATED HANDLER TABLE

__TI_handler_table @ 000071b4 records: 3, size/record: 4, table size: 12
	index: 0, handler: __TI_decompress_lzss
	index: 1, handler: __TI_decompress_none
	index: 2, handler: __TI_zero_init


GLOBAL SYMBOLS: SORTED ALPHABETICALLY BY Name 

address   name                           
-------   ----                           
00006465  C$$EXIT                        
00006af9  CPUcpsid                       
00006b05  CPUcpsie                       
00005d71  EncoderINT                     
0000687d  GPIODirModeSet                 
000065e5  GPIOIntTypeSet                 
00005b41  GPIOPadConfigSet               
00006bb3  GPIOPinIntClear                
00006b11  GPIOPinIntEnable               
00006bb9  GPIOPinRead                    
00006a81  GPIOPinTypeGPIOOutput          
00006a93  GPIOPinTypePWM                 
00006aa5  GPIOPinTypeSSI                 
00006ab7  GPIOPinTypeUART                
00006bbf  GPIOPinWrite                   
00006235  IntEnable                      
00006b41  IntMasterDisable               
00006b4b  IntMasterEnable                
00006901  IntPrioritySet                 
000068d9  PWMGenConfigure                
00006b55  PWMGenEnable                   
00006a1b  PWMGenPeriodSet                
000069d9  PWMOutputState                 
00006969  PWMPulseWidthSet               
00005145  PWM_direction                  
0000511d  PWM_duty                       
000034c5  RIT128x96x4Clear               
00003743  RIT128x96x4Disable             
00003895  RIT128x96x4DisplayOff          
00003861  RIT128x96x4DisplayOn           
000036e9  RIT128x96x4Enable              
00003661  RIT128x96x4ImageDraw           
000037bd  RIT128x96x4Init                
00003521  RIT128x96x4StringDraw          
00006b35  ResetISR                       
UNDEFED   SHT$$INIT_ARRAY$$Base          
UNDEFED   SHT$$INIT_ARRAY$$Limit         
00006b9b  SSIBusy                        
00006629  SSIConfigSetExpClk             
00006ac9  SSIDataGetNonBlocking          
00006b5f  SSIDataPut                     
00006b69  SSIDisable                     
00006b73  SSIEnable                      
00004985  SysCtlClockGet                 
000051ad  SysCtlClockSet                 
00006bc5  SysCtlDelay                    
00006a31  SysCtlPWMClockSet              
000063b5  SysCtlPeripheralEnable         
00005e69  SysCtlPeripheralReset          
00006adb  UARTCharGetNonBlocking         
00006b7d  UARTCharPut                    
00006b1d  UARTCharsAvail                 
000066b1  UARTConfigSetExpClk            
00006989  UARTDisable                    
00006a45  UARTEnable                     
00006b87  UARTFIFOEnable                 
00006bd1  UARTIntClear                   
00006ba3  UARTIntEnable                  
00005d41  UARTIntHandler                 
00006b91  UARTIntStatus                  
00005555  UARTSend                       
20002800  UART_char_data_old             
2000399b  __STACK_END                    
00000fff  __STACK_SIZE                   
20002a9c  __STACK_TOP                    
00000fff  __SYSMEM_SIZE                  
000071c8  __TI_CINIT_Base                
000071d8  __TI_CINIT_Limit               
000071b4  __TI_Handler_Table_Base        
000071c0  __TI_Handler_Table_Limit       
000060f1  __TI_auto_init                 
200049d0  __TI_cleanup_ptr               
000061cf  __TI_decompress_lzss           
00006aeb  __TI_decompress_none           
200049d4  __TI_dtors_ptr                 
200049d8  __TI_enable_exit_profile_output
ffffffff  __TI_pprof_out_hndl            
0000091d  __TI_printfi                   
ffffffff  __TI_prof_data_size            
ffffffff  __TI_prof_data_start           
00000000  __TI_static_base__             
00006b29  __TI_zero_init                 
00005ef1  __aeabi_cdcmpeq                
00005ef1  __aeabi_cdcmple                
00005f77  __aeabi_cdrcmple               
00006299  __aeabi_cfrcmple               
00006161  __aeabi_d2f                    
0000659d  __aeabi_d2iz                   
0000666d  __aeabi_d2uiz                  
00004d23  __aeabi_dadd                   
000052f1  __aeabi_ddiv                   
00005795  __aeabi_dmul                   
00004d19  __aeabi_dsub                   
00006735  __aeabi_f2d                    
0000676d  __aeabi_f2iz                   
00006849  __aeabi_f2uiz                  
00005895  __aeabi_fadd                   
00005dd5  __aeabi_fdiv                   
00005ffd  __aeabi_fmul                   
00005891  __aeabi_fsub                   
000068ab  __aeabi_i2d                    
000067a5  __aeabi_i2f                    
00006077  __aeabi_memclr                 
00006077  __aeabi_memclr4                
00006077  __aeabi_memclr8                
00005ca5  __aeabi_memcpy                 
00005ca5  __aeabi_memcpy4                
00005ca5  __aeabi_memcpy8                
00006079  __aeabi_memset                 
00006079  __aeabi_memset4                
00006079  __aeabi_memset8                
00006949  __aeabi_ui2d                   
00004791  __aeabi_uldivmod               
ffffffff  __binit__                      
ffffffff  __c_args__                     
000011f3  __mpu_init                     
2000299c  __stack                        
000069c1  _args_main                     
000066f5  _c_int00                       
00006db8  _ctypes_                       
200049e8  _lock                          
00006a67  _nop                           
00006a5f  _register_lock                 
00006a59  _register_unlock               
200039a0  _sys_memory                    
00003ca3  _system_post_cinit             
00006bd5  _system_pre_init               
200049ec  _unlock                        
00006469  abort                          
00004f7d  analysis_speed                 
00006bcb  atof                           
000064b9  atoi                           
00006505  atol                           
ffffffff  binit                          
00004043  calloc                         
000038cd  clearDisplay                   
00006551  copy_in                        
00006bab  copysign                       
00006bab  copysignl                      
00001ef5  decode_GGA                     
000022e9  decode_RMC                     
00003aa9  display                        
00004fc5  encoder_quad                   
200049fc  errno                          
00006471  exit                           
0000505d  find_dir                       
0000456d  fmod                           
0000456d  fmodl                          
00003d8f  free                           
00006359  frexp                          
00006359  frexpl                         
00000000  g_pfnVectors                   
00004299  initCircBuf                    
000040ad  initClock                      
000041f5  initConsole                    
0000412f  initDisplay                    
000040b7  initGPIO                       
00004139  initPWMchan                    
000040db  initPin                        
000042c3  init_set_speed_data            
00005717  invert_bool                    
0000573b  invert_buttons                 
00005a71  ldexp                          
00005a71  ldexpl                         
0000640d  ltoa                           
00002db9  main                           
20004a00  main_func_sp                   
00004269  main_init                      
00003d25  malloc                         
00003f59  memalign                       
000069a5  memccpy                        
00006925  memcmp                         
00005ca5  memcpy                         
0000607f  memset                         
00003ca5  minit                          
000039ed  no_fix_screen                  
20002964  period                         
00004b5d  pvPortMalloc                   
200049a0  pxCurrentTCB                   
0000598d  pxPortInitialiseStack          
000038d5  read_button_screen             
00005679  read_buttons                   
00003e51  realloc                        
00004071  reset_peripheral               
00005a71  scalbn                         
00005a71  scalbnl                        
0000559d  send_data                      
00003953  set_speed_display              
00004ed1  set_speed_func                 
00005089  speed_feedback                 
00002701  split_data                     
000062f9  sprintf                        
00001e69  store_char                     
00004f33  store_speed                    
000069ef  strchr                         
00006a05  strcpy                         
00006a6d  strlen                         
000067dd  strncpy                        
00006813  strstr                         
00004331  strtod                         
00004331  strtold                        
00002bbf  uxQueueMessagesWaiting         
00002bd5  uxQueueMessagesWaitingFromISR  
0000187d  uxTaskGetNumberOfTasks         
00001485  uxTaskPriorityGet              
0000338f  vApplicationIdleHook           
00003383  vApplicationMallocFailedHook   
00003385  vApplicationStackOverflowHook  
00003391  vApplicationTickHook           
00003291  vDisplayTask                   
00003075  vEncoder                       
00003211  vFilterSpeed                   
00005427  vListInitialise                
00005457  vListInitialiseItem            
000054ab  vListInsert                    
00005467  vListInsertEnd                 
00005511  vListRemove                    
000030fd  vPWM                           
00005c55  vPortClearInterruptMask        
00005c93  vPortEnableVFP                 
000059fd  vPortEndScheduler              
00005a09  vPortEnterCritical             
00005a19  vPortExitCritical              
00004c8f  vPortFree                      
00004cf7  vPortInitialiseBlocks          
00005c63  vPortSVCHandler                
00005c47  vPortSetInterruptMask          
00005c81  vPortStartFirstTask            
000059ff  vPortYieldFromISR              
00002be7  vQueueDelete                   
0000303d  vReadButtons                   
00002fc7  vReadGPS                       
00002f7f  vReadGPSchar                   
00001421  vTaskDelay                     
00001371  vTaskDelayUntil                
00001309  vTaskDelete                    
0000177d  vTaskEndScheduler              
0000188d  vTaskIncrementTick             
00001b91  vTaskMissedYield               
000019f5  vTaskPlaceOnEventList          
00001dd9  vTaskPriorityDisinherit        
00001d4d  vTaskPriorityInherit           
000014c1  vTaskPrioritySet               
00001651  vTaskResume                    
00001af3  vTaskSetTimeOutState           
00001733  vTaskStartScheduler            
000015a9  vTaskSuspend                   
0000178f  vTaskSuspendAll                
00001935  vTaskSwitchContext             
20002968  xBinarySemaphoreEncoder_1      
2000296c  xBinarySemaphoreFilter         
20002970  xBinarySemaphoreGPS            
20002974  xBinarySemaphoreGPSchar        
20002978  xEncoder_1                     
2000297c  xEncoder_raw_DATA              
20002980  xPWM_DATA                      
20002984  xPWM_speed_DATA                
00004cf1  xPortGetFreeHeapSize           
00005c0d  xPortPendSVHandler             
000059d5  xPortStartScheduler            
00005a2f  xPortSysTickHandler            
20002988  xQueueBuffedSpeed              
2000298c  xQueueButtons                  
000027a5  xQueueCreate                   
000028b3  xQueueCreateCountingSemaphore  
0000284b  xQueueCreateMutex              
20002990  xQueueGPSDATA                  
00002a23  xQueueGenericReceive           
000028d1  xQueueGenericSend              
000029b9  xQueueGenericSendFromISR       
00002d61  xQueueIsQueueEmptyFromISR      
00002d9b  xQueueIsQueueFullFromISR       
00002b57  xQueueReceiveFromISR           
20002994  xQueueSpeed                    
00001b19  xTaskCheckForTimeOut           
000011f5  xTaskGenericCreate             
00001d39  xTaskGetCurrentTaskHandle      
00001869  xTaskGetTickCount              
00001601  xTaskIsTaskSuspended           
00001a75  xTaskRemoveFromEventList       
00001799  xTaskResumeAll                 
000016c1  xTaskResumeFromISR             
20002998  xUART_GPS_DATA                 


GLOBAL SYMBOLS: SORTED BY Symbol Address 

address   name                           
-------   ----                           
00000000  __TI_static_base__             
00000000  g_pfnVectors                   
0000091d  __TI_printfi                   
00000fff  __STACK_SIZE                   
00000fff  __SYSMEM_SIZE                  
000011f3  __mpu_init                     
000011f5  xTaskGenericCreate             
00001309  vTaskDelete                    
00001371  vTaskDelayUntil                
00001421  vTaskDelay                     
00001485  uxTaskPriorityGet              
000014c1  vTaskPrioritySet               
000015a9  vTaskSuspend                   
00001601  xTaskIsTaskSuspended           
00001651  vTaskResume                    
000016c1  xTaskResumeFromISR             
00001733  vTaskStartScheduler            
0000177d  vTaskEndScheduler              
0000178f  vTaskSuspendAll                
00001799  xTaskResumeAll                 
00001869  xTaskGetTickCount              
0000187d  uxTaskGetNumberOfTasks         
0000188d  vTaskIncrementTick             
00001935  vTaskSwitchContext             
000019f5  vTaskPlaceOnEventList          
00001a75  xTaskRemoveFromEventList       
00001af3  vTaskSetTimeOutState           
00001b19  xTaskCheckForTimeOut           
00001b91  vTaskMissedYield               
00001d39  xTaskGetCurrentTaskHandle      
00001d4d  vTaskPriorityInherit           
00001dd9  vTaskPriorityDisinherit        
00001e69  store_char                     
00001ef5  decode_GGA                     
000022e9  decode_RMC                     
00002701  split_data                     
000027a5  xQueueCreate                   
0000284b  xQueueCreateMutex              
000028b3  xQueueCreateCountingSemaphore  
000028d1  xQueueGenericSend              
000029b9  xQueueGenericSendFromISR       
00002a23  xQueueGenericReceive           
00002b57  xQueueReceiveFromISR           
00002bbf  uxQueueMessagesWaiting         
00002bd5  uxQueueMessagesWaitingFromISR  
00002be7  vQueueDelete                   
00002d61  xQueueIsQueueEmptyFromISR      
00002d9b  xQueueIsQueueFullFromISR       
00002db9  main                           
00002f7f  vReadGPSchar                   
00002fc7  vReadGPS                       
0000303d  vReadButtons                   
00003075  vEncoder                       
000030fd  vPWM                           
00003211  vFilterSpeed                   
00003291  vDisplayTask                   
00003383  vApplicationMallocFailedHook   
00003385  vApplicationStackOverflowHook  
0000338f  vApplicationIdleHook           
00003391  vApplicationTickHook           
000034c5  RIT128x96x4Clear               
00003521  RIT128x96x4StringDraw          
00003661  RIT128x96x4ImageDraw           
000036e9  RIT128x96x4Enable              
00003743  RIT128x96x4Disable             
000037bd  RIT128x96x4Init                
00003861  RIT128x96x4DisplayOn           
00003895  RIT128x96x4DisplayOff          
000038cd  clearDisplay                   
000038d5  read_button_screen             
00003953  set_speed_display              
000039ed  no_fix_screen                  
00003aa9  display                        
00003ca3  _system_post_cinit             
00003ca5  minit                          
00003d25  malloc                         
00003d8f  free                           
00003e51  realloc                        
00003f59  memalign                       
00004043  calloc                         
00004071  reset_peripheral               
000040ad  initClock                      
000040b7  initGPIO                       
000040db  initPin                        
0000412f  initDisplay                    
00004139  initPWMchan                    
000041f5  initConsole                    
00004269  main_init                      
00004299  initCircBuf                    
000042c3  init_set_speed_data            
00004331  strtod                         
00004331  strtold                        
0000456d  fmod                           
0000456d  fmodl                          
00004791  __aeabi_uldivmod               
00004985  SysCtlClockGet                 
00004b5d  pvPortMalloc                   
00004c8f  vPortFree                      
00004cf1  xPortGetFreeHeapSize           
00004cf7  vPortInitialiseBlocks          
00004d19  __aeabi_dsub                   
00004d23  __aeabi_dadd                   
00004ed1  set_speed_func                 
00004f33  store_speed                    
00004f7d  analysis_speed                 
00004fc5  encoder_quad                   
0000505d  find_dir                       
00005089  speed_feedback                 
0000511d  PWM_duty                       
00005145  PWM_direction                  
000051ad  SysCtlClockSet                 
000052f1  __aeabi_ddiv                   
00005427  vListInitialise                
00005457  vListInitialiseItem            
00005467  vListInsertEnd                 
000054ab  vListInsert                    
00005511  vListRemove                    
00005555  UARTSend                       
0000559d  send_data                      
00005679  read_buttons                   
00005717  invert_bool                    
0000573b  invert_buttons                 
00005795  __aeabi_dmul                   
00005891  __aeabi_fsub                   
00005895  __aeabi_fadd                   
0000598d  pxPortInitialiseStack          
000059d5  xPortStartScheduler            
000059fd  vPortEndScheduler              
000059ff  vPortYieldFromISR              
00005a09  vPortEnterCritical             
00005a19  vPortExitCritical              
00005a2f  xPortSysTickHandler            
00005a71  ldexp                          
00005a71  ldexpl                         
00005a71  scalbn                         
00005a71  scalbnl                        
00005b41  GPIOPadConfigSet               
00005c0d  xPortPendSVHandler             
00005c47  vPortSetInterruptMask          
00005c55  vPortClearInterruptMask        
00005c63  vPortSVCHandler                
00005c81  vPortStartFirstTask            
00005c93  vPortEnableVFP                 
00005ca5  __aeabi_memcpy                 
00005ca5  __aeabi_memcpy4                
00005ca5  __aeabi_memcpy8                
00005ca5  memcpy                         
00005d41  UARTIntHandler                 
00005d71  EncoderINT                     
00005dd5  __aeabi_fdiv                   
00005e69  SysCtlPeripheralReset          
00005ef1  __aeabi_cdcmpeq                
00005ef1  __aeabi_cdcmple                
00005f77  __aeabi_cdrcmple               
00005ffd  __aeabi_fmul                   
00006077  __aeabi_memclr                 
00006077  __aeabi_memclr4                
00006077  __aeabi_memclr8                
00006079  __aeabi_memset                 
00006079  __aeabi_memset4                
00006079  __aeabi_memset8                
0000607f  memset                         
000060f1  __TI_auto_init                 
00006161  __aeabi_d2f                    
000061cf  __TI_decompress_lzss           
00006235  IntEnable                      
00006299  __aeabi_cfrcmple               
000062f9  sprintf                        
00006359  frexp                          
00006359  frexpl                         
000063b5  SysCtlPeripheralEnable         
0000640d  ltoa                           
00006465  C$$EXIT                        
00006469  abort                          
00006471  exit                           
000064b9  atoi                           
00006505  atol                           
00006551  copy_in                        
0000659d  __aeabi_d2iz                   
000065e5  GPIOIntTypeSet                 
00006629  SSIConfigSetExpClk             
0000666d  __aeabi_d2uiz                  
000066b1  UARTConfigSetExpClk            
000066f5  _c_int00                       
00006735  __aeabi_f2d                    
0000676d  __aeabi_f2iz                   
000067a5  __aeabi_i2f                    
000067dd  strncpy                        
00006813  strstr                         
00006849  __aeabi_f2uiz                  
0000687d  GPIODirModeSet                 
000068ab  __aeabi_i2d                    
000068d9  PWMGenConfigure                
00006901  IntPrioritySet                 
00006925  memcmp                         
00006949  __aeabi_ui2d                   
00006969  PWMPulseWidthSet               
00006989  UARTDisable                    
000069a5  memccpy                        
000069c1  _args_main                     
000069d9  PWMOutputState                 
000069ef  strchr                         
00006a05  strcpy                         
00006a1b  PWMGenPeriodSet                
00006a31  SysCtlPWMClockSet              
00006a45  UARTEnable                     
00006a59  _register_unlock               
00006a5f  _register_lock                 
00006a67  _nop                           
00006a6d  strlen                         
00006a81  GPIOPinTypeGPIOOutput          
00006a93  GPIOPinTypePWM                 
00006aa5  GPIOPinTypeSSI                 
00006ab7  GPIOPinTypeUART                
00006ac9  SSIDataGetNonBlocking          
00006adb  UARTCharGetNonBlocking         
00006aeb  __TI_decompress_none           
00006af9  CPUcpsid                       
00006b05  CPUcpsie                       
00006b11  GPIOPinIntEnable               
00006b1d  UARTCharsAvail                 
00006b29  __TI_zero_init                 
00006b35  ResetISR                       
00006b41  IntMasterDisable               
00006b4b  IntMasterEnable                
00006b55  PWMGenEnable                   
00006b5f  SSIDataPut                     
00006b69  SSIDisable                     
00006b73  SSIEnable                      
00006b7d  UARTCharPut                    
00006b87  UARTFIFOEnable                 
00006b91  UARTIntStatus                  
00006b9b  SSIBusy                        
00006ba3  UARTIntEnable                  
00006bab  copysign                       
00006bab  copysignl                      
00006bb3  GPIOPinIntClear                
00006bb9  GPIOPinRead                    
00006bbf  GPIOPinWrite                   
00006bc5  SysCtlDelay                    
00006bcb  atof                           
00006bd1  UARTIntClear                   
00006bd5  _system_pre_init               
00006db8  _ctypes_                       
000071b4  __TI_Handler_Table_Base        
000071c0  __TI_Handler_Table_Limit       
000071c8  __TI_CINIT_Base                
000071d8  __TI_CINIT_Limit               
20002800  UART_char_data_old             
20002964  period                         
20002968  xBinarySemaphoreEncoder_1      
2000296c  xBinarySemaphoreFilter         
20002970  xBinarySemaphoreGPS            
20002974  xBinarySemaphoreGPSchar        
20002978  xEncoder_1                     
2000297c  xEncoder_raw_DATA              
20002980  xPWM_DATA                      
20002984  xPWM_speed_DATA                
20002988  xQueueBuffedSpeed              
2000298c  xQueueButtons                  
20002990  xQueueGPSDATA                  
20002994  xQueueSpeed                    
20002998  xUART_GPS_DATA                 
2000299c  __stack                        
20002a9c  __STACK_TOP                    
2000399b  __STACK_END                    
200039a0  _sys_memory                    
200049a0  pxCurrentTCB                   
200049d0  __TI_cleanup_ptr               
200049d4  __TI_dtors_ptr                 
200049d8  __TI_enable_exit_profile_output
200049e8  _lock                          
200049ec  _unlock                        
200049fc  errno                          
20004a00  main_func_sp                   
ffffffff  __TI_pprof_out_hndl            
ffffffff  __TI_prof_data_size            
ffffffff  __TI_prof_data_start           
ffffffff  __binit__                      
ffffffff  __c_args__                     
ffffffff  binit                          
UNDEFED   SHT$$INIT_ARRAY$$Base          
UNDEFED   SHT$$INIT_ARRAY$$Limit         

[283 symbols]
