******************************************************************************
                  TI ARM Linker PC v16.6.0                     
******************************************************************************
>> Linked Mon Aug 15 10:35:57 2016

OUTPUT FILE NAME:   <RTOStest1.out>
ENTRY POINT SYMBOL: "_c_int00"  address: 00006b81


MEMORY CONFIGURATION

         name            origin    length      used     unused   attr    fill
----------------------  --------  ---------  --------  --------  ----  --------
  FLASH                 00000000   00040000  00007766  0003889a  R  X
  SRAM                  20000000   00010000  000049fe  0000b602  RW X


SEGMENT ALLOCATION MAP

run origin  load origin   length   init length attrs members
----------  ----------- ---------- ----------- ----- -------
00000000    00000000    00007770   00007770    r-x
  00000000    00000000    000000f0   000000f0    r-- .intvecs
  000000f0    000000f0    0000707a   0000707a    r-x .text
  00007170    00007170    000005b4   000005b4    r-- .const
  00007728    00007728    00000048   00000048    r-- .cinit
20000000    20000000    00004a04   00000000    rw-
  20000000    20000000    0000299c   00000000    rw- .bss
  2000299c    2000299c    00000fff   00000000    rw- .stack
  200039a0    200039a0    00000fff   00000000    rw- .sysmem
  200049a0    200049a0    00000064   00000000    rw- .data


SECTION ALLOCATION MAP

 output                                  attributes/
section   page    origin      length       input sections
--------  ----  ----------  ----------   ----------------
.intvecs   0    00000000    000000f0     
                  00000000    000000f0     startup_ccs.obj (.intvecs)

.text      0    000000f0    0000707a     
                  000000f0    00001102     rtsv7M3_T_le_eabi.lib : _printfi.obj (.text)
                  000011f2    00000002                           : mpu_init.obj (.text)
                  000011f4    00000c74     tasks.obj (.text)
                  00001e68    000008b0     data_process.obj (.text)
                  00002718    000006a2     display.obj (.text)
                  00002dba    00000002     rtsv7M3_T_le_eabi.lib : startup.obj (.text)
                  00002dbc    00000688     main.obj (.text)
                  00003444    00000614     queue.obj (.text)
                  00003a58    00000510     rit128x96x4.obj (.text)
                  00003f68    000003cc     rtsv7M3_T_le_eabi.lib : memory.obj (.text)
                  00004334    000003ac     init.obj (.text)
                  000046e0    0000023c     rtsv7M3_T_le_eabi.lib : strtod.obj (.text)
                  0000491c    00000224                           : e_fmod.obj (.text)
                  00004b40    000001f4                           : ull_div_t2.obj (.text)
                  00004d34    000001d8     driverlib-cm3.lib : sysctl.obj (.text:SysCtlClockGet)
                  00004f0c    000001bc     heap_2.obj (.text)
                  000050c8    000001b6     rtsv7M3_T_le_eabi.lib : fd_add_t2.obj (.text)
                  0000527e    00000002     --HOLE-- [fill = 0]
                  00005280    000001a8     speed.obj (.text)
                  00005428    0000015c     ADC_interface.obj (.text)
                  00005584    0000014c     PWM_module.obj (.text)
                  000056d0    00000144     driverlib-cm3.lib : sysctl.obj (.text:SysCtlClockSet)
                  00005814    00000136     rtsv7M3_T_le_eabi.lib : fd_div_t2.obj (.text)
                  0000594a    0000012e     list.obj (.text)
                  00005a78    0000011c     button_data.obj (.text)
                  00005b94    000000fc     rtsv7M3_T_le_eabi.lib : fd_mul_t2.obj (.text)
                  00005c90    000000fa                           : fs_add_t2.obj (.text)
                  00005d8a    00000002     --HOLE-- [fill = 0]
                  00005d8c    000000e4     port.obj (.text)
                  00005e70    000000d0     rtsv7M3_T_le_eabi.lib : s_scalbn.obj (.text)
                  00005f40    000000c8     driverlib-cm3.lib : gpio.obj (.text:GPIOPadConfigSet)
                  00006008    000000b4     int_module.obj (.text)
                  000060bc    0000009c     portasm.obj (.text)
                  00006158    0000009c     rtsv7M3_T_le_eabi.lib : memcpy_t2.obj (.text)
                  000061f4    00000092                           : fs_div_t2.obj (.text)
                  00006286    00000002     --HOLE-- [fill = 0]
                  00006288    00000088     driverlib-cm3.lib : sysctl.obj (.text:SysCtlPeripheralReset)
                  00006310    00000086     rtsv7M3_T_le_eabi.lib : fd_cmp_t2.obj (.text:__aeabi_cdcmple)
                  00006396    00000086                           : fd_cmp_t2.obj (.text:__aeabi_cdrcmple)
                  0000641c    0000007a                           : fs_mul_t2.obj (.text)
                  00006496    0000007a                           : memset_t2.obj (.text)
                  00006510    00000070                           : autoinit.obj (.text)
                  00006580    0000006e                           : fd_tos_t2.obj (.text)
                  000065ee    0000006c     driverlib-cm3.lib : adc.obj (.text:ADCSequenceStepConfigure)
                  0000665a    00000066     rtsv7M3_T_le_eabi.lib : copy_decompress_lzss.obj (.text:decompress:lzss)
                  000066c0    00000064     driverlib-cm3.lib : interrupt.obj (.text:IntEnable)
                  00006724    00000060     rtsv7M3_T_le_eabi.lib : fs_cmp_t2.obj (.text:__aeabi_cfrcmple)
                  00006784    00000060                           : sprintf.obj (.text)
                  000067e4    0000005c                           : s_frexp.obj (.text)
                  00006840    00000058     driverlib-cm3.lib : sysctl.obj (.text:SysCtlPeripheralEnable)
                  00006898    00000056     rtsv7M3_T_le_eabi.lib : ltoa.obj (.text)
                  000068ee    00000002     --HOLE-- [fill = 0]
                  000068f0    00000054                           : exit.obj (.text)
                  00006944    0000004c                           : atoi.obj (.text)
                  00006990    0000004c                           : atol.obj (.text)
                  000069dc    0000004c                           : cpy_tbl.obj (.text)
                  00006a28    00000048                           : fd_toi_t2.obj (.text)
                  00006a70    00000044     driverlib-cm3.lib : gpio.obj (.text:GPIOIntTypeSet)
                  00006ab4    00000044                       : ssi.obj (.text:SSIConfigSetExpClk)
                  00006af8    00000044     rtsv7M3_T_le_eabi.lib : fd_tou_t2.obj (.text)
                  00006b3c    00000042     driverlib-cm3.lib : uart.obj (.text:UARTConfigSetExpClk)
                  00006b7e    00000002     --HOLE-- [fill = 0]
                  00006b80    00000040     rtsv7M3_T_le_eabi.lib : boot.obj (.text)
                  00006bc0    00000038                           : fs_tod_t2.obj (.text)
                  00006bf8    00000038                           : fs_toi_t2.obj (.text)
                  00006c30    00000038                           : i_tofs_t2.obj (.text)
                  00006c68    00000036                           : strncpy.obj (.text)
                  00006c9e    00000036                           : strstr.obj (.text)
                  00006cd4    00000034                           : fs_tou_t2.obj (.text)
                  00006d08    0000002e     driverlib-cm3.lib : adc.obj (.text:ADCIntStatus)
                  00006d36    0000002e                       : gpio.obj (.text:GPIODirModeSet)
                  00006d64    0000002e     rtsv7M3_T_le_eabi.lib : i_tofd_t2.obj (.text)
                  00006d92    0000002a     driverlib-cm3.lib : adc.obj (.text:ADCSequenceConfigure)
                  00006dbc    00000028                       : pwm.obj (.text:PWMGenConfigure)
                  00006de4    00000024                       : interrupt.obj (.text:IntPrioritySet)
                  00006e08    00000024                       : timer.obj (.text:TimerConfigure)
                  00006e2c    00000024     rtsv7M3_T_le_eabi.lib : memcmp.obj (.text)
                  00006e50    00000020     driverlib-cm3.lib : adc.obj (.text:ADCSequenceDataGet)
                  00006e70    00000020     rtsv7M3_T_le_eabi.lib : u_tofd_t2.obj (.text)
                  00006e90    0000001e     driverlib-cm3.lib : pwm.obj (.text:PWMPulseWidthSet)
                  00006eae    00000002     --HOLE-- [fill = 0]
                  00006eb0    0000001c                       : uart.obj (.text:UARTDisable)
                  00006ecc    0000001a     rtsv7M3_T_le_eabi.lib : memccpy.obj (.text)
                  00006ee6    00000002     --HOLE-- [fill = 0]
                  00006ee8    00000018                           : args_main.obj (.text)
                  00006f00    00000016     driverlib-cm3.lib : adc.obj (.text:ADCProcessorTrigger)
                  00006f16    00000016                       : pwm.obj (.text:PWMOutputState)
                  00006f2c    00000016     rtsv7M3_T_le_eabi.lib : strchr.obj (.text)
                  00006f42    00000016                           : strcpy.obj (.text)
                  00006f58    00000014     driverlib-cm3.lib : pwm.obj (.text:PWMGenPeriodSet)
                  00006f6c    00000014                       : sysctl.obj (.text:SysCtlPWMClockSet)
                  00006f80    00000014                       : uart.obj (.text:UARTEnable)
                  00006f94    00000014     rtsv7M3_T_le_eabi.lib : _lock.obj (.text)
                  00006fa8    00000014                           : strlen.obj (.text)
                  00006fbc    00000012     driverlib-cm3.lib : gpio.obj (.text:GPIOPinTypeADC)
                  00006fce    00000012                       : gpio.obj (.text:GPIOPinTypeGPIOOutput)
                  00006fe0    00000012                       : gpio.obj (.text:GPIOPinTypePWM)
                  00006ff2    00000012                       : gpio.obj (.text:GPIOPinTypeSSI)
                  00007004    00000012                       : gpio.obj (.text:GPIOPinTypeUART)
                  00007016    00000012                       : ssi.obj (.text:SSIDataGetNonBlocking)
                  00007028    00000012                       : timer.obj (.text:TimerLoadSet)
                  0000703a    00000010                       : uart.obj (.text:UARTCharGetNonBlocking)
                  0000704a    0000000e                       : adc.obj (.text:ADCSequenceEnable)
                  00007058    0000000e                       : timer.obj (.text:TimerEnable)
                  00007066    0000000e     rtsv7M3_T_le_eabi.lib : copy_decompress_none.obj (.text:decompress:none)
                  00007074    0000000c     driverlib-cm3.lib : cpu.obj (.text:CPUcpsid)
                  00007080    0000000c                       : cpu.obj (.text:CPUcpsie)
                  0000708c    0000000c                       : gpio.obj (.text:GPIOPinIntEnable)
                  00007098    0000000c                       : uart.obj (.text:UARTCharsAvail)
                  000070a4    0000000c     rtsv7M3_T_le_eabi.lib : copy_zero_init.obj (.text:decompress:ZI)
                  000070b0    0000000c     startup_ccs.obj (.text)
                  000070bc    0000000a     driverlib-cm3.lib : adc.obj (.text:ADCIntClear)
                  000070c6    0000000a                       : interrupt.obj (.text:IntMasterDisable)
                  000070d0    0000000a                       : interrupt.obj (.text:IntMasterEnable)
                  000070da    0000000a                       : pwm.obj (.text:PWMGenEnable)
                  000070e4    0000000a                       : ssi.obj (.text:SSIDataPut)
                  000070ee    0000000a                       : ssi.obj (.text:SSIDisable)
                  000070f8    0000000a                       : ssi.obj (.text:SSIEnable)
                  00007102    0000000a                       : uart.obj (.text:UARTCharPut)
                  0000710c    0000000a                       : uart.obj (.text:UARTFIFOEnable)
                  00007116    0000000a                       : uart.obj (.text:UARTIntStatus)
                  00007120    00000008                       : ssi.obj (.text:SSIBusy)
                  00007128    00000008                       : timer.obj (.text:TimerIntEnable)
                  00007130    00000008                       : uart.obj (.text:UARTIntEnable)
                  00007138    00000008     rtsv7M3_T_le_eabi.lib : s_copysign.obj (.text)
                  00007140    00000006     driverlib-cm3.lib : gpio.obj (.text:GPIOPinIntClear)
                  00007146    00000006                       : gpio.obj (.text:GPIOPinRead)
                  0000714c    00000006                       : gpio.obj (.text:GPIOPinWrite)
                  00007152    00000006                       : sysctl.obj (.text:SysCtlDelay)
                  00007158    00000006     rtsv7M3_T_le_eabi.lib : atof.obj (.text)
                  0000715e    00000004     driverlib-cm3.lib : timer.obj (.text:TimerIntClear)
                  00007162    00000004                       : uart.obj (.text:UARTIntClear)
                  00007166    00000004     rtsv7M3_T_le_eabi.lib : pre_init.obj (.text)

.const     0    00007170    000005b4     
                  00007170    000001e0     rit128x96x4.obj (.const:g_pucFont)
                  00007350    00000101     rtsv7M3_T_le_eabi.lib : ctype.obj (.const:.string:_ctypes_)
                  00007451    00000003     rit128x96x4.obj (.const:.string:pucCommand1$1)
                  00007454    0000009c     driverlib-cm3.lib : interrupt.obj (.const:g_pulRegs)
                  000074f0    00000098     rtsv7M3_T_le_eabi.lib : strtod.obj (.const:$O1$$)
                  00007588    00000070     driverlib-cm3.lib : interrupt.obj (.const)
                  000075f8    0000006c                       : sysctl.obj (.const:g_pulXtals)
                  00007664    0000004f     rit128x96x4.obj (.const:.string:g_pucRIT128x96x4Init)
                  000076b3    00000001     --HOLE-- [fill = 0]
                  000076b4    00000040     driverlib-cm3.lib : sysctl.obj (.const)
                  000076f4    00000014     tasks.obj (.const:.string:ucExpectedStackBytes$1)
                  00007708    00000010     rtsv7M3_T_le_eabi.lib : e_fmod.obj (.const:Zero)
                  00007718    00000003     rit128x96x4.obj (.const:.string:pucCommand2$2)
                  0000771b    00000002     rit128x96x4.obj (.const:.string:g_pucRIT128x96x4HorizontalInc)
                  0000771d    00000002     rit128x96x4.obj (.const:.string:g_pucRIT128x96x4VerticalInc)
                  0000771f    00000002     rit128x96x4.obj (.const:.string:pucCommand1$3)
                  00007721    00000001     --HOLE-- [fill = 0]
                  00007722    00000002     heap_2.obj (.const)

.cinit     0    00007728    00000048     
                  00007728    00000024     (.cinit..data.load) [load image, compression = lzss]
                  0000774c    0000000c     (__TI_handler_table)
                  00007758    00000008     (.cinit..bss.load) [load image, compression = zero_init]
                  00007760    00000010     (__TI_cinit_table)

.bss       0    20000000    0000299c     UNINITIALIZED
                  20000000    00002800     heap_2.obj (.bss:xHeap)
                  20002800    00000078     (.common:UART_char_data_old)
                  20002878    00000064     tasks.obj (.bss:pxReadyTasksLists)
                  200028dc    00000014     tasks.obj (.bss:xDelayedTaskList1)
                  200028f0    00000014     tasks.obj (.bss:xDelayedTaskList2)
                  20002904    00000014     tasks.obj (.bss:xPendingReadyList)
                  20002918    00000014     tasks.obj (.bss:xSuspendedTaskList)
                  2000292c    00000014     tasks.obj (.bss:xTasksWaitingTermination)
                  20002940    00000008     rit128x96x4.obj (.bss:g_pucBuffer)
                  20002948    00000008     tasks.obj (.bss)
                  20002950    00000008     heap_2.obj (.bss:xEnd)
                  20002958    00000008     heap_2.obj (.bss:xStart)
                  20002960    00000004     rit128x96x4.obj (.bss)
                  20002964    00000004     (.common:period)
                  20002968    00000004     (.common:xBinarySemaphoreEncoder_1)
                  2000296c    00000004     (.common:xBinarySemaphoreFilter)
                  20002970    00000004     (.common:xBinarySemaphoreGPS)
                  20002974    00000004     (.common:xBinarySemaphoreGPSchar)
                  20002978    00000004     (.common:xEncoder_1)
                  2000297c    00000004     (.common:xEncoder_raw_DATA)
                  20002980    00000004     (.common:xPWM_DATA)
                  20002984    00000004     (.common:xPWM_speed_DATA)
                  20002988    00000004     (.common:xQueueBuffedSpeed)
                  2000298c    00000004     (.common:xQueueButtons)
                  20002990    00000004     (.common:xQueueGPSDATA)
                  20002994    00000004     (.common:xQueueSpeed)
                  20002998    00000004     (.common:xUART_GPS_DATA)

.stack     0    2000299c    00000fff     UNINITIALIZED
                  2000299c    00000fff     --HOLE--

.sysmem    0    200039a0    00000fff     UNINITIALIZED
                  200039a0    00000008     rtsv7M3_T_le_eabi.lib : memory.obj (.sysmem)
                  200039a8    00000ff7     --HOLE--

.data      0    200049a0    00000064     UNINITIALIZED
                  200049a0    00000030     tasks.obj (.data)
                  200049d0    0000000c     rtsv7M3_T_le_eabi.lib : exit.obj (.data:$O1$$)
                  200049dc    0000000c                           : memory.obj (.data:$O1$$)
                  200049e8    00000008                           : _lock.obj (.data:$O1$$)
                  200049f0    00000008     heap_2.obj (.data)
                  200049f8    00000004     port.obj (.data)
                  200049fc    00000004     rtsv7M3_T_le_eabi.lib : errno.obj (.data)
                  20004a00    00000004                           : stkdepth_vars.obj (.data)

MODULE SUMMARY

       Module                     code    ro data   rw data
       ------                     ----    -------   -------
    .\
       tasks.obj                  3188    20        256    
       data_process.obj           2224    0         0      
       rit128x96x4.obj            1296    571       12     
       main.obj                   1672    0         160    
       display.obj                1698    0         0      
       queue.obj                  1556    0         0      
       init.obj                   940     0         4      
       speed.obj                  424     0         0      
       ADC_interface.obj          348     0         0      
       PWM_module.obj             332     0         0      
       list.obj                   302     0         0      
       button_data.obj            284     0         0      
       startup_ccs.obj            12      240       0      
       int_module.obj             180     0         12     
    +--+--------------------------+-------+---------+---------+
       Total:                     14456   831       444    
                                                           
    .\portable\
       heap_2.obj                 444     2         10264  
       port.obj                   228     0         4      
       portasm.obj                156     0         0      
    +--+--------------------------+-------+---------+---------+
       Total:                     828     2         10268  
                                                           
    C:/ti/StellarisWare/driverlib/ccs-cm3/Debug/driverlib-cm3.lib
       sysctl.obj                 1046    172       0      
       gpio.obj                   434     0         0      
       interrupt.obj              156     268       0      
       adc.obj                    274     0         0      
       uart.obj                   184     0         0      
       ssi.obj                    124     0         0      
       pwm.obj                    122     0         0      
       timer.obj                  80      0         0      
       cpu.obj                    24      0         0      
    +--+--------------------------+-------+---------+---------+
       Total:                     2444    440       0      
                                                           
    C:\ti\ccsv6\tools\compiler\ti-cgt-arm_16.6.0.STS\lib\rtsv7M3_T_le_eabi.lib
       _printfi.obj               4354    0         0      
       memory.obj                 972     0         12     
       strtod.obj                 572     152       0      
       e_fmod.obj                 548     16        0      
       ull_div_t2.obj             500     0         0      
       fd_add_t2.obj              438     0         0      
       fd_div_t2.obj              310     0         0      
       fd_cmp_t2.obj              268     0         0      
       ctype.obj                  0       257       0      
       fd_mul_t2.obj              252     0         0      
       fs_add_t2.obj              250     0         0      
       s_scalbn.obj               208     0         0      
       memcpy_t2.obj              156     0         0      
       fs_div_t2.obj              146     0         0      
       fs_mul_t2.obj              122     0         0      
       memset_t2.obj              122     0         0      
       autoinit.obj               112     0         0      
       fd_tos_t2.obj              110     0         0      
       copy_decompress_lzss.obj   102     0         0      
       exit.obj                   84      0         12     
       fs_cmp_t2.obj              96      0         0      
       sprintf.obj                96      0         0      
       s_frexp.obj                92      0         0      
       ltoa.obj                   86      0         0      
       atoi.obj                   76      0         0      
       atol.obj                   76      0         0      
       cpy_tbl.obj                76      0         0      
       fd_toi_t2.obj              72      0         0      
       fd_tou_t2.obj              68      0         0      
       boot.obj                   64      0         0      
       fs_tod_t2.obj              56      0         0      
       fs_toi_t2.obj              56      0         0      
       i_tofs_t2.obj              56      0         0      
       strncpy.obj                54      0         0      
       strstr.obj                 54      0         0      
       fs_tou_t2.obj              52      0         0      
       i_tofd_t2.obj              46      0         0      
       memcmp.obj                 36      0         0      
       u_tofd_t2.obj              32      0         0      
       _lock.obj                  20      0         8      
       memccpy.obj                26      0         0      
       args_main.obj              24      0         0      
       strchr.obj                 22      0         0      
       strcpy.obj                 22      0         0      
       strlen.obj                 20      0         0      
       copy_decompress_none.obj   14      0         0      
       copy_zero_init.obj         12      0         0      
       s_copysign.obj             8       0         0      
       atof.obj                   6       0         0      
       errno.obj                  0       0         4      
       pre_init.obj               4       0         0      
       stkdepth_vars.obj          0       0         4      
       mpu_init.obj               2       0         0      
       startup.obj                2       0         0      
    +--+--------------------------+-------+---------+---------+
       Total:                     11052   425       40     
                                                           
       Heap:                      0       0         4095   
       Stack:                     0       0         4095   
       Linker Generated:          0       72        0      
    +--+--------------------------+-------+---------+---------+
       Grand Total:               28780   1770      18942  


LINKER GENERATED COPY TABLES

__TI_cinit_table @ 00007760 records: 2, size/record: 8, table size: 16
	.data: load addr=00007728, load size=00000024 bytes, run addr=200049a0, run size=00000064 bytes, compression=lzss
	.bss: load addr=00007758, load size=00000008 bytes, run addr=20000000, run size=0000299c bytes, compression=zero_init


LINKER GENERATED HANDLER TABLE

__TI_handler_table @ 0000774c records: 3, size/record: 4, table size: 12
	index: 0, handler: __TI_decompress_lzss
	index: 1, handler: __TI_decompress_none
	index: 2, handler: __TI_zero_init


GLOBAL SYMBOLS: SORTED ALPHABETICALLY BY Name 

address   name                           
-------   ----                           
000070bd  ADCIntClear                    
00006d09  ADCIntStatus                   
00006f01  ADCProcessorTrigger            
00006d93  ADCSequenceConfigure           
00006e51  ADCSequenceDataGet             
0000704b  ADCSequenceEnable              
000065ef  ADCSequenceStepConfigure       
000068f1  C$$EXIT                        
00007075  CPUcpsid                       
00007081  CPUcpsie                       
00006039  EncoderINT                     
00006d37  GPIODirModeSet                 
00006a71  GPIOIntTypeSet                 
00005f41  GPIOPadConfigSet               
00007141  GPIOPinIntClear                
0000708d  GPIOPinIntEnable               
00007147  GPIOPinRead                    
00006fbd  GPIOPinTypeADC                 
00006fcf  GPIOPinTypeGPIOOutput          
00006fe1  GPIOPinTypePWM                 
00006ff3  GPIOPinTypeSSI                 
00007005  GPIOPinTypeUART                
0000714d  GPIOPinWrite                   
000066c1  IntEnable                      
000070c7  IntMasterDisable               
000070d1  IntMasterEnable                
00006de5  IntPrioritySet                 
00006dbd  PWMGenConfigure                
000070db  PWMGenEnable                   
00006f59  PWMGenPeriodSet                
00006f17  PWMOutputState                 
00006e91  PWMPulseWidthSet               
00005669  PWM_direction                  
00005641  PWM_duty                       
00003b61  RIT128x96x4Clear               
00003ddf  RIT128x96x4Disable             
00003f31  RIT128x96x4DisplayOff          
00003efd  RIT128x96x4DisplayOn           
00003d85  RIT128x96x4Enable              
00003cfd  RIT128x96x4ImageDraw           
00003e59  RIT128x96x4Init                
00003bbd  RIT128x96x4StringDraw          
000070b1  ResetISR                       
UNDEFED   SHT$$INIT_ARRAY$$Base          
UNDEFED   SHT$$INIT_ARRAY$$Limit         
00007121  SSIBusy                        
00006ab5  SSIConfigSetExpClk             
00007017  SSIDataGetNonBlocking          
000070e5  SSIDataPut                     
000070ef  SSIDisable                     
000070f9  SSIEnable                      
00004d35  SysCtlClockGet                 
000056d1  SysCtlClockSet                 
00007153  SysCtlDelay                    
00006f6d  SysCtlPWMClockSet              
00006841  SysCtlPeripheralEnable         
00006289  SysCtlPeripheralReset          
00006089  Timer0IntHandler               
00006095  Timer1IntHandler               
00006e09  TimerConfigure                 
00007059  TimerEnable                    
0000715f  TimerIntClear                  
00007129  TimerIntEnable                 
00007029  TimerLoadSet                   
0000703b  UARTCharGetNonBlocking         
00007103  UARTCharPut                    
00007099  UARTCharsAvail                 
00006b3d  UARTConfigSetExpClk            
00006eb1  UARTDisable                    
00006f81  UARTEnable                     
0000710d  UARTFIFOEnable                 
00007163  UARTIntClear                   
00007131  UARTIntEnable                  
00006009  UARTIntHandler                 
00007117  UARTIntStatus                  
00005429  UARTSend                       
20002800  UART_char_data_old             
2000399b  __STACK_END                    
00000fff  __STACK_SIZE                   
20002a9c  __STACK_TOP                    
00000fff  __SYSMEM_SIZE                  
00007760  __TI_CINIT_Base                
00007770  __TI_CINIT_Limit               
0000774c  __TI_Handler_Table_Base        
00007758  __TI_Handler_Table_Limit       
00006511  __TI_auto_init                 
200049d0  __TI_cleanup_ptr               
0000665b  __TI_decompress_lzss           
00007067  __TI_decompress_none           
200049d4  __TI_dtors_ptr                 
200049d8  __TI_enable_exit_profile_output
ffffffff  __TI_pprof_out_hndl            
0000091d  __TI_printfi                   
ffffffff  __TI_prof_data_size            
ffffffff  __TI_prof_data_start           
00000000  __TI_static_base__             
000070a5  __TI_zero_init                 
00006311  __aeabi_cdcmpeq                
00006311  __aeabi_cdcmple                
00006397  __aeabi_cdrcmple               
00006725  __aeabi_cfrcmple               
00006581  __aeabi_d2f                    
00006a29  __aeabi_d2iz                   
00006af9  __aeabi_d2uiz                  
000050d3  __aeabi_dadd                   
00005815  __aeabi_ddiv                   
00005b95  __aeabi_dmul                   
000050c9  __aeabi_dsub                   
00006bc1  __aeabi_f2d                    
00006bf9  __aeabi_f2iz                   
00006cd5  __aeabi_f2uiz                  
00005c95  __aeabi_fadd                   
000061f5  __aeabi_fdiv                   
0000641d  __aeabi_fmul                   
00005c91  __aeabi_fsub                   
00006d65  __aeabi_i2d                    
00006c31  __aeabi_i2f                    
00006497  __aeabi_memclr                 
00006497  __aeabi_memclr4                
00006497  __aeabi_memclr8                
00006159  __aeabi_memcpy                 
00006159  __aeabi_memcpy4                
00006159  __aeabi_memcpy8                
00006499  __aeabi_memset                 
00006499  __aeabi_memset4                
00006499  __aeabi_memset8                
00006e71  __aeabi_ui2d                   
00004b41  __aeabi_uldivmod               
ffffffff  __binit__                      
ffffffff  __c_args__                     
000011f3  __mpu_init                     
2000299c  __stack                        
00006ee9  _args_main                     
00006b81  _c_int00                       
00007350  _ctypes_                       
200049e8  _lock                          
00006fa3  _nop                           
00006f9b  _register_lock                 
00006f95  _register_unlock               
200039a0  _sys_memory                    
00002dbb  _system_post_cinit             
00007167  _system_pre_init               
200049ec  _unlock                        
000068f5  abort                          
00002a95  accleration_screen             
00005349  analysis_speed                 
00007159  atof                           
00006945  atoi                           
00006991  atol                           
ffffffff  binit                          
00004307  calloc                         
00002719  clearDisplay                   
000069dd  copy_in                        
00007139  copysign                       
00007139  copysignl                      
00001e69  decode_GGA                     
0000225d  decode_RMC                     
00002b83  display                        
00005391  encoder_quad                   
000028e7  enter_fuel_display             
200049fc  errno                          
000068fd  exit                           
00005585  find_dir                       
0000491d  fmod                           
0000491d  fmodl                          
00004053  free                           
000067e5  frexp                          
000067e5  frexpl                         
00000000  g_pfnVectors                   
000043fd  initADC                        
00004611  initCircBuf                    
00004371  initClock                      
000044f9  initConsole                    
000043f3  initDisplay                    
0000437b  initGPIO                       
0000443d  initPWMchan                    
0000439f  initPin                        
0000456d  initTimer                      
00004657  init_acc_time                  
00002835  init_password                  
0000463b  init_set_speed_data            
00005b17  invert_bool                    
00005b3b  invert_button                  
00005e71  ldexp                          
00005e71  ldexpl                         
00006899  ltoa                           
00002dbd  main                           
20004a00  main_func_sp                   
000045d9  main_init                      
00003fe9  malloc                         
0000421d  memalign                       
00006ecd  memccpy                        
00006e2d  memcmp                         
00006159  memcpy                         
0000649f  memset                         
00003f69  minit                          
000029c3  no_fix_screen                  
0000279f  password_display               
20002964  period                         
00004f0d  pvPortMalloc                   
200049a0  pxCurrentTCB                   
00005d8d  pxPortInitialiseStack          
00002721  read_button_screen             
00005a79  read_buttons                   
00004115  realloc                        
00004335  reset_peripheral               
0000292d  review_fuel_display            
000054e1  run_adc                        
00005e71  scalbn                         
00005e71  scalbnl                        
00005471  send_data                      
0000284d  set_speed_display              
00005281  set_speed_func                 
000055b1  speed_feedback                 
00002675  split_data                     
00006785  sprintf                        
00002f83  store_char                     
000052ff  store_speed                    
00006f2d  strchr                         
00006f43  strcpy                         
00006fa9  strlen                         
00006c69  strncpy                        
00006c9f  strstr                         
000046e1  strtod                         
000046e1  strtold                        
0000385f  uxQueueMessagesWaiting         
00003875  uxQueueMessagesWaitingFromISR  
0000187d  uxTaskGetNumberOfTasks         
00001485  uxTaskPriorityGet              
00003413  vApplicationIdleHook           
00003407  vApplicationMallocFailedHook   
00003409  vApplicationStackOverflowHook  
00003415  vApplicationTickHook           
00003315  vDisplayTask                   
00003129  vEncoder                       
00003293  vFilterSpeed                   
0000594b  vListInitialise                
0000597b  vListInitialiseItem            
000059cf  vListInsert                    
0000598b  vListInsertEnd                 
00005a35  vListRemove                    
00003215  vPWM                           
00006109  vPortClearInterruptMask        
00006147  vPortEnableVFP                 
00005dfd  vPortEndScheduler              
00005e09  vPortEnterCritical             
00005e19  vPortExitCritical              
0000503f  vPortFree                      
000050a7  vPortInitialiseBlocks          
00006117  vPortSVCHandler                
000060fb  vPortSetInterruptMask          
00006135  vPortStartFirstTask            
00005dff  vPortYieldFromISR              
00003887  vQueueDelete                   
000030dd  vReadButtons                   
00003051  vReadGPS                       
00003005  vReadGPSchar                   
00001421  vTaskDelay                     
00001371  vTaskDelayUntil                
00001309  vTaskDelete                    
0000177d  vTaskEndScheduler              
0000188d  vTaskIncrementTick             
00001b91  vTaskMissedYield               
000019f5  vTaskPlaceOnEventList          
00001dd9  vTaskPriorityDisinherit        
00001d4d  vTaskPriorityInherit           
000014c1  vTaskPrioritySet               
00001651  vTaskResume                    
00001af3  vTaskSetTimeOutState           
00001733  vTaskStartScheduler            
000015a9  vTaskSuspend                   
0000178f  vTaskSuspendAll                
00001935  vTaskSwitchContext             
20002968  xBinarySemaphoreEncoder_1      
2000296c  xBinarySemaphoreFilter         
20002970  xBinarySemaphoreGPS            
20002974  xBinarySemaphoreGPSchar        
20002978  xEncoder_1                     
2000297c  xEncoder_raw_DATA              
20002980  xPWM_DATA                      
20002984  xPWM_speed_DATA                
000050a1  xPortGetFreeHeapSize           
000060c1  xPortPendSVHandler             
00005dd5  xPortStartScheduler            
00005e2f  xPortSysTickHandler            
20002988  xQueueBuffedSpeed              
2000298c  xQueueButtons                  
00003445  xQueueCreate                   
00003553  xQueueCreateCountingSemaphore  
000034eb  xQueueCreateMutex              
20002990  xQueueGPSDATA                  
000036c3  xQueueGenericReceive           
00003571  xQueueGenericSend              
00003659  xQueueGenericSendFromISR       
00003a01  xQueueIsQueueEmptyFromISR      
00003a3b  xQueueIsQueueFullFromISR       
000037f7  xQueueReceiveFromISR           
20002994  xQueueSpeed                    
00001b19  xTaskCheckForTimeOut           
000011f5  xTaskGenericCreate             
00001d39  xTaskGetCurrentTaskHandle      
00001869  xTaskGetTickCount              
00001601  xTaskIsTaskSuspended           
00001a75  xTaskRemoveFromEventList       
00001799  xTaskResumeAll                 
000016c1  xTaskResumeFromISR             
20002998  xUART_GPS_DATA                 


GLOBAL SYMBOLS: SORTED BY Symbol Address 

address   name                           
-------   ----                           
00000000  __TI_static_base__             
00000000  g_pfnVectors                   
0000091d  __TI_printfi                   
00000fff  __STACK_SIZE                   
00000fff  __SYSMEM_SIZE                  
000011f3  __mpu_init                     
000011f5  xTaskGenericCreate             
00001309  vTaskDelete                    
00001371  vTaskDelayUntil                
00001421  vTaskDelay                     
00001485  uxTaskPriorityGet              
000014c1  vTaskPrioritySet               
000015a9  vTaskSuspend                   
00001601  xTaskIsTaskSuspended           
00001651  vTaskResume                    
000016c1  xTaskResumeFromISR             
00001733  vTaskStartScheduler            
0000177d  vTaskEndScheduler              
0000178f  vTaskSuspendAll                
00001799  xTaskResumeAll                 
00001869  xTaskGetTickCount              
0000187d  uxTaskGetNumberOfTasks         
0000188d  vTaskIncrementTick             
00001935  vTaskSwitchContext             
000019f5  vTaskPlaceOnEventList          
00001a75  xTaskRemoveFromEventList       
00001af3  vTaskSetTimeOutState           
00001b19  xTaskCheckForTimeOut           
00001b91  vTaskMissedYield               
00001d39  xTaskGetCurrentTaskHandle      
00001d4d  vTaskPriorityInherit           
00001dd9  vTaskPriorityDisinherit        
00001e69  decode_GGA                     
0000225d  decode_RMC                     
00002675  split_data                     
00002719  clearDisplay                   
00002721  read_button_screen             
0000279f  password_display               
00002835  init_password                  
0000284d  set_speed_display              
000028e7  enter_fuel_display             
0000292d  review_fuel_display            
000029c3  no_fix_screen                  
00002a95  accleration_screen             
00002b83  display                        
00002dbb  _system_post_cinit             
00002dbd  main                           
00002f83  store_char                     
00003005  vReadGPSchar                   
00003051  vReadGPS                       
000030dd  vReadButtons                   
00003129  vEncoder                       
00003215  vPWM                           
00003293  vFilterSpeed                   
00003315  vDisplayTask                   
00003407  vApplicationMallocFailedHook   
00003409  vApplicationStackOverflowHook  
00003413  vApplicationIdleHook           
00003415  vApplicationTickHook           
00003445  xQueueCreate                   
000034eb  xQueueCreateMutex              
00003553  xQueueCreateCountingSemaphore  
00003571  xQueueGenericSend              
00003659  xQueueGenericSendFromISR       
000036c3  xQueueGenericReceive           
000037f7  xQueueReceiveFromISR           
0000385f  uxQueueMessagesWaiting         
00003875  uxQueueMessagesWaitingFromISR  
00003887  vQueueDelete                   
00003a01  xQueueIsQueueEmptyFromISR      
00003a3b  xQueueIsQueueFullFromISR       
00003b61  RIT128x96x4Clear               
00003bbd  RIT128x96x4StringDraw          
00003cfd  RIT128x96x4ImageDraw           
00003d85  RIT128x96x4Enable              
00003ddf  RIT128x96x4Disable             
00003e59  RIT128x96x4Init                
00003efd  RIT128x96x4DisplayOn           
00003f31  RIT128x96x4DisplayOff          
00003f69  minit                          
00003fe9  malloc                         
00004053  free                           
00004115  realloc                        
0000421d  memalign                       
00004307  calloc                         
00004335  reset_peripheral               
00004371  initClock                      
0000437b  initGPIO                       
0000439f  initPin                        
000043f3  initDisplay                    
000043fd  initADC                        
0000443d  initPWMchan                    
000044f9  initConsole                    
0000456d  initTimer                      
000045d9  main_init                      
00004611  initCircBuf                    
0000463b  init_set_speed_data            
00004657  init_acc_time                  
000046e1  strtod                         
000046e1  strtold                        
0000491d  fmod                           
0000491d  fmodl                          
00004b41  __aeabi_uldivmod               
00004d35  SysCtlClockGet                 
00004f0d  pvPortMalloc                   
0000503f  vPortFree                      
000050a1  xPortGetFreeHeapSize           
000050a7  vPortInitialiseBlocks          
000050c9  __aeabi_dsub                   
000050d3  __aeabi_dadd                   
00005281  set_speed_func                 
000052ff  store_speed                    
00005349  analysis_speed                 
00005391  encoder_quad                   
00005429  UARTSend                       
00005471  send_data                      
000054e1  run_adc                        
00005585  find_dir                       
000055b1  speed_feedback                 
00005641  PWM_duty                       
00005669  PWM_direction                  
000056d1  SysCtlClockSet                 
00005815  __aeabi_ddiv                   
0000594b  vListInitialise                
0000597b  vListInitialiseItem            
0000598b  vListInsertEnd                 
000059cf  vListInsert                    
00005a35  vListRemove                    
00005a79  read_buttons                   
00005b17  invert_bool                    
00005b3b  invert_button                  
00005b95  __aeabi_dmul                   
00005c91  __aeabi_fsub                   
00005c95  __aeabi_fadd                   
00005d8d  pxPortInitialiseStack          
00005dd5  xPortStartScheduler            
00005dfd  vPortEndScheduler              
00005dff  vPortYieldFromISR              
00005e09  vPortEnterCritical             
00005e19  vPortExitCritical              
00005e2f  xPortSysTickHandler            
00005e71  ldexp                          
00005e71  ldexpl                         
00005e71  scalbn                         
00005e71  scalbnl                        
00005f41  GPIOPadConfigSet               
00006009  UARTIntHandler                 
00006039  EncoderINT                     
00006089  Timer0IntHandler               
00006095  Timer1IntHandler               
000060c1  xPortPendSVHandler             
000060fb  vPortSetInterruptMask          
00006109  vPortClearInterruptMask        
00006117  vPortSVCHandler                
00006135  vPortStartFirstTask            
00006147  vPortEnableVFP                 
00006159  __aeabi_memcpy                 
00006159  __aeabi_memcpy4                
00006159  __aeabi_memcpy8                
00006159  memcpy                         
000061f5  __aeabi_fdiv                   
00006289  SysCtlPeripheralReset          
00006311  __aeabi_cdcmpeq                
00006311  __aeabi_cdcmple                
00006397  __aeabi_cdrcmple               
0000641d  __aeabi_fmul                   
00006497  __aeabi_memclr                 
00006497  __aeabi_memclr4                
00006497  __aeabi_memclr8                
00006499  __aeabi_memset                 
00006499  __aeabi_memset4                
00006499  __aeabi_memset8                
0000649f  memset                         
00006511  __TI_auto_init                 
00006581  __aeabi_d2f                    
000065ef  ADCSequenceStepConfigure       
0000665b  __TI_decompress_lzss           
000066c1  IntEnable                      
00006725  __aeabi_cfrcmple               
00006785  sprintf                        
000067e5  frexp                          
000067e5  frexpl                         
00006841  SysCtlPeripheralEnable         
00006899  ltoa                           
000068f1  C$$EXIT                        
000068f5  abort                          
000068fd  exit                           
00006945  atoi                           
00006991  atol                           
000069dd  copy_in                        
00006a29  __aeabi_d2iz                   
00006a71  GPIOIntTypeSet                 
00006ab5  SSIConfigSetExpClk             
00006af9  __aeabi_d2uiz                  
00006b3d  UARTConfigSetExpClk            
00006b81  _c_int00                       
00006bc1  __aeabi_f2d                    
00006bf9  __aeabi_f2iz                   
00006c31  __aeabi_i2f                    
00006c69  strncpy                        
00006c9f  strstr                         
00006cd5  __aeabi_f2uiz                  
00006d09  ADCIntStatus                   
00006d37  GPIODirModeSet                 
00006d65  __aeabi_i2d                    
00006d93  ADCSequenceConfigure           
00006dbd  PWMGenConfigure                
00006de5  IntPrioritySet                 
00006e09  TimerConfigure                 
00006e2d  memcmp                         
00006e51  ADCSequenceDataGet             
00006e71  __aeabi_ui2d                   
00006e91  PWMPulseWidthSet               
00006eb1  UARTDisable                    
00006ecd  memccpy                        
00006ee9  _args_main                     
00006f01  ADCProcessorTrigger            
00006f17  PWMOutputState                 
00006f2d  strchr                         
00006f43  strcpy                         
00006f59  PWMGenPeriodSet                
00006f6d  SysCtlPWMClockSet              
00006f81  UARTEnable                     
00006f95  _register_unlock               
00006f9b  _register_lock                 
00006fa3  _nop                           
00006fa9  strlen                         
00006fbd  GPIOPinTypeADC                 
00006fcf  GPIOPinTypeGPIOOutput          
00006fe1  GPIOPinTypePWM                 
00006ff3  GPIOPinTypeSSI                 
00007005  GPIOPinTypeUART                
00007017  SSIDataGetNonBlocking          
00007029  TimerLoadSet                   
0000703b  UARTCharGetNonBlocking         
0000704b  ADCSequenceEnable              
00007059  TimerEnable                    
00007067  __TI_decompress_none           
00007075  CPUcpsid                       
00007081  CPUcpsie                       
0000708d  GPIOPinIntEnable               
00007099  UARTCharsAvail                 
000070a5  __TI_zero_init                 
000070b1  ResetISR                       
000070bd  ADCIntClear                    
000070c7  IntMasterDisable               
000070d1  IntMasterEnable                
000070db  PWMGenEnable                   
000070e5  SSIDataPut                     
000070ef  SSIDisable                     
000070f9  SSIEnable                      
00007103  UARTCharPut                    
0000710d  UARTFIFOEnable                 
00007117  UARTIntStatus                  
00007121  SSIBusy                        
00007129  TimerIntEnable                 
00007131  UARTIntEnable                  
00007139  copysign                       
00007139  copysignl                      
00007141  GPIOPinIntClear                
00007147  GPIOPinRead                    
0000714d  GPIOPinWrite                   
00007153  SysCtlDelay                    
00007159  atof                           
0000715f  TimerIntClear                  
00007163  UARTIntClear                   
00007167  _system_pre_init               
00007350  _ctypes_                       
0000774c  __TI_Handler_Table_Base        
00007758  __TI_Handler_Table_Limit       
00007760  __TI_CINIT_Base                
00007770  __TI_CINIT_Limit               
20002800  UART_char_data_old             
20002964  period                         
20002968  xBinarySemaphoreEncoder_1      
2000296c  xBinarySemaphoreFilter         
20002970  xBinarySemaphoreGPS            
20002974  xBinarySemaphoreGPSchar        
20002978  xEncoder_1                     
2000297c  xEncoder_raw_DATA              
20002980  xPWM_DATA                      
20002984  xPWM_speed_DATA                
20002988  xQueueBuffedSpeed              
2000298c  xQueueButtons                  
20002990  xQueueGPSDATA                  
20002994  xQueueSpeed                    
20002998  xUART_GPS_DATA                 
2000299c  __stack                        
20002a9c  __STACK_TOP                    
2000399b  __STACK_END                    
200039a0  _sys_memory                    
200049a0  pxCurrentTCB                   
200049d0  __TI_cleanup_ptr               
200049d4  __TI_dtors_ptr                 
200049d8  __TI_enable_exit_profile_output
200049e8  _lock                          
200049ec  _unlock                        
200049fc  errno                          
20004a00  main_func_sp                   
ffffffff  __TI_pprof_out_hndl            
ffffffff  __TI_prof_data_size            
ffffffff  __TI_prof_data_start           
ffffffff  __binit__                      
ffffffff  __c_args__                     
ffffffff  binit                          
UNDEFED   SHT$$INIT_ARRAY$$Base          
UNDEFED   SHT$$INIT_ARRAY$$Limit         

[307 symbols]
