******************************************************************************
                  TI ARM Linker PC v16.6.0                     
******************************************************************************
>> Linked Mon Aug 15 13:21:37 2016

OUTPUT FILE NAME:   <RTOStest1.out>
ENTRY POINT SYMBOL: "_c_int00"  address: 00006719


MEMORY CONFIGURATION

         name            origin    length      used     unused   attr    fill
----------------------  --------  ---------  --------  --------  ----  --------
  FLASH                 00000000   00040000  000071f8  00038e08  R  X
  SRAM                  20000000   00010000  000049fe  0000b602  RW X


SEGMENT ALLOCATION MAP

run origin  load origin   length   init length attrs members
----------  ----------- ---------- ----------- ----- -------
00000000    00000000    00007200   00007200    r-x
  00000000    00000000    000000f0   000000f0    r-- .intvecs
  000000f0    000000f0    00006b0c   00006b0c    r-x .text
  00006c00    00006c00    000005b4   000005b4    r-- .const
  000071b8    000071b8    00000048   00000048    r-- .cinit
20000000    20000000    00004a04   00000000    rw-
  20000000    20000000    0000299c   00000000    rw- .bss
  2000299c    2000299c    00000fff   00000000    rw- .stack
  200039a0    200039a0    00000fff   00000000    rw- .sysmem
  200049a0    200049a0    00000064   00000000    rw- .data


SECTION ALLOCATION MAP

 output                                  attributes/
section   page    origin      length       input sections
--------  ----  ----------  ----------   ----------------
.intvecs   0    00000000    000000f0     
                  00000000    000000f0     startup_ccs.obj (.intvecs)

.text      0    000000f0    00006b0c     
                  000000f0    00001102     rtsv7M3_T_le_eabi.lib : _printfi.obj (.text)
                  000011f2    00000002                           : mpu_init.obj (.text)
                  000011f4    00000c74     tasks.obj (.text)
                  00001e68    0000093c     data_process.obj (.text)
                  000027a4    00000614     queue.obj (.text)
                  00002db8    00000608     main.obj (.text)
                  000033c0    00000510     rit128x96x4.obj (.text)
                  000038d0    000003de     display.obj (.text)
                  00003cae    00000002     rtsv7M3_T_le_eabi.lib : startup.obj (.text)
                  00003cb0    000003cc                           : memory.obj (.text)
                  0000407c    000002c0     init.obj (.text)
                  0000433c    0000023c     rtsv7M3_T_le_eabi.lib : strtod.obj (.text)
                  00004578    00000224                           : e_fmod.obj (.text)
                  0000479c    000001f4                           : ull_div_t2.obj (.text)
                  00004990    000001d8     driverlib-cm3.lib : sysctl.obj (.text:SysCtlClockGet)
                  00004b68    000001bc     heap_2.obj (.text)
                  00004d24    000001b6     rtsv7M3_T_le_eabi.lib : fd_add_t2.obj (.text)
                  00004eda    00000002     --HOLE-- [fill = 0]
                  00004edc    000001a8     speed.obj (.text)
                  00005084    0000014c     PWM_module.obj (.text)
                  000051d0    00000144     driverlib-cm3.lib : sysctl.obj (.text:SysCtlClockSet)
                  00005314    00000136     rtsv7M3_T_le_eabi.lib : fd_div_t2.obj (.text)
                  0000544a    0000012e     list.obj (.text)
                  00005578    00000124     UART_module.obj (.text)
                  0000569c    0000011c     button_data.obj (.text)
                  000057b8    000000fc     rtsv7M3_T_le_eabi.lib : fd_mul_t2.obj (.text)
                  000058b4    000000fa                           : fs_add_t2.obj (.text)
                  000059ae    00000002     --HOLE-- [fill = 0]
                  000059b0    000000e4     port.obj (.text)
                  00005a94    000000d0     rtsv7M3_T_le_eabi.lib : s_scalbn.obj (.text)
                  00005b64    000000c8     driverlib-cm3.lib : gpio.obj (.text:GPIOPadConfigSet)
                  00005c2c    0000009c     portasm.obj (.text)
                  00005cc8    0000009c     rtsv7M3_T_le_eabi.lib : memcpy_t2.obj (.text)
                  00005d64    00000094     int_module.obj (.text)
                  00005df8    00000092     rtsv7M3_T_le_eabi.lib : fs_div_t2.obj (.text)
                  00005e8a    00000002     --HOLE-- [fill = 0]
                  00005e8c    00000088     driverlib-cm3.lib : sysctl.obj (.text:SysCtlPeripheralReset)
                  00005f14    00000086     rtsv7M3_T_le_eabi.lib : fd_cmp_t2.obj (.text:__aeabi_cdcmple)
                  00005f9a    00000086                           : fd_cmp_t2.obj (.text:__aeabi_cdrcmple)
                  00006020    0000007a                           : fs_mul_t2.obj (.text)
                  0000609a    0000007a                           : memset_t2.obj (.text)
                  00006114    00000070                           : autoinit.obj (.text)
                  00006184    0000006e                           : fd_tos_t2.obj (.text)
                  000061f2    00000066                           : copy_decompress_lzss.obj (.text:decompress:lzss)
                  00006258    00000064     driverlib-cm3.lib : interrupt.obj (.text:IntEnable)
                  000062bc    00000060     rtsv7M3_T_le_eabi.lib : fs_cmp_t2.obj (.text:__aeabi_cfrcmple)
                  0000631c    00000060                           : sprintf.obj (.text)
                  0000637c    0000005c                           : s_frexp.obj (.text)
                  000063d8    00000058     driverlib-cm3.lib : sysctl.obj (.text:SysCtlPeripheralEnable)
                  00006430    00000056     rtsv7M3_T_le_eabi.lib : ltoa.obj (.text)
                  00006486    00000002     --HOLE-- [fill = 0]
                  00006488    00000054                           : exit.obj (.text)
                  000064dc    0000004c                           : atoi.obj (.text)
                  00006528    0000004c                           : atol.obj (.text)
                  00006574    0000004c                           : cpy_tbl.obj (.text)
                  000065c0    00000048                           : fd_toi_t2.obj (.text)
                  00006608    00000044     driverlib-cm3.lib : gpio.obj (.text:GPIOIntTypeSet)
                  0000664c    00000044                       : ssi.obj (.text:SSIConfigSetExpClk)
                  00006690    00000044     rtsv7M3_T_le_eabi.lib : fd_tou_t2.obj (.text)
                  000066d4    00000042     driverlib-cm3.lib : uart.obj (.text:UARTConfigSetExpClk)
                  00006716    00000002     --HOLE-- [fill = 0]
                  00006718    00000040     rtsv7M3_T_le_eabi.lib : boot.obj (.text)
                  00006758    00000038                           : fs_tod_t2.obj (.text)
                  00006790    00000038                           : fs_toi_t2.obj (.text)
                  000067c8    00000038                           : i_tofs_t2.obj (.text)
                  00006800    00000036                           : strncpy.obj (.text)
                  00006836    00000036                           : strstr.obj (.text)
                  0000686c    00000034                           : fs_tou_t2.obj (.text)
                  000068a0    0000002e     driverlib-cm3.lib : gpio.obj (.text:GPIODirModeSet)
                  000068ce    0000002e     rtsv7M3_T_le_eabi.lib : i_tofd_t2.obj (.text)
                  000068fc    00000028     driverlib-cm3.lib : pwm.obj (.text:PWMGenConfigure)
                  00006924    00000024                       : interrupt.obj (.text:IntPrioritySet)
                  00006948    00000024     rtsv7M3_T_le_eabi.lib : memcmp.obj (.text)
                  0000696c    00000020                           : u_tofd_t2.obj (.text)
                  0000698c    0000001e     driverlib-cm3.lib : pwm.obj (.text:PWMPulseWidthSet)
                  000069aa    00000002     --HOLE-- [fill = 0]
                  000069ac    0000001c                       : uart.obj (.text:UARTDisable)
                  000069c8    0000001a     rtsv7M3_T_le_eabi.lib : memccpy.obj (.text)
                  000069e2    00000002     --HOLE-- [fill = 0]
                  000069e4    00000018                           : args_main.obj (.text)
                  000069fc    00000016     driverlib-cm3.lib : pwm.obj (.text:PWMOutputState)
                  00006a12    00000016     rtsv7M3_T_le_eabi.lib : strchr.obj (.text)
                  00006a28    00000016                           : strcpy.obj (.text)
                  00006a3e    00000014     driverlib-cm3.lib : pwm.obj (.text:PWMGenPeriodSet)
                  00006a52    00000002     --HOLE-- [fill = 0]
                  00006a54    00000014                       : sysctl.obj (.text:SysCtlPWMClockSet)
                  00006a68    00000014                       : uart.obj (.text:UARTEnable)
                  00006a7c    00000014     rtsv7M3_T_le_eabi.lib : _lock.obj (.text)
                  00006a90    00000014                           : strlen.obj (.text)
                  00006aa4    00000012     driverlib-cm3.lib : gpio.obj (.text:GPIOPinTypeGPIOOutput)
                  00006ab6    00000012                       : gpio.obj (.text:GPIOPinTypePWM)
                  00006ac8    00000012                       : gpio.obj (.text:GPIOPinTypeSSI)
                  00006ada    00000012                       : gpio.obj (.text:GPIOPinTypeUART)
                  00006aec    00000012                       : ssi.obj (.text:SSIDataGetNonBlocking)
                  00006afe    00000010                       : uart.obj (.text:UARTCharGetNonBlocking)
                  00006b0e    0000000e     rtsv7M3_T_le_eabi.lib : copy_decompress_none.obj (.text:decompress:none)
                  00006b1c    0000000c     driverlib-cm3.lib : cpu.obj (.text:CPUcpsid)
                  00006b28    0000000c                       : cpu.obj (.text:CPUcpsie)
                  00006b34    0000000c                       : gpio.obj (.text:GPIOPinIntEnable)
                  00006b40    0000000c                       : uart.obj (.text:UARTCharsAvail)
                  00006b4c    0000000c     rtsv7M3_T_le_eabi.lib : copy_zero_init.obj (.text:decompress:ZI)
                  00006b58    0000000c     startup_ccs.obj (.text)
                  00006b64    0000000a     driverlib-cm3.lib : interrupt.obj (.text:IntMasterDisable)
                  00006b6e    0000000a                       : interrupt.obj (.text:IntMasterEnable)
                  00006b78    0000000a                       : pwm.obj (.text:PWMGenEnable)
                  00006b82    0000000a                       : ssi.obj (.text:SSIDataPut)
                  00006b8c    0000000a                       : ssi.obj (.text:SSIDisable)
                  00006b96    0000000a                       : ssi.obj (.text:SSIEnable)
                  00006ba0    0000000a                       : uart.obj (.text:UARTCharPut)
                  00006baa    0000000a                       : uart.obj (.text:UARTFIFOEnable)
                  00006bb4    0000000a                       : uart.obj (.text:UARTIntStatus)
                  00006bbe    00000008                       : ssi.obj (.text:SSIBusy)
                  00006bc6    00000008                       : uart.obj (.text:UARTIntEnable)
                  00006bce    00000008     rtsv7M3_T_le_eabi.lib : s_copysign.obj (.text)
                  00006bd6    00000006     driverlib-cm3.lib : gpio.obj (.text:GPIOPinIntClear)
                  00006bdc    00000006                       : gpio.obj (.text:GPIOPinRead)
                  00006be2    00000006                       : gpio.obj (.text:GPIOPinWrite)
                  00006be8    00000006                       : sysctl.obj (.text:SysCtlDelay)
                  00006bee    00000006     rtsv7M3_T_le_eabi.lib : atof.obj (.text)
                  00006bf4    00000004     driverlib-cm3.lib : uart.obj (.text:UARTIntClear)
                  00006bf8    00000004     rtsv7M3_T_le_eabi.lib : pre_init.obj (.text)

.const     0    00006c00    000005b4     
                  00006c00    000001e0     rit128x96x4.obj (.const:g_pucFont)
                  00006de0    00000101     rtsv7M3_T_le_eabi.lib : ctype.obj (.const:.string:_ctypes_)
                  00006ee1    00000003     rit128x96x4.obj (.const:.string:pucCommand1$1)
                  00006ee4    0000009c     driverlib-cm3.lib : interrupt.obj (.const:g_pulRegs)
                  00006f80    00000098     rtsv7M3_T_le_eabi.lib : strtod.obj (.const:$O1$$)
                  00007018    00000070     driverlib-cm3.lib : interrupt.obj (.const)
                  00007088    0000006c                       : sysctl.obj (.const:g_pulXtals)
                  000070f4    0000004f     rit128x96x4.obj (.const:.string:g_pucRIT128x96x4Init)
                  00007143    00000001     --HOLE-- [fill = 0]
                  00007144    00000040     driverlib-cm3.lib : sysctl.obj (.const)
                  00007184    00000014     tasks.obj (.const:.string:ucExpectedStackBytes$1)
                  00007198    00000010     rtsv7M3_T_le_eabi.lib : e_fmod.obj (.const:Zero)
                  000071a8    00000003     rit128x96x4.obj (.const:.string:pucCommand2$2)
                  000071ab    00000002     rit128x96x4.obj (.const:.string:g_pucRIT128x96x4HorizontalInc)
                  000071ad    00000002     rit128x96x4.obj (.const:.string:g_pucRIT128x96x4VerticalInc)
                  000071af    00000002     rit128x96x4.obj (.const:.string:pucCommand1$3)
                  000071b1    00000001     --HOLE-- [fill = 0]
                  000071b2    00000002     heap_2.obj (.const)

.cinit     0    000071b8    00000048     
                  000071b8    00000024     (.cinit..data.load) [load image, compression = lzss]
                  000071dc    0000000c     (__TI_handler_table)
                  000071e8    00000008     (.cinit..bss.load) [load image, compression = zero_init]
                  000071f0    00000010     (__TI_cinit_table)

.bss       0    20000000    0000299c     UNINITIALIZED
                  20000000    00002800     heap_2.obj (.bss:xHeap)
                  20002800    00000078     (.common:UART_char_data_old)
                  20002878    00000064     tasks.obj (.bss:pxReadyTasksLists)
                  200028dc    00000014     tasks.obj (.bss:xDelayedTaskList1)
                  200028f0    00000014     tasks.obj (.bss:xDelayedTaskList2)
                  20002904    00000014     tasks.obj (.bss:xPendingReadyList)
                  20002918    00000014     tasks.obj (.bss:xSuspendedTaskList)
                  2000292c    00000014     tasks.obj (.bss:xTasksWaitingTermination)
                  20002940    00000008     rit128x96x4.obj (.bss:g_pucBuffer)
                  20002948    00000008     tasks.obj (.bss)
                  20002950    00000008     heap_2.obj (.bss:xEnd)
                  20002958    00000008     heap_2.obj (.bss:xStart)
                  20002960    00000004     rit128x96x4.obj (.bss)
                  20002964    00000004     (.common:period)
                  20002968    00000004     (.common:xBinarySemaphoreEncoder_1)
                  2000296c    00000004     (.common:xBinarySemaphoreFilter)
                  20002970    00000004     (.common:xBinarySemaphoreGPS)
                  20002974    00000004     (.common:xBinarySemaphoreGPSchar)
                  20002978    00000004     (.common:xEncoder_1)
                  2000297c    00000004     (.common:xEncoder_raw_DATA)
                  20002980    00000004     (.common:xPWM_DATA)
                  20002984    00000004     (.common:xPWM_speed_DATA)
                  20002988    00000004     (.common:xQueueBuffedSpeed)
                  2000298c    00000004     (.common:xQueueButtons)
                  20002990    00000004     (.common:xQueueGPSDATA)
                  20002994    00000004     (.common:xQueueSpeed)
                  20002998    00000004     (.common:xUART_GPS_DATA)

.stack     0    2000299c    00000fff     UNINITIALIZED
                  2000299c    00000fff     --HOLE--

.sysmem    0    200039a0    00000fff     UNINITIALIZED
                  200039a0    00000008     rtsv7M3_T_le_eabi.lib : memory.obj (.sysmem)
                  200039a8    00000ff7     --HOLE--

.data      0    200049a0    00000064     UNINITIALIZED
                  200049a0    00000030     tasks.obj (.data)
                  200049d0    0000000c     rtsv7M3_T_le_eabi.lib : exit.obj (.data:$O1$$)
                  200049dc    0000000c                           : memory.obj (.data:$O1$$)
                  200049e8    00000008                           : _lock.obj (.data:$O1$$)
                  200049f0    00000008     heap_2.obj (.data)
                  200049f8    00000004     port.obj (.data)
                  200049fc    00000004     rtsv7M3_T_le_eabi.lib : errno.obj (.data)
                  20004a00    00000004                           : stkdepth_vars.obj (.data)

MODULE SUMMARY

       Module                     code    ro data   rw data
       ------                     ----    -------   -------
    .\
       tasks.obj                  3188    20        256    
       data_process.obj           2364    0         8      
       rit128x96x4.obj            1296    571       12     
       main.obj                   1544    0         152    
       queue.obj                  1556    0         0      
       display.obj                990     0         0      
       init.obj                   704     0         4      
       speed.obj                  424     0         0      
       PWM_module.obj             332     0         0      
       list.obj                   302     0         0      
       UART_module.obj            292     0         0      
       button_data.obj            284     0         0      
       startup_ccs.obj            12      240       0      
       int_module.obj             148     0         12     
    +--+--------------------------+-------+---------+---------+
       Total:                     13436   831       444    
                                                           
    .\portable\
       heap_2.obj                 444     2         10264  
       port.obj                   228     0         4      
       portasm.obj                156     0         0      
    +--+--------------------------+-------+---------+---------+
       Total:                     828     2         10268  
                                                           
    C:/ti/StellarisWare/driverlib/ccs-cm3/Debug/driverlib-cm3.lib
       sysctl.obj                 1046    172       0      
       interrupt.obj              156     268       0      
       gpio.obj                   416     0         0      
       uart.obj                   184     0         0      
       ssi.obj                    124     0         0      
       pwm.obj                    122     0         0      
       cpu.obj                    24      0         0      
    +--+--------------------------+-------+---------+---------+
       Total:                     2072    440       0      
                                                           
    C:\ti\ccsv6\tools\compiler\ti-cgt-arm_16.6.0.STS\lib\rtsv7M3_T_le_eabi.lib
       _printfi.obj               4354    0         0      
       memory.obj                 972     0         12     
       strtod.obj                 572     152       0      
       e_fmod.obj                 548     16        0      
       ull_div_t2.obj             500     0         0      
       fd_add_t2.obj              438     0         0      
       fd_div_t2.obj              310     0         0      
       fd_cmp_t2.obj              268     0         0      
       ctype.obj                  0       257       0      
       fd_mul_t2.obj              252     0         0      
       fs_add_t2.obj              250     0         0      
       s_scalbn.obj               208     0         0      
       memcpy_t2.obj              156     0         0      
       fs_div_t2.obj              146     0         0      
       fs_mul_t2.obj              122     0         0      
       memset_t2.obj              122     0         0      
       autoinit.obj               112     0         0      
       fd_tos_t2.obj              110     0         0      
       copy_decompress_lzss.obj   102     0         0      
       exit.obj                   84      0         12     
       fs_cmp_t2.obj              96      0         0      
       sprintf.obj                96      0         0      
       s_frexp.obj                92      0         0      
       ltoa.obj                   86      0         0      
       atoi.obj                   76      0         0      
       atol.obj                   76      0         0      
       cpy_tbl.obj                76      0         0      
       fd_toi_t2.obj              72      0         0      
       fd_tou_t2.obj              68      0         0      
       boot.obj                   64      0         0      
       fs_tod_t2.obj              56      0         0      
       fs_toi_t2.obj              56      0         0      
       i_tofs_t2.obj              56      0         0      
       strncpy.obj                54      0         0      
       strstr.obj                 54      0         0      
       fs_tou_t2.obj              52      0         0      
       i_tofd_t2.obj              46      0         0      
       memcmp.obj                 36      0         0      
       u_tofd_t2.obj              32      0         0      
       _lock.obj                  20      0         8      
       memccpy.obj                26      0         0      
       args_main.obj              24      0         0      
       strchr.obj                 22      0         0      
       strcpy.obj                 22      0         0      
       strlen.obj                 20      0         0      
       copy_decompress_none.obj   14      0         0      
       copy_zero_init.obj         12      0         0      
       s_copysign.obj             8       0         0      
       atof.obj                   6       0         0      
       errno.obj                  0       0         4      
       pre_init.obj               4       0         0      
       stkdepth_vars.obj          0       0         4      
       mpu_init.obj               2       0         0      
       startup.obj                2       0         0      
    +--+--------------------------+-------+---------+---------+
       Total:                     11052   425       40     
                                                           
       Heap:                      0       0         4095   
       Stack:                     0       0         4095   
       Linker Generated:          0       72        0      
    +--+--------------------------+-------+---------+---------+
       Grand Total:               27388   1770      18942  


LINKER GENERATED COPY TABLES

__TI_cinit_table @ 000071f0 records: 2, size/record: 8, table size: 16
	.data: load addr=000071b8, load size=00000024 bytes, run addr=200049a0, run size=00000064 bytes, compression=lzss
	.bss: load addr=000071e8, load size=00000008 bytes, run addr=20000000, run size=0000299c bytes, compression=zero_init


LINKER GENERATED HANDLER TABLE

__TI_handler_table @ 000071dc records: 3, size/record: 4, table size: 12
	index: 0, handler: __TI_decompress_lzss
	index: 1, handler: __TI_decompress_none
	index: 2, handler: __TI_zero_init


GLOBAL SYMBOLS: SORTED ALPHABETICALLY BY Name 

address   name                           
-------   ----                           
00006489  C$$EXIT                        
00006b1d  CPUcpsid                       
00006b29  CPUcpsie                       
00005d95  EncoderINT                     
000068a1  GPIODirModeSet                 
00006609  GPIOIntTypeSet                 
00005b65  GPIOPadConfigSet               
00006bd7  GPIOPinIntClear                
00006b35  GPIOPinIntEnable               
00006bdd  GPIOPinRead                    
00006aa5  GPIOPinTypeGPIOOutput          
00006ab7  GPIOPinTypePWM                 
00006ac9  GPIOPinTypeSSI                 
00006adb  GPIOPinTypeUART                
00006be3  GPIOPinWrite                   
00006259  IntEnable                      
00006b65  IntMasterDisable               
00006b6f  IntMasterEnable                
00006925  IntPrioritySet                 
000068fd  PWMGenConfigure                
00006b79  PWMGenEnable                   
00006a3f  PWMGenPeriodSet                
000069fd  PWMOutputState                 
0000698d  PWMPulseWidthSet               
00005169  PWM_direction                  
00005141  PWM_duty                       
000034c9  RIT128x96x4Clear               
00003747  RIT128x96x4Disable             
00003899  RIT128x96x4DisplayOff          
00003865  RIT128x96x4DisplayOn           
000036ed  RIT128x96x4Enable              
00003665  RIT128x96x4ImageDraw           
000037c1  RIT128x96x4Init                
00003525  RIT128x96x4StringDraw          
00006b59  ResetISR                       
UNDEFED   SHT$$INIT_ARRAY$$Base          
UNDEFED   SHT$$INIT_ARRAY$$Limit         
00006bbf  SSIBusy                        
0000664d  SSIConfigSetExpClk             
00006aed  SSIDataGetNonBlocking          
00006b83  SSIDataPut                     
00006b8d  SSIDisable                     
00006b97  SSIEnable                      
00004991  SysCtlClockGet                 
000051d1  SysCtlClockSet                 
00006be9  SysCtlDelay                    
00006a55  SysCtlPWMClockSet              
000063d9  SysCtlPeripheralEnable         
00005e8d  SysCtlPeripheralReset          
00006aff  UARTCharGetNonBlocking         
00006ba1  UARTCharPut                    
00006b41  UARTCharsAvail                 
000066d5  UARTConfigSetExpClk            
000069ad  UARTDisable                    
00006a69  UARTEnable                     
00006bab  UARTFIFOEnable                 
00006bf5  UARTIntClear                   
00006bc7  UARTIntEnable                  
00005d65  UARTIntHandler                 
00006bb5  UARTIntStatus                  
00005579  UARTSend                       
20002800  UART_char_data_old             
2000399b  __STACK_END                    
00000fff  __STACK_SIZE                   
20002a9c  __STACK_TOP                    
00000fff  __SYSMEM_SIZE                  
000071f0  __TI_CINIT_Base                
00007200  __TI_CINIT_Limit               
000071dc  __TI_Handler_Table_Base        
000071e8  __TI_Handler_Table_Limit       
00006115  __TI_auto_init                 
200049d0  __TI_cleanup_ptr               
000061f3  __TI_decompress_lzss           
00006b0f  __TI_decompress_none           
200049d4  __TI_dtors_ptr                 
200049d8  __TI_enable_exit_profile_output
ffffffff  __TI_pprof_out_hndl            
0000091d  __TI_printfi                   
ffffffff  __TI_prof_data_size            
ffffffff  __TI_prof_data_start           
00000000  __TI_static_base__             
00006b4d  __TI_zero_init                 
00005f15  __aeabi_cdcmpeq                
00005f15  __aeabi_cdcmple                
00005f9b  __aeabi_cdrcmple               
000062bd  __aeabi_cfrcmple               
00006185  __aeabi_d2f                    
000065c1  __aeabi_d2iz                   
00006691  __aeabi_d2uiz                  
00004d2f  __aeabi_dadd                   
00005315  __aeabi_ddiv                   
000057b9  __aeabi_dmul                   
00004d25  __aeabi_dsub                   
00006759  __aeabi_f2d                    
00006791  __aeabi_f2iz                   
0000686d  __aeabi_f2uiz                  
000058b9  __aeabi_fadd                   
00005df9  __aeabi_fdiv                   
00006021  __aeabi_fmul                   
000058b5  __aeabi_fsub                   
000068cf  __aeabi_i2d                    
000067c9  __aeabi_i2f                    
0000609b  __aeabi_memclr                 
0000609b  __aeabi_memclr4                
0000609b  __aeabi_memclr8                
00005cc9  __aeabi_memcpy                 
00005cc9  __aeabi_memcpy4                
00005cc9  __aeabi_memcpy8                
0000609d  __aeabi_memset                 
0000609d  __aeabi_memset4                
0000609d  __aeabi_memset8                
0000696d  __aeabi_ui2d                   
0000479d  __aeabi_uldivmod               
ffffffff  __binit__                      
ffffffff  __c_args__                     
000011f3  __mpu_init                     
2000299c  __stack                        
000069e5  _args_main                     
00006719  _c_int00                       
00006de0  _ctypes_                       
200049e8  _lock                          
00006a8b  _nop                           
00006a83  _register_lock                 
00006a7d  _register_unlock               
200039a0  _sys_memory                    
00003caf  _system_post_cinit             
00006bf9  _system_pre_init               
200049ec  _unlock                        
0000648d  abort                          
00004fa5  analysis_speed                 
00006bef  atof                           
000064dd  atoi                           
00006529  atol                           
ffffffff  binit                          
0000404f  calloc                         
000038d1  clearDisplay                   
00006575  copy_in                        
00006bcf  copysign                       
00006bcf  copysignl                      
00001ef5  decode_GGA                     
000022e9  decode_RMC                     
00003aad  display                        
00004fed  encoder_quad                   
200049fc  errno                          
00006495  exit                           
00005085  find_dir                       
00004579  fmod                           
00004579  fmodl                          
00003d9b  free                           
0000637d  frexp                          
0000637d  frexpl                         
00000000  g_pfnVectors                   
000042a5  initCircBuf                    
000040b9  initClock                      
00004201  initConsole                    
0000413b  initDisplay                    
000040c3  initGPIO                       
00004145  initPWMchan                    
000040e7  initPin                        
000042cf  init_set_speed_data            
0000573b  invert_bool                    
0000575f  invert_buttons                 
00005a95  ldexp                          
00005a95  ldexpl                         
00006431  ltoa                           
00002db9  main                           
20004a00  main_func_sp                   
00004275  main_init                      
00003d31  malloc                         
00003f65  memalign                       
000069c9  memccpy                        
00006949  memcmp                         
00005cc9  memcpy                         
000060a3  memset                         
00003cb1  minit                          
000039f1  no_fix_screen                  
20002964  period                         
00004b69  pvPortMalloc                   
200049a0  pxCurrentTCB                   
000059b1  pxPortInitialiseStack          
000038d9  read_button_screen             
0000569d  read_buttons                   
00003e5d  realloc                        
0000407d  reset_peripheral               
00005a95  scalbn                         
00005a95  scalbnl                        
000055c1  send_data                      
00003957  set_speed_display              
00004edd  set_speed_func                 
000050b1  speed_feedback                 
00002701  split_data                     
0000631d  sprintf                        
00001e69  store_char                     
00004f5b  store_speed                    
00006a13  strchr                         
00006a29  strcpy                         
00006a91  strlen                         
00006801  strncpy                        
00006837  strstr                         
0000433d  strtod                         
0000433d  strtold                        
00002bbf  uxQueueMessagesWaiting         
00002bd5  uxQueueMessagesWaitingFromISR  
0000187d  uxTaskGetNumberOfTasks         
00001485  uxTaskPriorityGet              
00003393  vApplicationIdleHook           
00003387  vApplicationMallocFailedHook   
00003389  vApplicationStackOverflowHook  
00003395  vApplicationTickHook           
00003295  vDisplayTask                   
00003075  vEncoder                       
00003215  vFilterSpeed                   
0000544b  vListInitialise                
0000547b  vListInitialiseItem            
000054cf  vListInsert                    
0000548b  vListInsertEnd                 
00005535  vListRemove                    
000030fd  vPWM                           
00005c79  vPortClearInterruptMask        
00005cb7  vPortEnableVFP                 
00005a21  vPortEndScheduler              
00005a2d  vPortEnterCritical             
00005a3d  vPortExitCritical              
00004c9b  vPortFree                      
00004d03  vPortInitialiseBlocks          
00005c87  vPortSVCHandler                
00005c6b  vPortSetInterruptMask          
00005ca5  vPortStartFirstTask            
00005a23  vPortYieldFromISR              
00002be7  vQueueDelete                   
0000303d  vReadButtons                   
00002fc7  vReadGPS                       
00002f7f  vReadGPSchar                   
00001421  vTaskDelay                     
00001371  vTaskDelayUntil                
00001309  vTaskDelete                    
0000177d  vTaskEndScheduler              
0000188d  vTaskIncrementTick             
00001b91  vTaskMissedYield               
000019f5  vTaskPlaceOnEventList          
00001dd9  vTaskPriorityDisinherit        
00001d4d  vTaskPriorityInherit           
000014c1  vTaskPrioritySet               
00001651  vTaskResume                    
00001af3  vTaskSetTimeOutState           
00001733  vTaskStartScheduler            
000015a9  vTaskSuspend                   
0000178f  vTaskSuspendAll                
00001935  vTaskSwitchContext             
20002968  xBinarySemaphoreEncoder_1      
2000296c  xBinarySemaphoreFilter         
20002970  xBinarySemaphoreGPS            
20002974  xBinarySemaphoreGPSchar        
20002978  xEncoder_1                     
2000297c  xEncoder_raw_DATA              
20002980  xPWM_DATA                      
20002984  xPWM_speed_DATA                
00004cfd  xPortGetFreeHeapSize           
00005c31  xPortPendSVHandler             
000059f9  xPortStartScheduler            
00005a53  xPortSysTickHandler            
20002988  xQueueBuffedSpeed              
2000298c  xQueueButtons                  
000027a5  xQueueCreate                   
000028b3  xQueueCreateCountingSemaphore  
0000284b  xQueueCreateMutex              
20002990  xQueueGPSDATA                  
00002a23  xQueueGenericReceive           
000028d1  xQueueGenericSend              
000029b9  xQueueGenericSendFromISR       
00002d61  xQueueIsQueueEmptyFromISR      
00002d9b  xQueueIsQueueFullFromISR       
00002b57  xQueueReceiveFromISR           
20002994  xQueueSpeed                    
00001b19  xTaskCheckForTimeOut           
000011f5  xTaskGenericCreate             
00001d39  xTaskGetCurrentTaskHandle      
00001869  xTaskGetTickCount              
00001601  xTaskIsTaskSuspended           
00001a75  xTaskRemoveFromEventList       
00001799  xTaskResumeAll                 
000016c1  xTaskResumeFromISR             
20002998  xUART_GPS_DATA                 


GLOBAL SYMBOLS: SORTED BY Symbol Address 

address   name                           
-------   ----                           
00000000  __TI_static_base__             
00000000  g_pfnVectors                   
0000091d  __TI_printfi                   
00000fff  __STACK_SIZE                   
00000fff  __SYSMEM_SIZE                  
000011f3  __mpu_init                     
000011f5  xTaskGenericCreate             
00001309  vTaskDelete                    
00001371  vTaskDelayUntil                
00001421  vTaskDelay                     
00001485  uxTaskPriorityGet              
000014c1  vTaskPrioritySet               
000015a9  vTaskSuspend                   
00001601  xTaskIsTaskSuspended           
00001651  vTaskResume                    
000016c1  xTaskResumeFromISR             
00001733  vTaskStartScheduler            
0000177d  vTaskEndScheduler              
0000178f  vTaskSuspendAll                
00001799  xTaskResumeAll                 
00001869  xTaskGetTickCount              
0000187d  uxTaskGetNumberOfTasks         
0000188d  vTaskIncrementTick             
00001935  vTaskSwitchContext             
000019f5  vTaskPlaceOnEventList          
00001a75  xTaskRemoveFromEventList       
00001af3  vTaskSetTimeOutState           
00001b19  xTaskCheckForTimeOut           
00001b91  vTaskMissedYield               
00001d39  xTaskGetCurrentTaskHandle      
00001d4d  vTaskPriorityInherit           
00001dd9  vTaskPriorityDisinherit        
00001e69  store_char                     
00001ef5  decode_GGA                     
000022e9  decode_RMC                     
00002701  split_data                     
000027a5  xQueueCreate                   
0000284b  xQueueCreateMutex              
000028b3  xQueueCreateCountingSemaphore  
000028d1  xQueueGenericSend              
000029b9  xQueueGenericSendFromISR       
00002a23  xQueueGenericReceive           
00002b57  xQueueReceiveFromISR           
00002bbf  uxQueueMessagesWaiting         
00002bd5  uxQueueMessagesWaitingFromISR  
00002be7  vQueueDelete                   
00002d61  xQueueIsQueueEmptyFromISR      
00002d9b  xQueueIsQueueFullFromISR       
00002db9  main                           
00002f7f  vReadGPSchar                   
00002fc7  vReadGPS                       
0000303d  vReadButtons                   
00003075  vEncoder                       
000030fd  vPWM                           
00003215  vFilterSpeed                   
00003295  vDisplayTask                   
00003387  vApplicationMallocFailedHook   
00003389  vApplicationStackOverflowHook  
00003393  vApplicationIdleHook           
00003395  vApplicationTickHook           
000034c9  RIT128x96x4Clear               
00003525  RIT128x96x4StringDraw          
00003665  RIT128x96x4ImageDraw           
000036ed  RIT128x96x4Enable              
00003747  RIT128x96x4Disable             
000037c1  RIT128x96x4Init                
00003865  RIT128x96x4DisplayOn           
00003899  RIT128x96x4DisplayOff          
000038d1  clearDisplay                   
000038d9  read_button_screen             
00003957  set_speed_display              
000039f1  no_fix_screen                  
00003aad  display                        
00003caf  _system_post_cinit             
00003cb1  minit                          
00003d31  malloc                         
00003d9b  free                           
00003e5d  realloc                        
00003f65  memalign                       
0000404f  calloc                         
0000407d  reset_peripheral               
000040b9  initClock                      
000040c3  initGPIO                       
000040e7  initPin                        
0000413b  initDisplay                    
00004145  initPWMchan                    
00004201  initConsole                    
00004275  main_init                      
000042a5  initCircBuf                    
000042cf  init_set_speed_data            
0000433d  strtod                         
0000433d  strtold                        
00004579  fmod                           
00004579  fmodl                          
0000479d  __aeabi_uldivmod               
00004991  SysCtlClockGet                 
00004b69  pvPortMalloc                   
00004c9b  vPortFree                      
00004cfd  xPortGetFreeHeapSize           
00004d03  vPortInitialiseBlocks          
00004d25  __aeabi_dsub                   
00004d2f  __aeabi_dadd                   
00004edd  set_speed_func                 
00004f5b  store_speed                    
00004fa5  analysis_speed                 
00004fed  encoder_quad                   
00005085  find_dir                       
000050b1  speed_feedback                 
00005141  PWM_duty                       
00005169  PWM_direction                  
000051d1  SysCtlClockSet                 
00005315  __aeabi_ddiv                   
0000544b  vListInitialise                
0000547b  vListInitialiseItem            
0000548b  vListInsertEnd                 
000054cf  vListInsert                    
00005535  vListRemove                    
00005579  UARTSend                       
000055c1  send_data                      
0000569d  read_buttons                   
0000573b  invert_bool                    
0000575f  invert_buttons                 
000057b9  __aeabi_dmul                   
000058b5  __aeabi_fsub                   
000058b9  __aeabi_fadd                   
000059b1  pxPortInitialiseStack          
000059f9  xPortStartScheduler            
00005a21  vPortEndScheduler              
00005a23  vPortYieldFromISR              
00005a2d  vPortEnterCritical             
00005a3d  vPortExitCritical              
00005a53  xPortSysTickHandler            
00005a95  ldexp                          
00005a95  ldexpl                         
00005a95  scalbn                         
00005a95  scalbnl                        
00005b65  GPIOPadConfigSet               
00005c31  xPortPendSVHandler             
00005c6b  vPortSetInterruptMask          
00005c79  vPortClearInterruptMask        
00005c87  vPortSVCHandler                
00005ca5  vPortStartFirstTask            
00005cb7  vPortEnableVFP                 
00005cc9  __aeabi_memcpy                 
00005cc9  __aeabi_memcpy4                
00005cc9  __aeabi_memcpy8                
00005cc9  memcpy                         
00005d65  UARTIntHandler                 
00005d95  EncoderINT                     
00005df9  __aeabi_fdiv                   
00005e8d  SysCtlPeripheralReset          
00005f15  __aeabi_cdcmpeq                
00005f15  __aeabi_cdcmple                
00005f9b  __aeabi_cdrcmple               
00006021  __aeabi_fmul                   
0000609b  __aeabi_memclr                 
0000609b  __aeabi_memclr4                
0000609b  __aeabi_memclr8                
0000609d  __aeabi_memset                 
0000609d  __aeabi_memset4                
0000609d  __aeabi_memset8                
000060a3  memset                         
00006115  __TI_auto_init                 
00006185  __aeabi_d2f                    
000061f3  __TI_decompress_lzss           
00006259  IntEnable                      
000062bd  __aeabi_cfrcmple               
0000631d  sprintf                        
0000637d  frexp                          
0000637d  frexpl                         
000063d9  SysCtlPeripheralEnable         
00006431  ltoa                           
00006489  C$$EXIT                        
0000648d  abort                          
00006495  exit                           
000064dd  atoi                           
00006529  atol                           
00006575  copy_in                        
000065c1  __aeabi_d2iz                   
00006609  GPIOIntTypeSet                 
0000664d  SSIConfigSetExpClk             
00006691  __aeabi_d2uiz                  
000066d5  UARTConfigSetExpClk            
00006719  _c_int00                       
00006759  __aeabi_f2d                    
00006791  __aeabi_f2iz                   
000067c9  __aeabi_i2f                    
00006801  strncpy                        
00006837  strstr                         
0000686d  __aeabi_f2uiz                  
000068a1  GPIODirModeSet                 
000068cf  __aeabi_i2d                    
000068fd  PWMGenConfigure                
00006925  IntPrioritySet                 
00006949  memcmp                         
0000696d  __aeabi_ui2d                   
0000698d  PWMPulseWidthSet               
000069ad  UARTDisable                    
000069c9  memccpy                        
000069e5  _args_main                     
000069fd  PWMOutputState                 
00006a13  strchr                         
00006a29  strcpy                         
00006a3f  PWMGenPeriodSet                
00006a55  SysCtlPWMClockSet              
00006a69  UARTEnable                     
00006a7d  _register_unlock               
00006a83  _register_lock                 
00006a8b  _nop                           
00006a91  strlen                         
00006aa5  GPIOPinTypeGPIOOutput          
00006ab7  GPIOPinTypePWM                 
00006ac9  GPIOPinTypeSSI                 
00006adb  GPIOPinTypeUART                
00006aed  SSIDataGetNonBlocking          
00006aff  UARTCharGetNonBlocking         
00006b0f  __TI_decompress_none           
00006b1d  CPUcpsid                       
00006b29  CPUcpsie                       
00006b35  GPIOPinIntEnable               
00006b41  UARTCharsAvail                 
00006b4d  __TI_zero_init                 
00006b59  ResetISR                       
00006b65  IntMasterDisable               
00006b6f  IntMasterEnable                
00006b79  PWMGenEnable                   
00006b83  SSIDataPut                     
00006b8d  SSIDisable                     
00006b97  SSIEnable                      
00006ba1  UARTCharPut                    
00006bab  UARTFIFOEnable                 
00006bb5  UARTIntStatus                  
00006bbf  SSIBusy                        
00006bc7  UARTIntEnable                  
00006bcf  copysign                       
00006bcf  copysignl                      
00006bd7  GPIOPinIntClear                
00006bdd  GPIOPinRead                    
00006be3  GPIOPinWrite                   
00006be9  SysCtlDelay                    
00006bef  atof                           
00006bf5  UARTIntClear                   
00006bf9  _system_pre_init               
00006de0  _ctypes_                       
000071dc  __TI_Handler_Table_Base        
000071e8  __TI_Handler_Table_Limit       
000071f0  __TI_CINIT_Base                
00007200  __TI_CINIT_Limit               
20002800  UART_char_data_old             
20002964  period                         
20002968  xBinarySemaphoreEncoder_1      
2000296c  xBinarySemaphoreFilter         
20002970  xBinarySemaphoreGPS            
20002974  xBinarySemaphoreGPSchar        
20002978  xEncoder_1                     
2000297c  xEncoder_raw_DATA              
20002980  xPWM_DATA                      
20002984  xPWM_speed_DATA                
20002988  xQueueBuffedSpeed              
2000298c  xQueueButtons                  
20002990  xQueueGPSDATA                  
20002994  xQueueSpeed                    
20002998  xUART_GPS_DATA                 
2000299c  __stack                        
20002a9c  __STACK_TOP                    
2000399b  __STACK_END                    
200039a0  _sys_memory                    
200049a0  pxCurrentTCB                   
200049d0  __TI_cleanup_ptr               
200049d4  __TI_dtors_ptr                 
200049d8  __TI_enable_exit_profile_output
200049e8  _lock                          
200049ec  _unlock                        
200049fc  errno                          
20004a00  main_func_sp                   
ffffffff  __TI_pprof_out_hndl            
ffffffff  __TI_prof_data_size            
ffffffff  __TI_prof_data_start           
ffffffff  __binit__                      
ffffffff  __c_args__                     
ffffffff  binit                          
UNDEFED   SHT$$INIT_ARRAY$$Base          
UNDEFED   SHT$$INIT_ARRAY$$Limit         

[283 symbols]
