******************************************************************************
                  TI ARM Linker PC v16.6.0                     
******************************************************************************
>> Linked Mon Aug 15 09:05:21 2016

OUTPUT FILE NAME:   <RTOStest1.out>
ENTRY POINT SYMBOL: "_c_int00"  address: 00006c81


MEMORY CONFIGURATION

         name            origin    length      used     unused   attr    fill
----------------------  --------  ---------  --------  --------  ----  --------
  FLASH                 00000000   00040000  00007866  0003879a  R  X
  SRAM                  20000000   00010000  00004a8a  0000b576  RW X


SEGMENT ALLOCATION MAP

run origin  load origin   length   init length attrs members
----------  ----------- ---------- ----------- ----- -------
00000000    00000000    00007870   00007870    r-x
  00000000    00000000    000000f0   000000f0    r-- .intvecs
  000000f0    000000f0    0000717a   0000717a    r-x .text
  00007270    00007270    000005b4   000005b4    r-- .const
  00007828    00007828    00000048   00000048    r-- .cinit
20000000    20000000    00004a8c   00000000    rw-
  20000000    20000000    00002a28   00000000    rw- .bss
  20002a28    20002a28    00000fff   00000000    rw- .stack
  20003a28    20003a28    00000fff   00000000    rw- .sysmem
  20004a28    20004a28    00000064   00000000    rw- .data


SECTION ALLOCATION MAP

 output                                  attributes/
section   page    origin      length       input sections
--------  ----  ----------  ----------   ----------------
.intvecs   0    00000000    000000f0     
                  00000000    000000f0     startup_ccs.obj (.intvecs)

.text      0    000000f0    0000717a     
                  000000f0    00001102     rtsv7M3_T_le_eabi.lib : _printfi.obj (.text)
                  000011f2    00000002                           : mpu_init.obj (.text)
                  000011f4    00000c74     tasks.obj (.text)
                  00001e68    000008b0     data_process.obj (.text)
                  00002718    00000732     display.obj (.text)
                  00002e4a    00000002     rtsv7M3_T_le_eabi.lib : startup.obj (.text)
                  00002e4c    00000730     main.obj (.text)
                  0000357c    00000614     queue.obj (.text)
                  00003b90    00000510     rit128x96x4.obj (.text)
                  000040a0    000003cc     rtsv7M3_T_le_eabi.lib : memory.obj (.text)
                  0000446c    000003ac     init.obj (.text)
                  00004818    0000023c     rtsv7M3_T_le_eabi.lib : strtod.obj (.text)
                  00004a54    00000224                           : e_fmod.obj (.text)
                  00004c78    000001f4                           : ull_div_t2.obj (.text)
                  00004e6c    000001d8     driverlib-cm3.lib : sysctl.obj (.text:SysCtlClockGet)
                  00005044    000001bc     heap_2.obj (.text)
                  00005200    000001b6     rtsv7M3_T_le_eabi.lib : fd_add_t2.obj (.text)
                  000053b6    00000002     --HOLE-- [fill = 0]
                  000053b8    000001a8     speed.obj (.text)
                  00005560    0000015c     ADC_interface.obj (.text)
                  000056bc    0000014c     PWM_module.obj (.text)
                  00005808    00000144     driverlib-cm3.lib : sysctl.obj (.text:SysCtlClockSet)
                  0000594c    00000136     rtsv7M3_T_le_eabi.lib : fd_div_t2.obj (.text)
                  00005a82    0000012e     list.obj (.text)
                  00005bb0    0000011c     button_data.obj (.text)
                  00005ccc    000000fc     rtsv7M3_T_le_eabi.lib : fd_mul_t2.obj (.text)
                  00005dc8    000000fa                           : fs_add_t2.obj (.text)
                  00005ec2    00000002     --HOLE-- [fill = 0]
                  00005ec4    000000e4     port.obj (.text)
                  00005fa8    000000d0     rtsv7M3_T_le_eabi.lib : s_scalbn.obj (.text)
                  00006078    000000c8     driverlib-cm3.lib : gpio.obj (.text:GPIOPadConfigSet)
                  00006140    0000009c     portasm.obj (.text)
                  000061dc    0000009c     rtsv7M3_T_le_eabi.lib : memcpy_t2.obj (.text)
                  00006278    00000092                           : fs_div_t2.obj (.text)
                  0000630a    00000002     --HOLE-- [fill = 0]
                  0000630c    00000088     driverlib-cm3.lib : sysctl.obj (.text:SysCtlPeripheralReset)
                  00006394    00000086     rtsv7M3_T_le_eabi.lib : fd_cmp_t2.obj (.text:__aeabi_cdcmple)
                  0000641a    00000086                           : fd_cmp_t2.obj (.text:__aeabi_cdrcmple)
                  000064a0    0000007c     int_module.obj (.text)
                  0000651c    0000007a     rtsv7M3_T_le_eabi.lib : fs_mul_t2.obj (.text)
                  00006596    0000007a                           : memset_t2.obj (.text)
                  00006610    00000070                           : autoinit.obj (.text)
                  00006680    0000006e                           : fd_tos_t2.obj (.text)
                  000066ee    0000006c     driverlib-cm3.lib : adc.obj (.text:ADCSequenceStepConfigure)
                  0000675a    00000066     rtsv7M3_T_le_eabi.lib : copy_decompress_lzss.obj (.text:decompress:lzss)
                  000067c0    00000064     driverlib-cm3.lib : interrupt.obj (.text:IntEnable)
                  00006824    00000060     rtsv7M3_T_le_eabi.lib : fs_cmp_t2.obj (.text:__aeabi_cfrcmple)
                  00006884    00000060                           : sprintf.obj (.text)
                  000068e4    0000005c                           : s_frexp.obj (.text)
                  00006940    00000058     driverlib-cm3.lib : sysctl.obj (.text:SysCtlPeripheralEnable)
                  00006998    00000056     rtsv7M3_T_le_eabi.lib : ltoa.obj (.text)
                  000069ee    00000002     --HOLE-- [fill = 0]
                  000069f0    00000054                           : exit.obj (.text)
                  00006a44    0000004c                           : atoi.obj (.text)
                  00006a90    0000004c                           : atol.obj (.text)
                  00006adc    0000004c                           : cpy_tbl.obj (.text)
                  00006b28    00000048                           : fd_toi_t2.obj (.text)
                  00006b70    00000044     driverlib-cm3.lib : gpio.obj (.text:GPIOIntTypeSet)
                  00006bb4    00000044                       : ssi.obj (.text:SSIConfigSetExpClk)
                  00006bf8    00000044     rtsv7M3_T_le_eabi.lib : fd_tou_t2.obj (.text)
                  00006c3c    00000042     driverlib-cm3.lib : uart.obj (.text:UARTConfigSetExpClk)
                  00006c7e    00000002     --HOLE-- [fill = 0]
                  00006c80    00000040     rtsv7M3_T_le_eabi.lib : boot.obj (.text)
                  00006cc0    00000038                           : fs_tod_t2.obj (.text)
                  00006cf8    00000038                           : fs_toi_t2.obj (.text)
                  00006d30    00000038                           : i_tofs_t2.obj (.text)
                  00006d68    00000036                           : strncpy.obj (.text)
                  00006d9e    00000036                           : strstr.obj (.text)
                  00006dd4    00000034                           : fs_tou_t2.obj (.text)
                  00006e08    0000002e     driverlib-cm3.lib : adc.obj (.text:ADCIntStatus)
                  00006e36    0000002e                       : gpio.obj (.text:GPIODirModeSet)
                  00006e64    0000002e     rtsv7M3_T_le_eabi.lib : i_tofd_t2.obj (.text)
                  00006e92    0000002a     driverlib-cm3.lib : adc.obj (.text:ADCSequenceConfigure)
                  00006ebc    00000028                       : pwm.obj (.text:PWMGenConfigure)
                  00006ee4    00000024                       : interrupt.obj (.text:IntPrioritySet)
                  00006f08    00000024                       : timer.obj (.text:TimerConfigure)
                  00006f2c    00000024     rtsv7M3_T_le_eabi.lib : memcmp.obj (.text)
                  00006f50    00000020     driverlib-cm3.lib : adc.obj (.text:ADCSequenceDataGet)
                  00006f70    00000020     rtsv7M3_T_le_eabi.lib : u_tofd_t2.obj (.text)
                  00006f90    0000001e     driverlib-cm3.lib : pwm.obj (.text:PWMPulseWidthSet)
                  00006fae    00000002     --HOLE-- [fill = 0]
                  00006fb0    0000001c                       : uart.obj (.text:UARTDisable)
                  00006fcc    0000001a     rtsv7M3_T_le_eabi.lib : memccpy.obj (.text)
                  00006fe6    00000002     --HOLE-- [fill = 0]
                  00006fe8    00000018                           : args_main.obj (.text)
                  00007000    00000016     driverlib-cm3.lib : adc.obj (.text:ADCProcessorTrigger)
                  00007016    00000016                       : pwm.obj (.text:PWMOutputState)
                  0000702c    00000016     rtsv7M3_T_le_eabi.lib : strchr.obj (.text)
                  00007042    00000016                           : strcpy.obj (.text)
                  00007058    00000014     driverlib-cm3.lib : pwm.obj (.text:PWMGenPeriodSet)
                  0000706c    00000014                       : sysctl.obj (.text:SysCtlPWMClockSet)
                  00007080    00000014                       : uart.obj (.text:UARTEnable)
                  00007094    00000014     rtsv7M3_T_le_eabi.lib : _lock.obj (.text)
                  000070a8    00000014                           : strlen.obj (.text)
                  000070bc    00000012     driverlib-cm3.lib : gpio.obj (.text:GPIOPinTypeADC)
                  000070ce    00000012                       : gpio.obj (.text:GPIOPinTypeGPIOOutput)
                  000070e0    00000012                       : gpio.obj (.text:GPIOPinTypePWM)
                  000070f2    00000012                       : gpio.obj (.text:GPIOPinTypeSSI)
                  00007104    00000012                       : gpio.obj (.text:GPIOPinTypeUART)
                  00007116    00000012                       : ssi.obj (.text:SSIDataGetNonBlocking)
                  00007128    00000012                       : timer.obj (.text:TimerLoadSet)
                  0000713a    00000010                       : uart.obj (.text:UARTCharGetNonBlocking)
                  0000714a    0000000e                       : adc.obj (.text:ADCSequenceEnable)
                  00007158    0000000e                       : timer.obj (.text:TimerEnable)
                  00007166    0000000e     rtsv7M3_T_le_eabi.lib : copy_decompress_none.obj (.text:decompress:none)
                  00007174    0000000c     driverlib-cm3.lib : cpu.obj (.text:CPUcpsid)
                  00007180    0000000c                       : cpu.obj (.text:CPUcpsie)
                  0000718c    0000000c                       : gpio.obj (.text:GPIOPinIntEnable)
                  00007198    0000000c                       : uart.obj (.text:UARTCharsAvail)
                  000071a4    0000000c     rtsv7M3_T_le_eabi.lib : copy_zero_init.obj (.text:decompress:ZI)
                  000071b0    0000000c     startup_ccs.obj (.text)
                  000071bc    0000000a     driverlib-cm3.lib : adc.obj (.text:ADCIntClear)
                  000071c6    0000000a                       : interrupt.obj (.text:IntMasterDisable)
                  000071d0    0000000a                       : interrupt.obj (.text:IntMasterEnable)
                  000071da    0000000a                       : pwm.obj (.text:PWMGenEnable)
                  000071e4    0000000a                       : ssi.obj (.text:SSIDataPut)
                  000071ee    0000000a                       : ssi.obj (.text:SSIDisable)
                  000071f8    0000000a                       : ssi.obj (.text:SSIEnable)
                  00007202    0000000a                       : uart.obj (.text:UARTCharPut)
                  0000720c    0000000a                       : uart.obj (.text:UARTFIFOEnable)
                  00007216    0000000a                       : uart.obj (.text:UARTIntStatus)
                  00007220    00000008                       : ssi.obj (.text:SSIBusy)
                  00007228    00000008                       : timer.obj (.text:TimerIntEnable)
                  00007230    00000008                       : uart.obj (.text:UARTIntEnable)
                  00007238    00000008     rtsv7M3_T_le_eabi.lib : s_copysign.obj (.text)
                  00007240    00000006     driverlib-cm3.lib : gpio.obj (.text:GPIOPinIntClear)
                  00007246    00000006                       : gpio.obj (.text:GPIOPinRead)
                  0000724c    00000006                       : gpio.obj (.text:GPIOPinWrite)
                  00007252    00000006                       : sysctl.obj (.text:SysCtlDelay)
                  00007258    00000006     rtsv7M3_T_le_eabi.lib : atof.obj (.text)
                  0000725e    00000004     driverlib-cm3.lib : timer.obj (.text:TimerIntClear)
                  00007262    00000004                       : uart.obj (.text:UARTIntClear)
                  00007266    00000004     rtsv7M3_T_le_eabi.lib : pre_init.obj (.text)

.const     0    00007270    000005b4     
                  00007270    000001e0     rit128x96x4.obj (.const:g_pucFont)
                  00007450    00000101     rtsv7M3_T_le_eabi.lib : ctype.obj (.const:.string:_ctypes_)
                  00007551    00000003     rit128x96x4.obj (.const:.string:pucCommand1$1)
                  00007554    0000009c     driverlib-cm3.lib : interrupt.obj (.const:g_pulRegs)
                  000075f0    00000098     rtsv7M3_T_le_eabi.lib : strtod.obj (.const:$O1$$)
                  00007688    00000070     driverlib-cm3.lib : interrupt.obj (.const)
                  000076f8    0000006c                       : sysctl.obj (.const:g_pulXtals)
                  00007764    0000004f     rit128x96x4.obj (.const:.string:g_pucRIT128x96x4Init)
                  000077b3    00000001     --HOLE-- [fill = 0]
                  000077b4    00000040     driverlib-cm3.lib : sysctl.obj (.const)
                  000077f4    00000014     tasks.obj (.const:.string:ucExpectedStackBytes$1)
                  00007808    00000010     rtsv7M3_T_le_eabi.lib : e_fmod.obj (.const:Zero)
                  00007818    00000003     rit128x96x4.obj (.const:.string:pucCommand2$2)
                  0000781b    00000002     rit128x96x4.obj (.const:.string:g_pucRIT128x96x4HorizontalInc)
                  0000781d    00000002     rit128x96x4.obj (.const:.string:g_pucRIT128x96x4VerticalInc)
                  0000781f    00000002     rit128x96x4.obj (.const:.string:pucCommand1$3)
                  00007821    00000001     --HOLE-- [fill = 0]
                  00007822    00000002     heap_2.obj (.const)

.cinit     0    00007828    00000048     
                  00007828    00000024     (.cinit..data.load) [load image, compression = lzss]
                  0000784c    0000000c     (__TI_handler_table)
                  00007858    00000008     (.cinit..bss.load) [load image, compression = zero_init]
                  00007860    00000010     (__TI_cinit_table)

.bss       0    20000000    00002a28     UNINITIALIZED
                  20000000    00002800     heap_2.obj (.bss:xHeap)
                  20002800    00000078     (.common:UART_char_data)
                  20002878    00000078     (.common:UART_char_data_old)
                  200028f0    00000064     tasks.obj (.bss:pxReadyTasksLists)
                  20002954    00000014     tasks.obj (.bss:xDelayedTaskList1)
                  20002968    00000014     tasks.obj (.bss:xDelayedTaskList2)
                  2000297c    00000014     tasks.obj (.bss:xPendingReadyList)
                  20002990    00000014     tasks.obj (.bss:xSuspendedTaskList)
                  200029a4    00000014     tasks.obj (.bss:xTasksWaitingTermination)
                  200029b8    00000014     (.common:acc_time)
                  200029cc    00000008     rit128x96x4.obj (.bss:g_pucBuffer)
                  200029d4    00000008     tasks.obj (.bss)
                  200029dc    00000008     heap_2.obj (.bss:xEnd)
                  200029e4    00000008     heap_2.obj (.bss:xStart)
                  200029ec    00000004     rit128x96x4.obj (.bss)
                  200029f0    00000004     (.common:period)
                  200029f4    00000004     (.common:xBinarySemaphoreEncoder_1)
                  200029f8    00000004     (.common:xBinarySemaphoreFilter)
                  200029fc    00000004     (.common:xBinarySemaphoreGPS)
                  20002a00    00000004     (.common:xBinarySemaphoreGPSchar)
                  20002a04    00000004     (.common:xEncoder_1)
                  20002a08    00000004     (.common:xEncoder_raw_DATA)
                  20002a0c    00000004     (.common:xPWM_DATA)
                  20002a10    00000004     (.common:xPWM_speed_DATA)
                  20002a14    00000004     (.common:xQueueBuffedSpeed)
                  20002a18    00000004     (.common:xQueueButtons)
                  20002a1c    00000004     (.common:xQueueGPSDATA)
                  20002a20    00000004     (.common:xQueueSpeed)
                  20002a24    00000004     (.common:xUART_GPS_DATA)

.stack     0    20002a28    00000fff     UNINITIALIZED
                  20002a28    00000fff     --HOLE--

.sysmem    0    20003a28    00000fff     UNINITIALIZED
                  20003a28    00000008     rtsv7M3_T_le_eabi.lib : memory.obj (.sysmem)
                  20003a30    00000ff7     --HOLE--

.data      0    20004a28    00000064     UNINITIALIZED
                  20004a28    00000030     tasks.obj (.data)
                  20004a58    0000000c     rtsv7M3_T_le_eabi.lib : exit.obj (.data:$O1$$)
                  20004a64    0000000c                           : memory.obj (.data:$O1$$)
                  20004a70    00000008                           : _lock.obj (.data:$O1$$)
                  20004a78    00000008     heap_2.obj (.data)
                  20004a80    00000004     port.obj (.data)
                  20004a84    00000004     rtsv7M3_T_le_eabi.lib : errno.obj (.data)
                  20004a88    00000004                           : stkdepth_vars.obj (.data)

MODULE SUMMARY

       Module                     code    ro data   rw data
       ------                     ----    -------   -------
    .\
       tasks.obj                  3188    20        256    
       data_process.obj           2224    0         0      
       main.obj                   1840    0         304    
       rit128x96x4.obj            1296    571       12     
       display.obj                1842    0         0      
       queue.obj                  1556    0         0      
       init.obj                   940     0         4      
       speed.obj                  424     0         0      
       ADC_interface.obj          348     0         0      
       PWM_module.obj             332     0         0      
       list.obj                   302     0         0      
       button_data.obj            284     0         0      
       startup_ccs.obj            12      240       0      
       int_module.obj             124     0         8      
    +--+--------------------------+-------+---------+---------+
       Total:                     14712   831       584    
                                                           
    .\portable\
       heap_2.obj                 444     2         10264  
       port.obj                   228     0         4      
       portasm.obj                156     0         0      
    +--+--------------------------+-------+---------+---------+
       Total:                     828     2         10268  
                                                           
    C:/ti/StellarisWare/driverlib/ccs-cm3/Debug/driverlib-cm3.lib
       sysctl.obj                 1046    172       0      
       gpio.obj                   434     0         0      
       interrupt.obj              156     268       0      
       adc.obj                    274     0         0      
       uart.obj                   184     0         0      
       ssi.obj                    124     0         0      
       pwm.obj                    122     0         0      
       timer.obj                  80      0         0      
       cpu.obj                    24      0         0      
    +--+--------------------------+-------+---------+---------+
       Total:                     2444    440       0      
                                                           
    C:\ti\ccsv6\tools\compiler\ti-cgt-arm_16.6.0.STS\lib\rtsv7M3_T_le_eabi.lib
       _printfi.obj               4354    0         0      
       memory.obj                 972     0         12     
       strtod.obj                 572     152       0      
       e_fmod.obj                 548     16        0      
       ull_div_t2.obj             500     0         0      
       fd_add_t2.obj              438     0         0      
       fd_div_t2.obj              310     0         0      
       fd_cmp_t2.obj              268     0         0      
       ctype.obj                  0       257       0      
       fd_mul_t2.obj              252     0         0      
       fs_add_t2.obj              250     0         0      
       s_scalbn.obj               208     0         0      
       memcpy_t2.obj              156     0         0      
       fs_div_t2.obj              146     0         0      
       fs_mul_t2.obj              122     0         0      
       memset_t2.obj              122     0         0      
       autoinit.obj               112     0         0      
       fd_tos_t2.obj              110     0         0      
       copy_decompress_lzss.obj   102     0         0      
       exit.obj                   84      0         12     
       fs_cmp_t2.obj              96      0         0      
       sprintf.obj                96      0         0      
       s_frexp.obj                92      0         0      
       ltoa.obj                   86      0         0      
       atoi.obj                   76      0         0      
       atol.obj                   76      0         0      
       cpy_tbl.obj                76      0         0      
       fd_toi_t2.obj              72      0         0      
       fd_tou_t2.obj              68      0         0      
       boot.obj                   64      0         0      
       fs_tod_t2.obj              56      0         0      
       fs_toi_t2.obj              56      0         0      
       i_tofs_t2.obj              56      0         0      
       strncpy.obj                54      0         0      
       strstr.obj                 54      0         0      
       fs_tou_t2.obj              52      0         0      
       i_tofd_t2.obj              46      0         0      
       memcmp.obj                 36      0         0      
       u_tofd_t2.obj              32      0         0      
       _lock.obj                  20      0         8      
       memccpy.obj                26      0         0      
       args_main.obj              24      0         0      
       strchr.obj                 22      0         0      
       strcpy.obj                 22      0         0      
       strlen.obj                 20      0         0      
       copy_decompress_none.obj   14      0         0      
       copy_zero_init.obj         12      0         0      
       s_copysign.obj             8       0         0      
       atof.obj                   6       0         0      
       errno.obj                  0       0         4      
       pre_init.obj               4       0         0      
       stkdepth_vars.obj          0       0         4      
       mpu_init.obj               2       0         0      
       startup.obj                2       0         0      
    +--+--------------------------+-------+---------+---------+
       Total:                     11052   425       40     
                                                           
       Heap:                      0       0         4095   
       Stack:                     0       0         4095   
       Linker Generated:          0       72        0      
    +--+--------------------------+-------+---------+---------+
       Grand Total:               29036   1770      19082  


LINKER GENERATED COPY TABLES

__TI_cinit_table @ 00007860 records: 2, size/record: 8, table size: 16
	.data: load addr=00007828, load size=00000024 bytes, run addr=20004a28, run size=00000064 bytes, compression=lzss
	.bss: load addr=00007858, load size=00000008 bytes, run addr=20000000, run size=00002a28 bytes, compression=zero_init


LINKER GENERATED HANDLER TABLE

__TI_handler_table @ 0000784c records: 3, size/record: 4, table size: 12
	index: 0, handler: __TI_decompress_lzss
	index: 1, handler: __TI_decompress_none
	index: 2, handler: __TI_zero_init


GLOBAL SYMBOLS: SORTED ALPHABETICALLY BY Name 

address   name                           
-------   ----                           
000071bd  ADCIntClear                    
00006e09  ADCIntStatus                   
00007001  ADCProcessorTrigger            
00006e93  ADCSequenceConfigure           
00006f51  ADCSequenceDataGet             
0000714b  ADCSequenceEnable              
000066ef  ADCSequenceStepConfigure       
000069f1  C$$EXIT                        
00007175  CPUcpsid                       
00007181  CPUcpsie                       
000064a1  EncoderINT                     
00006e37  GPIODirModeSet                 
00006b71  GPIOIntTypeSet                 
00006079  GPIOPadConfigSet               
00007241  GPIOPinIntClear                
0000718d  GPIOPinIntEnable               
00007247  GPIOPinRead                    
000070bd  GPIOPinTypeADC                 
000070cf  GPIOPinTypeGPIOOutput          
000070e1  GPIOPinTypePWM                 
000070f3  GPIOPinTypeSSI                 
00007105  GPIOPinTypeUART                
0000724d  GPIOPinWrite                   
000067c1  IntEnable                      
000071c7  IntMasterDisable               
000071d1  IntMasterEnable                
00006ee5  IntPrioritySet                 
00006ebd  PWMGenConfigure                
000071db  PWMGenEnable                   
00007059  PWMGenPeriodSet                
00007017  PWMOutputState                 
00006f91  PWMPulseWidthSet               
000057a1  PWM_direction                  
00005779  PWM_duty                       
00003c99  RIT128x96x4Clear               
00003f17  RIT128x96x4Disable             
00004069  RIT128x96x4DisplayOff          
00004035  RIT128x96x4DisplayOn           
00003ebd  RIT128x96x4Enable              
00003e35  RIT128x96x4ImageDraw           
00003f91  RIT128x96x4Init                
00003cf5  RIT128x96x4StringDraw          
000071b1  ResetISR                       
UNDEFED   SHT$$INIT_ARRAY$$Base          
UNDEFED   SHT$$INIT_ARRAY$$Limit         
00007221  SSIBusy                        
00006bb5  SSIConfigSetExpClk             
00007117  SSIDataGetNonBlocking          
000071e5  SSIDataPut                     
000071ef  SSIDisable                     
000071f9  SSIEnable                      
00004e6d  SysCtlClockGet                 
00005809  SysCtlClockSet                 
00007253  SysCtlDelay                    
0000706d  SysCtlPWMClockSet              
00006941  SysCtlPeripheralEnable         
0000630d  SysCtlPeripheralReset          
000064f1  Timer0IntHandler               
000064fd  Timer1IntHandler               
00006f09  TimerConfigure                 
00007159  TimerEnable                    
0000725f  TimerIntClear                  
00007229  TimerIntEnable                 
00007129  TimerLoadSet                   
0000713b  UARTCharGetNonBlocking         
00007203  UARTCharPut                    
00007199  UARTCharsAvail                 
00006c3d  UARTConfigSetExpClk            
00006fb1  UARTDisable                    
00007081  UARTEnable                     
0000720d  UARTFIFOEnable                 
00007263  UARTIntClear                   
00007231  UARTIntEnable                  
00002e4d  UARTIntHandler                 
00007217  UARTIntStatus                  
00005561  UARTSend                       
20002800  UART_char_data                 
20002878  UART_char_data_old             
20003a27  __STACK_END                    
00000fff  __STACK_SIZE                   
20002b28  __STACK_TOP                    
00000fff  __SYSMEM_SIZE                  
00007860  __TI_CINIT_Base                
00007870  __TI_CINIT_Limit               
0000784c  __TI_Handler_Table_Base        
00007858  __TI_Handler_Table_Limit       
00006611  __TI_auto_init                 
20004a58  __TI_cleanup_ptr               
0000675b  __TI_decompress_lzss           
00007167  __TI_decompress_none           
20004a5c  __TI_dtors_ptr                 
20004a60  __TI_enable_exit_profile_output
ffffffff  __TI_pprof_out_hndl            
0000091d  __TI_printfi                   
ffffffff  __TI_prof_data_size            
ffffffff  __TI_prof_data_start           
00000000  __TI_static_base__             
000071a5  __TI_zero_init                 
00006395  __aeabi_cdcmpeq                
00006395  __aeabi_cdcmple                
0000641b  __aeabi_cdrcmple               
00006825  __aeabi_cfrcmple               
00006681  __aeabi_d2f                    
00006b29  __aeabi_d2iz                   
00006bf9  __aeabi_d2uiz                  
0000520b  __aeabi_dadd                   
0000594d  __aeabi_ddiv                   
00005ccd  __aeabi_dmul                   
00005201  __aeabi_dsub                   
00006cc1  __aeabi_f2d                    
00006cf9  __aeabi_f2iz                   
00006dd5  __aeabi_f2uiz                  
00005dcd  __aeabi_fadd                   
00006279  __aeabi_fdiv                   
0000651d  __aeabi_fmul                   
00005dc9  __aeabi_fsub                   
00006e65  __aeabi_i2d                    
00006d31  __aeabi_i2f                    
00006597  __aeabi_memclr                 
00006597  __aeabi_memclr4                
00006597  __aeabi_memclr8                
000061dd  __aeabi_memcpy                 
000061dd  __aeabi_memcpy4                
000061dd  __aeabi_memcpy8                
00006599  __aeabi_memset                 
00006599  __aeabi_memset4                
00006599  __aeabi_memset8                
00006f71  __aeabi_ui2d                   
00004c79  __aeabi_uldivmod               
ffffffff  __binit__                      
ffffffff  __c_args__                     
000011f3  __mpu_init                     
20002a28  __stack                        
00006fe9  _args_main                     
00006c81  _c_int00                       
00007450  _ctypes_                       
20004a70  _lock                          
000070a3  _nop                           
0000709b  _register_lock                 
00007095  _register_unlock               
20003a28  _sys_memory                    
00002e4b  _system_post_cinit             
00007267  _system_pre_init               
20004a74  _unlock                        
000069f5  abort                          
200029b8  acc_time                       
00002aab  accleration_screen             
00005481  analysis_speed                 
00007259  atof                           
00006a45  atoi                           
00006a91  atol                           
ffffffff  binit                          
0000443f  calloc                         
00002719  clearDisplay                   
00006add  copy_in                        
00007239  copysign                       
00007239  copysignl                      
00001e69  decode_GGA                     
0000225d  decode_RMC                     
00002c2b  display                        
000054c9  encoder_quad                   
000028e7  enter_fuel_display             
20004a84  errno                          
000069fd  exit                           
000056bd  find_dir                       
00004a55  fmod                           
00004a55  fmodl                          
0000418b  free                           
000068e5  frexp                          
000068e5  frexpl                         
00000000  g_pfnVectors                   
00004535  initADC                        
00004749  initCircBuf                    
000044a9  initClock                      
00004631  initConsole                    
0000452b  initDisplay                    
000044b3  initGPIO                       
00004575  initPWMchan                    
000044d7  initPin                        
000046a5  initTimer                      
0000478f  init_acc_time                  
00002835  init_password                  
00004773  init_set_speed_data            
00005c4f  invert_bool                    
00005c73  invert_button                  
00005fa9  ldexp                          
00005fa9  ldexpl                         
00006999  ltoa                           
00002e7d  main                           
20004a88  main_func_sp                   
00004711  main_init                      
00004121  malloc                         
00004355  memalign                       
00006fcd  memccpy                        
00006f2d  memcmp                         
000061dd  memcpy                         
0000659f  memset                         
000040a1  minit                          
000029c3  no_fix_screen                  
0000279f  password_display               
200029f0  period                         
00005045  pvPortMalloc                   
20004a28  pxCurrentTCB                   
00005ec5  pxPortInitialiseStack          
00002721  read_button_screen             
00005bb1  read_buttons                   
0000424d  realloc                        
0000446d  reset_peripheral               
0000292d  review_fuel_display            
00005619  run_adc                        
00005fa9  scalbn                         
00005fa9  scalbnl                        
000055a9  send_data                      
0000284d  set_speed_display              
000053b9  set_speed_func                 
000056e9  speed_feedback                 
00002675  split_data                     
00006885  sprintf                        
00003043  store_char                     
00005437  store_speed                    
0000702d  strchr                         
00007043  strcpy                         
000070a9  strlen                         
00006d69  strncpy                        
00006d9f  strstr                         
00004819  strtod                         
00004819  strtold                        
00003997  uxQueueMessagesWaiting         
000039ad  uxQueueMessagesWaitingFromISR  
0000187d  uxTaskGetNumberOfTasks         
00001485  uxTaskPriorityGet              
00003509  vApplicationIdleHook           
000034fd  vApplicationMallocFailedHook   
000034ff  vApplicationStackOverflowHook  
0000350b  vApplicationTickHook           
000033bf  vDisplayTask                   
000031d1  vEncoder                       
000034c9  vFakeGPS                       
00003349  vFilterSpeed                   
00005a83  vListInitialise                
00005ab3  vListInitialiseItem            
00005b07  vListInsert                    
00005ac3  vListInsertEnd                 
00005b6d  vListRemove                    
000032c1  vPWM                           
0000618d  vPortClearInterruptMask        
000061cb  vPortEnableVFP                 
00005f35  vPortEndScheduler              
00005f41  vPortEnterCritical             
00005f51  vPortExitCritical              
00005177  vPortFree                      
000051df  vPortInitialiseBlocks          
0000619b  vPortSVCHandler                
0000617f  vPortSetInterruptMask          
000061b9  vPortStartFirstTask            
00005f37  vPortYieldFromISR              
000039bf  vQueueDelete                   
00003181  vReadButtons                   
000030fd  vReadGPS                       
000030bb  vReadGPSchar                   
00001421  vTaskDelay                     
00001371  vTaskDelayUntil                
00001309  vTaskDelete                    
0000177d  vTaskEndScheduler              
0000188d  vTaskIncrementTick             
00001b91  vTaskMissedYield               
000019f5  vTaskPlaceOnEventList          
00001dd9  vTaskPriorityDisinherit        
00001d4d  vTaskPriorityInherit           
000014c1  vTaskPrioritySet               
00001651  vTaskResume                    
00001af3  vTaskSetTimeOutState           
00001733  vTaskStartScheduler            
000015a9  vTaskSuspend                   
0000178f  vTaskSuspendAll                
00001935  vTaskSwitchContext             
200029f4  xBinarySemaphoreEncoder_1      
200029f8  xBinarySemaphoreFilter         
200029fc  xBinarySemaphoreGPS            
20002a00  xBinarySemaphoreGPSchar        
20002a04  xEncoder_1                     
20002a08  xEncoder_raw_DATA              
20002a0c  xPWM_DATA                      
20002a10  xPWM_speed_DATA                
000051d9  xPortGetFreeHeapSize           
00006145  xPortPendSVHandler             
00005f0d  xPortStartScheduler            
00005f67  xPortSysTickHandler            
20002a14  xQueueBuffedSpeed              
20002a18  xQueueButtons                  
0000357d  xQueueCreate                   
0000368b  xQueueCreateCountingSemaphore  
00003623  xQueueCreateMutex              
20002a1c  xQueueGPSDATA                  
000037fb  xQueueGenericReceive           
000036a9  xQueueGenericSend              
00003791  xQueueGenericSendFromISR       
00003b39  xQueueIsQueueEmptyFromISR      
00003b73  xQueueIsQueueFullFromISR       
0000392f  xQueueReceiveFromISR           
20002a20  xQueueSpeed                    
00001b19  xTaskCheckForTimeOut           
000011f5  xTaskGenericCreate             
00001d39  xTaskGetCurrentTaskHandle      
00001869  xTaskGetTickCount              
00001601  xTaskIsTaskSuspended           
00001a75  xTaskRemoveFromEventList       
00001799  xTaskResumeAll                 
000016c1  xTaskResumeFromISR             
20002a24  xUART_GPS_DATA                 


GLOBAL SYMBOLS: SORTED BY Symbol Address 

address   name                           
-------   ----                           
00000000  __TI_static_base__             
00000000  g_pfnVectors                   
0000091d  __TI_printfi                   
00000fff  __STACK_SIZE                   
00000fff  __SYSMEM_SIZE                  
000011f3  __mpu_init                     
000011f5  xTaskGenericCreate             
00001309  vTaskDelete                    
00001371  vTaskDelayUntil                
00001421  vTaskDelay                     
00001485  uxTaskPriorityGet              
000014c1  vTaskPrioritySet               
000015a9  vTaskSuspend                   
00001601  xTaskIsTaskSuspended           
00001651  vTaskResume                    
000016c1  xTaskResumeFromISR             
00001733  vTaskStartScheduler            
0000177d  vTaskEndScheduler              
0000178f  vTaskSuspendAll                
00001799  xTaskResumeAll                 
00001869  xTaskGetTickCount              
0000187d  uxTaskGetNumberOfTasks         
0000188d  vTaskIncrementTick             
00001935  vTaskSwitchContext             
000019f5  vTaskPlaceOnEventList          
00001a75  xTaskRemoveFromEventList       
00001af3  vTaskSetTimeOutState           
00001b19  xTaskCheckForTimeOut           
00001b91  vTaskMissedYield               
00001d39  xTaskGetCurrentTaskHandle      
00001d4d  vTaskPriorityInherit           
00001dd9  vTaskPriorityDisinherit        
00001e69  decode_GGA                     
0000225d  decode_RMC                     
00002675  split_data                     
00002719  clearDisplay                   
00002721  read_button_screen             
0000279f  password_display               
00002835  init_password                  
0000284d  set_speed_display              
000028e7  enter_fuel_display             
0000292d  review_fuel_display            
000029c3  no_fix_screen                  
00002aab  accleration_screen             
00002c2b  display                        
00002e4b  _system_post_cinit             
00002e4d  UARTIntHandler                 
00002e7d  main                           
00003043  store_char                     
000030bb  vReadGPSchar                   
000030fd  vReadGPS                       
00003181  vReadButtons                   
000031d1  vEncoder                       
000032c1  vPWM                           
00003349  vFilterSpeed                   
000033bf  vDisplayTask                   
000034c9  vFakeGPS                       
000034fd  vApplicationMallocFailedHook   
000034ff  vApplicationStackOverflowHook  
00003509  vApplicationIdleHook           
0000350b  vApplicationTickHook           
0000357d  xQueueCreate                   
00003623  xQueueCreateMutex              
0000368b  xQueueCreateCountingSemaphore  
000036a9  xQueueGenericSend              
00003791  xQueueGenericSendFromISR       
000037fb  xQueueGenericReceive           
0000392f  xQueueReceiveFromISR           
00003997  uxQueueMessagesWaiting         
000039ad  uxQueueMessagesWaitingFromISR  
000039bf  vQueueDelete                   
00003b39  xQueueIsQueueEmptyFromISR      
00003b73  xQueueIsQueueFullFromISR       
00003c99  RIT128x96x4Clear               
00003cf5  RIT128x96x4StringDraw          
00003e35  RIT128x96x4ImageDraw           
00003ebd  RIT128x96x4Enable              
00003f17  RIT128x96x4Disable             
00003f91  RIT128x96x4Init                
00004035  RIT128x96x4DisplayOn           
00004069  RIT128x96x4DisplayOff          
000040a1  minit                          
00004121  malloc                         
0000418b  free                           
0000424d  realloc                        
00004355  memalign                       
0000443f  calloc                         
0000446d  reset_peripheral               
000044a9  initClock                      
000044b3  initGPIO                       
000044d7  initPin                        
0000452b  initDisplay                    
00004535  initADC                        
00004575  initPWMchan                    
00004631  initConsole                    
000046a5  initTimer                      
00004711  main_init                      
00004749  initCircBuf                    
00004773  init_set_speed_data            
0000478f  init_acc_time                  
00004819  strtod                         
00004819  strtold                        
00004a55  fmod                           
00004a55  fmodl                          
00004c79  __aeabi_uldivmod               
00004e6d  SysCtlClockGet                 
00005045  pvPortMalloc                   
00005177  vPortFree                      
000051d9  xPortGetFreeHeapSize           
000051df  vPortInitialiseBlocks          
00005201  __aeabi_dsub                   
0000520b  __aeabi_dadd                   
000053b9  set_speed_func                 
00005437  store_speed                    
00005481  analysis_speed                 
000054c9  encoder_quad                   
00005561  UARTSend                       
000055a9  send_data                      
00005619  run_adc                        
000056bd  find_dir                       
000056e9  speed_feedback                 
00005779  PWM_duty                       
000057a1  PWM_direction                  
00005809  SysCtlClockSet                 
0000594d  __aeabi_ddiv                   
00005a83  vListInitialise                
00005ab3  vListInitialiseItem            
00005ac3  vListInsertEnd                 
00005b07  vListInsert                    
00005b6d  vListRemove                    
00005bb1  read_buttons                   
00005c4f  invert_bool                    
00005c73  invert_button                  
00005ccd  __aeabi_dmul                   
00005dc9  __aeabi_fsub                   
00005dcd  __aeabi_fadd                   
00005ec5  pxPortInitialiseStack          
00005f0d  xPortStartScheduler            
00005f35  vPortEndScheduler              
00005f37  vPortYieldFromISR              
00005f41  vPortEnterCritical             
00005f51  vPortExitCritical              
00005f67  xPortSysTickHandler            
00005fa9  ldexp                          
00005fa9  ldexpl                         
00005fa9  scalbn                         
00005fa9  scalbnl                        
00006079  GPIOPadConfigSet               
00006145  xPortPendSVHandler             
0000617f  vPortSetInterruptMask          
0000618d  vPortClearInterruptMask        
0000619b  vPortSVCHandler                
000061b9  vPortStartFirstTask            
000061cb  vPortEnableVFP                 
000061dd  __aeabi_memcpy                 
000061dd  __aeabi_memcpy4                
000061dd  __aeabi_memcpy8                
000061dd  memcpy                         
00006279  __aeabi_fdiv                   
0000630d  SysCtlPeripheralReset          
00006395  __aeabi_cdcmpeq                
00006395  __aeabi_cdcmple                
0000641b  __aeabi_cdrcmple               
000064a1  EncoderINT                     
000064f1  Timer0IntHandler               
000064fd  Timer1IntHandler               
0000651d  __aeabi_fmul                   
00006597  __aeabi_memclr                 
00006597  __aeabi_memclr4                
00006597  __aeabi_memclr8                
00006599  __aeabi_memset                 
00006599  __aeabi_memset4                
00006599  __aeabi_memset8                
0000659f  memset                         
00006611  __TI_auto_init                 
00006681  __aeabi_d2f                    
000066ef  ADCSequenceStepConfigure       
0000675b  __TI_decompress_lzss           
000067c1  IntEnable                      
00006825  __aeabi_cfrcmple               
00006885  sprintf                        
000068e5  frexp                          
000068e5  frexpl                         
00006941  SysCtlPeripheralEnable         
00006999  ltoa                           
000069f1  C$$EXIT                        
000069f5  abort                          
000069fd  exit                           
00006a45  atoi                           
00006a91  atol                           
00006add  copy_in                        
00006b29  __aeabi_d2iz                   
00006b71  GPIOIntTypeSet                 
00006bb5  SSIConfigSetExpClk             
00006bf9  __aeabi_d2uiz                  
00006c3d  UARTConfigSetExpClk            
00006c81  _c_int00                       
00006cc1  __aeabi_f2d                    
00006cf9  __aeabi_f2iz                   
00006d31  __aeabi_i2f                    
00006d69  strncpy                        
00006d9f  strstr                         
00006dd5  __aeabi_f2uiz                  
00006e09  ADCIntStatus                   
00006e37  GPIODirModeSet                 
00006e65  __aeabi_i2d                    
00006e93  ADCSequenceConfigure           
00006ebd  PWMGenConfigure                
00006ee5  IntPrioritySet                 
00006f09  TimerConfigure                 
00006f2d  memcmp                         
00006f51  ADCSequenceDataGet             
00006f71  __aeabi_ui2d                   
00006f91  PWMPulseWidthSet               
00006fb1  UARTDisable                    
00006fcd  memccpy                        
00006fe9  _args_main                     
00007001  ADCProcessorTrigger            
00007017  PWMOutputState                 
0000702d  strchr                         
00007043  strcpy                         
00007059  PWMGenPeriodSet                
0000706d  SysCtlPWMClockSet              
00007081  UARTEnable                     
00007095  _register_unlock               
0000709b  _register_lock                 
000070a3  _nop                           
000070a9  strlen                         
000070bd  GPIOPinTypeADC                 
000070cf  GPIOPinTypeGPIOOutput          
000070e1  GPIOPinTypePWM                 
000070f3  GPIOPinTypeSSI                 
00007105  GPIOPinTypeUART                
00007117  SSIDataGetNonBlocking          
00007129  TimerLoadSet                   
0000713b  UARTCharGetNonBlocking         
0000714b  ADCSequenceEnable              
00007159  TimerEnable                    
00007167  __TI_decompress_none           
00007175  CPUcpsid                       
00007181  CPUcpsie                       
0000718d  GPIOPinIntEnable               
00007199  UARTCharsAvail                 
000071a5  __TI_zero_init                 
000071b1  ResetISR                       
000071bd  ADCIntClear                    
000071c7  IntMasterDisable               
000071d1  IntMasterEnable                
000071db  PWMGenEnable                   
000071e5  SSIDataPut                     
000071ef  SSIDisable                     
000071f9  SSIEnable                      
00007203  UARTCharPut                    
0000720d  UARTFIFOEnable                 
00007217  UARTIntStatus                  
00007221  SSIBusy                        
00007229  TimerIntEnable                 
00007231  UARTIntEnable                  
00007239  copysign                       
00007239  copysignl                      
00007241  GPIOPinIntClear                
00007247  GPIOPinRead                    
0000724d  GPIOPinWrite                   
00007253  SysCtlDelay                    
00007259  atof                           
0000725f  TimerIntClear                  
00007263  UARTIntClear                   
00007267  _system_pre_init               
00007450  _ctypes_                       
0000784c  __TI_Handler_Table_Base        
00007858  __TI_Handler_Table_Limit       
00007860  __TI_CINIT_Base                
00007870  __TI_CINIT_Limit               
20002800  UART_char_data                 
20002878  UART_char_data_old             
200029b8  acc_time                       
200029f0  period                         
200029f4  xBinarySemaphoreEncoder_1      
200029f8  xBinarySemaphoreFilter         
200029fc  xBinarySemaphoreGPS            
20002a00  xBinarySemaphoreGPSchar        
20002a04  xEncoder_1                     
20002a08  xEncoder_raw_DATA              
20002a0c  xPWM_DATA                      
20002a10  xPWM_speed_DATA                
20002a14  xQueueBuffedSpeed              
20002a18  xQueueButtons                  
20002a1c  xQueueGPSDATA                  
20002a20  xQueueSpeed                    
20002a24  xUART_GPS_DATA                 
20002a28  __stack                        
20002b28  __STACK_TOP                    
20003a27  __STACK_END                    
20003a28  _sys_memory                    
20004a28  pxCurrentTCB                   
20004a58  __TI_cleanup_ptr               
20004a5c  __TI_dtors_ptr                 
20004a60  __TI_enable_exit_profile_output
20004a70  _lock                          
20004a74  _unlock                        
20004a84  errno                          
20004a88  main_func_sp                   
ffffffff  __TI_pprof_out_hndl            
ffffffff  __TI_prof_data_size            
ffffffff  __TI_prof_data_start           
ffffffff  __binit__                      
ffffffff  __c_args__                     
ffffffff  binit                          
UNDEFED   SHT$$INIT_ARRAY$$Base          
UNDEFED   SHT$$INIT_ARRAY$$Limit         

[310 symbols]
